::1 - - [02/Aug/2024:21:44:33 +0000] "GET /profiles/followers HTTP/1.1" 304 - "http://localhost:4200/" "Mozilla/5.0 (iPhone; CPU iPhone OS 16_6 like Mac OS X) AppleWebKit/605.1.15 (KHTML, like Gecko) Version/16.6 Mobile/15E148 Safari/604.1"
::1 - - [02/Aug/2024:21:44:33 +0000] "GET /profiles/friends?friendStatus=requesting HTTP/1.1" 304 - "http://localhost:4200/" "Mozilla/5.0 (iPhone; CPU iPhone OS 16_6 like Mac OS X) AppleWebKit/605.1.15 (KHTML, like Gecko) Version/16.6 Mobile/15E148 Safari/604.1"
::1 - - [02/Aug/2024:21:44:33 +0000] "GET /shopping/lists HTTP/1.1" 304 - "http://localhost:4200/" "Mozilla/5.0 (iPhone; CPU iPhone OS 16_6 like Mac OS X) AppleWebKit/605.1.15 (KHTML, like Gecko) Version/16.6 Mobile/15E148 Safari/604.1"
::1 - - [02/Aug/2024:21:44:33 +0000] "GET /shopping/lists/shared HTTP/1.1" 304 - "http://localhost:4200/" "Mozilla/5.0 (iPhone; CPU iPhone OS 16_6 like Mac OS X) AppleWebKit/605.1.15 (KHTML, like Gecko) Version/16.6 Mobile/15E148 Safari/604.1"
::1 - - [02/Aug/2024:21:44:33 +0000] "GET /profiles/friends?friendStatus=confirmed HTTP/1.1" 304 - "http://localhost:4200/" "Mozilla/5.0 (iPhone; CPU iPhone OS 16_6 like Mac OS X) AppleWebKit/605.1.15 (KHTML, like Gecko) Version/16.6 Mobile/15E148 Safari/604.1"
::1 - - [02/Aug/2024:21:44:33 +0000] "GET /shopping/listRecipes HTTP/1.1" 304 - "http://localhost:4200/" "Mozilla/5.0 (iPhone; CPU iPhone OS 16_6 like Mac OS X) AppleWebKit/605.1.15 (KHTML, like Gecko) Version/16.6 Mobile/15E148 Safari/604.1"
::ffff:127.0.0.1 - - [02/Aug/2024:21:44:33 +0000] "GET /profiles?userID=a525810e-5531-4f97-95a4-39a082f7416b HTTP/1.1" 200 87104 "-" "axios/1.4.0"
::1 - - [02/Aug/2024:21:44:33 +0000] "GET /recipes/subscriptions HTTP/1.1" 304 - "http://localhost:4200/" "Mozilla/5.0 (iPhone; CPU iPhone OS 16_6 like Mac OS X) AppleWebKit/605.1.15 (KHTML, like Gecko) Version/16.6 Mobile/15E148 Safari/604.1"
::1 - - [02/Aug/2024:21:44:33 +0000] "POST /profiles/loaded/ade96f70-4ec5-4ab9-adfe-0645b16e1ced HTTP/1.1" 200 - "http://localhost:4200/" "Mozilla/5.0 (iPhone; CPU iPhone OS 16_6 like Mac OS X) AppleWebKit/605.1.15 (KHTML, like Gecko) Version/16.6 Mobile/15E148 Safari/604.1"
::ffff:127.0.0.1 - - [02/Aug/2024:21:44:34 +0000] "POST /logs/user HTTP/1.1" 200 30 "-" "axios/1.4.0"
::1 - - [02/Aug/2024:21:44:37 +0000] "GET /profiles/search?searchQuery=josh HTTP/1.1" 304 - "http://localhost:4200/" "Mozilla/5.0 (iPhone; CPU iPhone OS 16_6 like Mac OS X) AppleWebKit/605.1.15 (KHTML, like Gecko) Version/16.6 Mobile/15E148 Safari/604.1"
::1 - - [02/Aug/2024:21:45:20 +0000] "GET /ingredients HTTP/1.1" 304 - "http://localhost:4200/" "Mozilla/5.0 (iPhone; CPU iPhone OS 16_6 like Mac OS X) AppleWebKit/605.1.15 (KHTML, like Gecko) Version/16.6 Mobile/15E148 Safari/604.1"
::1 - - [02/Aug/2024:21:45:21 +0000] "GET /tools HTTP/1.1" 304 - "http://localhost:4200/" "Mozilla/5.0 (iPhone; CPU iPhone OS 16_6 like Mac OS X) AppleWebKit/605.1.15 (KHTML, like Gecko) Version/16.6 Mobile/15E148 Safari/604.1"
::1 - - [02/Aug/2024:21:45:21 +0000] "GET /toolStocks HTTP/1.1" 304 - "http://localhost:4200/" "Mozilla/5.0 (iPhone; CPU iPhone OS 16_6 like Mac OS X) AppleWebKit/605.1.15 (KHTML, like Gecko) Version/16.6 Mobile/15E148 Safari/604.1"
::1 - - [02/Aug/2024:21:45:21 +0000] "GET /ingredientStocks HTTP/1.1" 304 - "http://localhost:4200/" "Mozilla/5.0 (iPhone; CPU iPhone OS 16_6 like Mac OS X) AppleWebKit/605.1.15 (KHTML, like Gecko) Version/16.6 Mobile/15E148 Safari/604.1"
::1 - - [02/Aug/2024:21:45:21 +0000] "GET /recipes HTTP/1.1" 304 - "http://localhost:4200/" "Mozilla/5.0 (iPhone; CPU iPhone OS 16_6 like Mac OS X) AppleWebKit/605.1.15 (KHTML, like Gecko) Version/16.6 Mobile/15E148 Safari/604.1"
::1 - - [02/Aug/2024:21:45:21 +0000] "GET /recipes/discover HTTP/1.1" 304 - "http://localhost:4200/" "Mozilla/5.0 (iPhone; CPU iPhone OS 16_6 like Mac OS X) AppleWebKit/605.1.15 (KHTML, like Gecko) Version/16.6 Mobile/15E148 Safari/604.1"
::1 - - [02/Aug/2024:21:45:21 +0000] "GET /tools/recipe HTTP/1.1" 304 - "http://localhost:4200/" "Mozilla/5.0 (iPhone; CPU iPhone OS 16_6 like Mac OS X) AppleWebKit/605.1.15 (KHTML, like Gecko) Version/16.6 Mobile/15E148 Safari/604.1"
::1 - - [02/Aug/2024:21:45:21 +0000] "GET /recipes/categories HTTP/1.1" 304 - "http://localhost:4200/" "Mozilla/5.0 (iPhone; CPU iPhone OS 16_6 like Mac OS X) AppleWebKit/605.1.15 (KHTML, like Gecko) Version/16.6 Mobile/15E148 Safari/604.1"
::1 - - [02/Aug/2024:21:45:21 +0000] "GET /ingredients/recipe HTTP/1.1" 304 - "http://localhost:4200/" "Mozilla/5.0 (iPhone; CPU iPhone OS 16_6 like Mac OS X) AppleWebKit/605.1.15 (KHTML, like Gecko) Version/16.6 Mobile/15E148 Safari/604.1"
::ffff:127.0.0.1 - - [02/Aug/2024:21:45:21 +0000] "GET /recipes/1124022400010007 HTTP/1.1" 200 516 "-" "axios/1.4.0"
::1 - - [02/Aug/2024:21:45:21 +0000] "GET /steps/recipe HTTP/1.1" 304 - "http://localhost:4200/" "Mozilla/5.0 (iPhone; CPU iPhone OS 16_6 like Mac OS X) AppleWebKit/605.1.15 (KHTML, like Gecko) Version/16.6 Mobile/15E148 Safari/604.1"
::1 - - [02/Aug/2024:21:45:21 +0000] "GET /steps HTTP/1.1" 304 - "http://localhost:4200/" "Mozilla/5.0 (iPhone; CPU iPhone OS 16_6 like Mac OS X) AppleWebKit/605.1.15 (KHTML, like Gecko) Version/16.6 Mobile/15E148 Safari/604.1"
::1 - - [02/Aug/2024:21:45:21 +0000] "GET /persons/friendships HTTP/1.1" 304 - "http://localhost:4200/" "Mozilla/5.0 (iPhone; CPU iPhone OS 16_6 like Mac OS X) AppleWebKit/605.1.15 (KHTML, like Gecko) Version/16.6 Mobile/15E148 Safari/604.1"
::1 - - [02/Aug/2024:21:45:21 +0000] "GET /persons/followships HTTP/1.1" 304 - "http://localhost:4200/" "Mozilla/5.0 (iPhone; CPU iPhone OS 16_6 like Mac OS X) AppleWebKit/605.1.15 (KHTML, like Gecko) Version/16.6 Mobile/15E148 Safari/604.1"
::1 - - [02/Aug/2024:21:45:21 +0000] "GET /persons/followships/followers HTTP/1.1" 304 - "http://localhost:4200/" "Mozilla/5.0 (iPhone; CPU iPhone OS 16_6 like Mac OS X) AppleWebKit/605.1.15 (KHTML, like Gecko) Version/16.6 Mobile/15E148 Safari/604.1"
::ffff:127.0.0.1 - - [02/Aug/2024:21:45:21 +0000] "GET /profiles?userID=a525810e-5531-4f97-95a4-39a082f7416b HTTP/1.1" 200 87104 "-" "axios/1.4.0"
::1 - - [02/Aug/2024:21:45:21 +0000] "GET /messages HTTP/1.1" 304 - "http://localhost:4200/" "Mozilla/5.0 (iPhone; CPU iPhone OS 16_6 like Mac OS X) AppleWebKit/605.1.15 (KHTML, like Gecko) Version/16.6 Mobile/15E148 Safari/604.1"
::1 - - [02/Aug/2024:21:45:21 +0000] "GET /profiles/ HTTP/1.1" 304 - "http://localhost:4200/" "Mozilla/5.0 (iPhone; CPU iPhone OS 16_6 like Mac OS X) AppleWebKit/605.1.15 (KHTML, like Gecko) Version/16.6 Mobile/15E148 Safari/604.1"
::ffff:127.0.0.1 - - [02/Aug/2024:21:45:21 +0000] "GET /recipes/1124031400010017 HTTP/1.1" 200 517 "-" "axios/1.4.0"
::1 - - [02/Aug/2024:21:45:21 +0000] "GET /profiles/following HTTP/1.1" 304 - "http://localhost:4200/" "Mozilla/5.0 (iPhone; CPU iPhone OS 16_6 like Mac OS X) AppleWebKit/605.1.15 (KHTML, like Gecko) Version/16.6 Mobile/15E148 Safari/604.1"
::1 - - [02/Aug/2024:21:45:21 +0000] "GET /profiles/followers HTTP/1.1" 304 - "http://localhost:4200/" "Mozilla/5.0 (iPhone; CPU iPhone OS 16_6 like Mac OS X) AppleWebKit/605.1.15 (KHTML, like Gecko) Version/16.6 Mobile/15E148 Safari/604.1"
::1 - - [02/Aug/2024:21:45:21 +0000] "GET /profiles/friends?friendStatus=receivedRequest HTTP/1.1" 304 - "http://localhost:4200/" "Mozilla/5.0 (iPhone; CPU iPhone OS 16_6 like Mac OS X) AppleWebKit/605.1.15 (KHTML, like Gecko) Version/16.6 Mobile/15E148 Safari/604.1"
::1 - - [02/Aug/2024:21:45:21 +0000] "GET /profiles/friends?friendStatus=requesting HTTP/1.1" 304 - "http://localhost:4200/" "Mozilla/5.0 (iPhone; CPU iPhone OS 16_6 like Mac OS X) AppleWebKit/605.1.15 (KHTML, like Gecko) Version/16.6 Mobile/15E148 Safari/604.1"
::1 - - [02/Aug/2024:21:45:22 +0000] "GET /shopping/lists HTTP/1.1" 304 - "http://localhost:4200/" "Mozilla/5.0 (iPhone; CPU iPhone OS 16_6 like Mac OS X) AppleWebKit/605.1.15 (KHTML, like Gecko) Version/16.6 Mobile/15E148 Safari/604.1"
::1 - - [02/Aug/2024:21:45:22 +0000] "GET /shopping/listRecipes HTTP/1.1" 304 - "http://localhost:4200/" "Mozilla/5.0 (iPhone; CPU iPhone OS 16_6 like Mac OS X) AppleWebKit/605.1.15 (KHTML, like Gecko) Version/16.6 Mobile/15E148 Safari/604.1"
::1 - - [02/Aug/2024:21:45:22 +0000] "GET /shopping/lists/shared HTTP/1.1" 304 - "http://localhost:4200/" "Mozilla/5.0 (iPhone; CPU iPhone OS 16_6 like Mac OS X) AppleWebKit/605.1.15 (KHTML, like Gecko) Version/16.6 Mobile/15E148 Safari/604.1"
::1 - - [02/Aug/2024:21:45:22 +0000] "GET /profiles/friends?friendStatus=confirmed HTTP/1.1" 304 - "http://localhost:4200/" "Mozilla/5.0 (iPhone; CPU iPhone OS 16_6 like Mac OS X) AppleWebKit/605.1.15 (KHTML, like Gecko) Version/16.6 Mobile/15E148 Safari/604.1"
::ffff:127.0.0.1 - - [02/Aug/2024:21:45:22 +0000] "GET /profiles?userID=a525810e-5531-4f97-95a4-39a082f7416b HTTP/1.1" 200 87104 "-" "axios/1.4.0"
::1 - - [02/Aug/2024:21:45:22 +0000] "GET /recipes/subscriptions HTTP/1.1" 304 - "http://localhost:4200/" "Mozilla/5.0 (iPhone; CPU iPhone OS 16_6 like Mac OS X) AppleWebKit/605.1.15 (KHTML, like Gecko) Version/16.6 Mobile/15E148 Safari/604.1"
::1 - - [02/Aug/2024:21:45:22 +0000] "POST /profiles/loaded/ade96f70-4ec5-4ab9-adfe-0645b16e1ced HTTP/1.1" 200 - "http://localhost:4200/" "Mozilla/5.0 (iPhone; CPU iPhone OS 16_6 like Mac OS X) AppleWebKit/605.1.15 (KHTML, like Gecko) Version/16.6 Mobile/15E148 Safari/604.1"
::ffff:127.0.0.1 - - [02/Aug/2024:21:45:22 +0000] "POST /logs/user HTTP/1.1" 200 30 "-" "axios/1.4.0"
::1 - - [02/Aug/2024:21:45:27 +0000] "GET /profiles/search?searchQuery=josh HTTP/1.1" 304 - "http://localhost:4200/" "Mozilla/5.0 (iPhone; CPU iPhone OS 16_6 like Mac OS X) AppleWebKit/605.1.15 (KHTML, like Gecko) Version/16.6 Mobile/15E148 Safari/604.1"
::1 - - [02/Aug/2024:21:46:49 +0000] "GET /ingredientStocks HTTP/1.1" 304 - "http://localhost:4200/" "Mozilla/5.0 (iPhone; CPU iPhone OS 16_6 like Mac OS X) AppleWebKit/605.1.15 (KHTML, like Gecko) Version/16.6 Mobile/15E148 Safari/604.1"
::1 - - [02/Aug/2024:21:46:49 +0000] "GET /ingredients HTTP/1.1" 304 - "http://localhost:4200/" "Mozilla/5.0 (iPhone; CPU iPhone OS 16_6 like Mac OS X) AppleWebKit/605.1.15 (KHTML, like Gecko) Version/16.6 Mobile/15E148 Safari/604.1"
::1 - - [02/Aug/2024:21:46:49 +0000] "GET /tools HTTP/1.1" 304 - "http://localhost:4200/" "Mozilla/5.0 (iPhone; CPU iPhone OS 16_6 like Mac OS X) AppleWebKit/605.1.15 (KHTML, like Gecko) Version/16.6 Mobile/15E148 Safari/604.1"
::1 - - [02/Aug/2024:21:46:49 +0000] "GET /toolStocks HTTP/1.1" 304 - "http://localhost:4200/" "Mozilla/5.0 (iPhone; CPU iPhone OS 16_6 like Mac OS X) AppleWebKit/605.1.15 (KHTML, like Gecko) Version/16.6 Mobile/15E148 Safari/604.1"
::1 - - [02/Aug/2024:21:46:49 +0000] "GET /recipes HTTP/1.1" 304 - "http://localhost:4200/" "Mozilla/5.0 (iPhone; CPU iPhone OS 16_6 like Mac OS X) AppleWebKit/605.1.15 (KHTML, like Gecko) Version/16.6 Mobile/15E148 Safari/604.1"
::1 - - [02/Aug/2024:21:46:49 +0000] "GET /recipes/categories HTTP/1.1" 304 - "http://localhost:4200/" "Mozilla/5.0 (iPhone; CPU iPhone OS 16_6 like Mac OS X) AppleWebKit/605.1.15 (KHTML, like Gecko) Version/16.6 Mobile/15E148 Safari/604.1"
::1 - - [02/Aug/2024:21:46:49 +0000] "GET /recipes/discover HTTP/1.1" 304 - "http://localhost:4200/" "Mozilla/5.0 (iPhone; CPU iPhone OS 16_6 like Mac OS X) AppleWebKit/605.1.15 (KHTML, like Gecko) Version/16.6 Mobile/15E148 Safari/604.1"
::1 - - [02/Aug/2024:21:46:49 +0000] "GET /tools/recipe HTTP/1.1" 304 - "http://localhost:4200/" "Mozilla/5.0 (iPhone; CPU iPhone OS 16_6 like Mac OS X) AppleWebKit/605.1.15 (KHTML, like Gecko) Version/16.6 Mobile/15E148 Safari/604.1"
::1 - - [02/Aug/2024:21:46:49 +0000] "GET /ingredients/recipe HTTP/1.1" 304 - "http://localhost:4200/" "Mozilla/5.0 (iPhone; CPU iPhone OS 16_6 like Mac OS X) AppleWebKit/605.1.15 (KHTML, like Gecko) Version/16.6 Mobile/15E148 Safari/604.1"
::ffff:127.0.0.1 - - [02/Aug/2024:21:46:49 +0000] "GET /recipes/1124022400010007 HTTP/1.1" 200 516 "-" "axios/1.4.0"
::1 - - [02/Aug/2024:21:46:49 +0000] "GET /steps/recipe HTTP/1.1" 304 - "http://localhost:4200/" "Mozilla/5.0 (iPhone; CPU iPhone OS 16_6 like Mac OS X) AppleWebKit/605.1.15 (KHTML, like Gecko) Version/16.6 Mobile/15E148 Safari/604.1"
::1 - - [02/Aug/2024:21:46:49 +0000] "GET /steps HTTP/1.1" 304 - "http://localhost:4200/" "Mozilla/5.0 (iPhone; CPU iPhone OS 16_6 like Mac OS X) AppleWebKit/605.1.15 (KHTML, like Gecko) Version/16.6 Mobile/15E148 Safari/604.1"
::1 - - [02/Aug/2024:21:46:49 +0000] "GET /persons/friendships HTTP/1.1" 304 - "http://localhost:4200/" "Mozilla/5.0 (iPhone; CPU iPhone OS 16_6 like Mac OS X) AppleWebKit/605.1.15 (KHTML, like Gecko) Version/16.6 Mobile/15E148 Safari/604.1"
::1 - - [02/Aug/2024:21:46:49 +0000] "GET /persons/followships HTTP/1.1" 304 - "http://localhost:4200/" "Mozilla/5.0 (iPhone; CPU iPhone OS 16_6 like Mac OS X) AppleWebKit/605.1.15 (KHTML, like Gecko) Version/16.6 Mobile/15E148 Safari/604.1"
::1 - - [02/Aug/2024:21:46:49 +0000] "GET /persons/followships/followers HTTP/1.1" 304 - "http://localhost:4200/" "Mozilla/5.0 (iPhone; CPU iPhone OS 16_6 like Mac OS X) AppleWebKit/605.1.15 (KHTML, like Gecko) Version/16.6 Mobile/15E148 Safari/604.1"
::ffff:127.0.0.1 - - [02/Aug/2024:21:46:50 +0000] "GET /profiles?userID=a525810e-5531-4f97-95a4-39a082f7416b HTTP/1.1" 200 87104 "-" "axios/1.4.0"
::ffff:127.0.0.1 - - [02/Aug/2024:21:46:50 +0000] "GET /recipes/1124031400010017 HTTP/1.1" 200 517 "-" "axios/1.4.0"
::1 - - [02/Aug/2024:21:46:50 +0000] "GET /profiles/ HTTP/1.1" 304 - "http://localhost:4200/" "Mozilla/5.0 (iPhone; CPU iPhone OS 16_6 like Mac OS X) AppleWebKit/605.1.15 (KHTML, like Gecko) Version/16.6 Mobile/15E148 Safari/604.1"
::1 - - [02/Aug/2024:21:46:50 +0000] "GET /profiles/following HTTP/1.1" 304 - "http://localhost:4200/" "Mozilla/5.0 (iPhone; CPU iPhone OS 16_6 like Mac OS X) AppleWebKit/605.1.15 (KHTML, like Gecko) Version/16.6 Mobile/15E148 Safari/604.1"
::1 - - [02/Aug/2024:21:46:50 +0000] "GET /profiles/followers HTTP/1.1" 304 - "http://localhost:4200/" "Mozilla/5.0 (iPhone; CPU iPhone OS 16_6 like Mac OS X) AppleWebKit/605.1.15 (KHTML, like Gecko) Version/16.6 Mobile/15E148 Safari/604.1"
::1 - - [02/Aug/2024:21:46:50 +0000] "GET /messages HTTP/1.1" 304 - "http://localhost:4200/" "Mozilla/5.0 (iPhone; CPU iPhone OS 16_6 like Mac OS X) AppleWebKit/605.1.15 (KHTML, like Gecko) Version/16.6 Mobile/15E148 Safari/604.1"
::1 - - [02/Aug/2024:21:46:50 +0000] "GET /profiles/friends?friendStatus=receivedRequest HTTP/1.1" 304 - "http://localhost:4200/" "Mozilla/5.0 (iPhone; CPU iPhone OS 16_6 like Mac OS X) AppleWebKit/605.1.15 (KHTML, like Gecko) Version/16.6 Mobile/15E148 Safari/604.1"
::1 - - [02/Aug/2024:21:46:50 +0000] "GET /profiles/friends?friendStatus=requesting HTTP/1.1" 304 - "http://localhost:4200/" "Mozilla/5.0 (iPhone; CPU iPhone OS 16_6 like Mac OS X) AppleWebKit/605.1.15 (KHTML, like Gecko) Version/16.6 Mobile/15E148 Safari/604.1"
::1 - - [02/Aug/2024:21:46:50 +0000] "GET /shopping/lists HTTP/1.1" 304 - "http://localhost:4200/" "Mozilla/5.0 (iPhone; CPU iPhone OS 16_6 like Mac OS X) AppleWebKit/605.1.15 (KHTML, like Gecko) Version/16.6 Mobile/15E148 Safari/604.1"
::1 - - [02/Aug/2024:21:46:50 +0000] "GET /profiles/friends?friendStatus=confirmed HTTP/1.1" 304 - "http://localhost:4200/" "Mozilla/5.0 (iPhone; CPU iPhone OS 16_6 like Mac OS X) AppleWebKit/605.1.15 (KHTML, like Gecko) Version/16.6 Mobile/15E148 Safari/604.1"
::1 - - [02/Aug/2024:21:46:50 +0000] "GET /shopping/lists/shared HTTP/1.1" 304 - "http://localhost:4200/" "Mozilla/5.0 (iPhone; CPU iPhone OS 16_6 like Mac OS X) AppleWebKit/605.1.15 (KHTML, like Gecko) Version/16.6 Mobile/15E148 Safari/604.1"
::1 - - [02/Aug/2024:21:46:50 +0000] "GET /shopping/listRecipes HTTP/1.1" 304 - "http://localhost:4200/" "Mozilla/5.0 (iPhone; CPU iPhone OS 16_6 like Mac OS X) AppleWebKit/605.1.15 (KHTML, like Gecko) Version/16.6 Mobile/15E148 Safari/604.1"
::ffff:127.0.0.1 - - [02/Aug/2024:21:46:50 +0000] "GET /profiles?userID=a525810e-5531-4f97-95a4-39a082f7416b HTTP/1.1" 200 87104 "-" "axios/1.4.0"
::1 - - [02/Aug/2024:21:46:50 +0000] "GET /recipes/subscriptions HTTP/1.1" 304 - "http://localhost:4200/" "Mozilla/5.0 (iPhone; CPU iPhone OS 16_6 like Mac OS X) AppleWebKit/605.1.15 (KHTML, like Gecko) Version/16.6 Mobile/15E148 Safari/604.1"
::1 - - [02/Aug/2024:21:46:51 +0000] "POST /profiles/loaded/ade96f70-4ec5-4ab9-adfe-0645b16e1ced HTTP/1.1" 200 - "http://localhost:4200/" "Mozilla/5.0 (iPhone; CPU iPhone OS 16_6 like Mac OS X) AppleWebKit/605.1.15 (KHTML, like Gecko) Version/16.6 Mobile/15E148 Safari/604.1"
::ffff:127.0.0.1 - - [02/Aug/2024:21:46:51 +0000] "POST /logs/user HTTP/1.1" 200 30 "-" "axios/1.4.0"
::1 - - [02/Aug/2024:21:46:57 +0000] "GET /profiles/search?searchQuery=josh HTTP/1.1" 200 4561 "http://localhost:4200/" "Mozilla/5.0 (iPhone; CPU iPhone OS 16_6 like Mac OS X) AppleWebKit/605.1.15 (KHTML, like Gecko) Version/16.6 Mobile/15E148 Safari/604.1"
::1 - - [02/Aug/2024:21:47:17 +0000] "GET /ingredients HTTP/1.1" 304 - "http://localhost:4200/" "Mozilla/5.0 (iPhone; CPU iPhone OS 16_6 like Mac OS X) AppleWebKit/605.1.15 (KHTML, like Gecko) Version/16.6 Mobile/15E148 Safari/604.1"
::1 - - [02/Aug/2024:21:47:17 +0000] "GET /tools HTTP/1.1" 304 - "http://localhost:4200/" "Mozilla/5.0 (iPhone; CPU iPhone OS 16_6 like Mac OS X) AppleWebKit/605.1.15 (KHTML, like Gecko) Version/16.6 Mobile/15E148 Safari/604.1"
::1 - - [02/Aug/2024:21:47:17 +0000] "GET /ingredientStocks HTTP/1.1" 304 - "http://localhost:4200/" "Mozilla/5.0 (iPhone; CPU iPhone OS 16_6 like Mac OS X) AppleWebKit/605.1.15 (KHTML, like Gecko) Version/16.6 Mobile/15E148 Safari/604.1"
::1 - - [02/Aug/2024:21:47:17 +0000] "GET /toolStocks HTTP/1.1" 304 - "http://localhost:4200/" "Mozilla/5.0 (iPhone; CPU iPhone OS 16_6 like Mac OS X) AppleWebKit/605.1.15 (KHTML, like Gecko) Version/16.6 Mobile/15E148 Safari/604.1"
::1 - - [02/Aug/2024:21:47:18 +0000] "GET /recipes HTTP/1.1" 304 - "http://localhost:4200/" "Mozilla/5.0 (iPhone; CPU iPhone OS 16_6 like Mac OS X) AppleWebKit/605.1.15 (KHTML, like Gecko) Version/16.6 Mobile/15E148 Safari/604.1"
::1 - - [02/Aug/2024:21:47:18 +0000] "GET /recipes/categories HTTP/1.1" 304 - "http://localhost:4200/" "Mozilla/5.0 (iPhone; CPU iPhone OS 16_6 like Mac OS X) AppleWebKit/605.1.15 (KHTML, like Gecko) Version/16.6 Mobile/15E148 Safari/604.1"
::1 - - [02/Aug/2024:21:47:18 +0000] "GET /ingredients/recipe HTTP/1.1" 304 - "http://localhost:4200/" "Mozilla/5.0 (iPhone; CPU iPhone OS 16_6 like Mac OS X) AppleWebKit/605.1.15 (KHTML, like Gecko) Version/16.6 Mobile/15E148 Safari/604.1"
::1 - - [02/Aug/2024:21:47:18 +0000] "GET /tools/recipe HTTP/1.1" 304 - "http://localhost:4200/" "Mozilla/5.0 (iPhone; CPU iPhone OS 16_6 like Mac OS X) AppleWebKit/605.1.15 (KHTML, like Gecko) Version/16.6 Mobile/15E148 Safari/604.1"
::1 - - [02/Aug/2024:21:47:18 +0000] "GET /recipes/discover HTTP/1.1" 304 - "http://localhost:4200/" "Mozilla/5.0 (iPhone; CPU iPhone OS 16_6 like Mac OS X) AppleWebKit/605.1.15 (KHTML, like Gecko) Version/16.6 Mobile/15E148 Safari/604.1"
::ffff:127.0.0.1 - - [02/Aug/2024:21:47:18 +0000] "GET /recipes/1124022400010007 HTTP/1.1" 200 516 "-" "axios/1.4.0"
::1 - - [02/Aug/2024:21:47:18 +0000] "GET /steps HTTP/1.1" 304 - "http://localhost:4200/" "Mozilla/5.0 (iPhone; CPU iPhone OS 16_6 like Mac OS X) AppleWebKit/605.1.15 (KHTML, like Gecko) Version/16.6 Mobile/15E148 Safari/604.1"
::1 - - [02/Aug/2024:21:47:18 +0000] "GET /steps/recipe HTTP/1.1" 304 - "http://localhost:4200/" "Mozilla/5.0 (iPhone; CPU iPhone OS 16_6 like Mac OS X) AppleWebKit/605.1.15 (KHTML, like Gecko) Version/16.6 Mobile/15E148 Safari/604.1"
::1 - - [02/Aug/2024:21:47:18 +0000] "GET /persons/followships HTTP/1.1" 304 - "http://localhost:4200/" "Mozilla/5.0 (iPhone; CPU iPhone OS 16_6 like Mac OS X) AppleWebKit/605.1.15 (KHTML, like Gecko) Version/16.6 Mobile/15E148 Safari/604.1"
::1 - - [02/Aug/2024:21:47:18 +0000] "GET /persons/friendships HTTP/1.1" 304 - "http://localhost:4200/" "Mozilla/5.0 (iPhone; CPU iPhone OS 16_6 like Mac OS X) AppleWebKit/605.1.15 (KHTML, like Gecko) Version/16.6 Mobile/15E148 Safari/604.1"
::1 - - [02/Aug/2024:21:47:18 +0000] "GET /persons/followships/followers HTTP/1.1" 304 - "http://localhost:4200/" "Mozilla/5.0 (iPhone; CPU iPhone OS 16_6 like Mac OS X) AppleWebKit/605.1.15 (KHTML, like Gecko) Version/16.6 Mobile/15E148 Safari/604.1"
::ffff:127.0.0.1 - - [02/Aug/2024:21:47:18 +0000] "GET /profiles?userID=a525810e-5531-4f97-95a4-39a082f7416b HTTP/1.1" 200 87104 "-" "axios/1.4.0"
::ffff:127.0.0.1 - - [02/Aug/2024:21:47:18 +0000] "GET /recipes/1124031400010017 HTTP/1.1" 200 517 "-" "axios/1.4.0"
::1 - - [02/Aug/2024:21:47:18 +0000] "GET /profiles/followers HTTP/1.1" 304 - "http://localhost:4200/" "Mozilla/5.0 (iPhone; CPU iPhone OS 16_6 like Mac OS X) AppleWebKit/605.1.15 (KHTML, like Gecko) Version/16.6 Mobile/15E148 Safari/604.1"
::1 - - [02/Aug/2024:21:47:18 +0000] "GET /profiles/ HTTP/1.1" 304 - "http://localhost:4200/" "Mozilla/5.0 (iPhone; CPU iPhone OS 16_6 like Mac OS X) AppleWebKit/605.1.15 (KHTML, like Gecko) Version/16.6 Mobile/15E148 Safari/604.1"
::1 - - [02/Aug/2024:21:47:18 +0000] "GET /profiles/following HTTP/1.1" 304 - "http://localhost:4200/" "Mozilla/5.0 (iPhone; CPU iPhone OS 16_6 like Mac OS X) AppleWebKit/605.1.15 (KHTML, like Gecko) Version/16.6 Mobile/15E148 Safari/604.1"
::1 - - [02/Aug/2024:21:47:18 +0000] "GET /messages HTTP/1.1" 304 - "http://localhost:4200/" "Mozilla/5.0 (iPhone; CPU iPhone OS 16_6 like Mac OS X) AppleWebKit/605.1.15 (KHTML, like Gecko) Version/16.6 Mobile/15E148 Safari/604.1"
::1 - - [02/Aug/2024:21:47:18 +0000] "GET /profiles/friends?friendStatus=requesting HTTP/1.1" 304 - "http://localhost:4200/" "Mozilla/5.0 (iPhone; CPU iPhone OS 16_6 like Mac OS X) AppleWebKit/605.1.15 (KHTML, like Gecko) Version/16.6 Mobile/15E148 Safari/604.1"
::1 - - [02/Aug/2024:21:47:18 +0000] "GET /profiles/friends?friendStatus=receivedRequest HTTP/1.1" 304 - "http://localhost:4200/" "Mozilla/5.0 (iPhone; CPU iPhone OS 16_6 like Mac OS X) AppleWebKit/605.1.15 (KHTML, like Gecko) Version/16.6 Mobile/15E148 Safari/604.1"
::1 - - [02/Aug/2024:21:47:19 +0000] "GET /profiles/friends?friendStatus=confirmed HTTP/1.1" 304 - "http://localhost:4200/" "Mozilla/5.0 (iPhone; CPU iPhone OS 16_6 like Mac OS X) AppleWebKit/605.1.15 (KHTML, like Gecko) Version/16.6 Mobile/15E148 Safari/604.1"
::1 - - [02/Aug/2024:21:47:19 +0000] "GET /shopping/lists HTTP/1.1" 304 - "http://localhost:4200/" "Mozilla/5.0 (iPhone; CPU iPhone OS 16_6 like Mac OS X) AppleWebKit/605.1.15 (KHTML, like Gecko) Version/16.6 Mobile/15E148 Safari/604.1"
::ffff:127.0.0.1 - - [02/Aug/2024:21:47:19 +0000] "GET /profiles?userID=a525810e-5531-4f97-95a4-39a082f7416b HTTP/1.1" 200 87104 "-" "axios/1.4.0"
::1 - - [02/Aug/2024:21:47:19 +0000] "GET /recipes/subscriptions HTTP/1.1" 304 - "http://localhost:4200/" "Mozilla/5.0 (iPhone; CPU iPhone OS 16_6 like Mac OS X) AppleWebKit/605.1.15 (KHTML, like Gecko) Version/16.6 Mobile/15E148 Safari/604.1"
::1 - - [02/Aug/2024:21:47:19 +0000] "GET /shopping/lists/shared HTTP/1.1" 304 - "http://localhost:4200/" "Mozilla/5.0 (iPhone; CPU iPhone OS 16_6 like Mac OS X) AppleWebKit/605.1.15 (KHTML, like Gecko) Version/16.6 Mobile/15E148 Safari/604.1"
::1 - - [02/Aug/2024:21:47:19 +0000] "GET /shopping/listRecipes HTTP/1.1" 304 - "http://localhost:4200/" "Mozilla/5.0 (iPhone; CPU iPhone OS 16_6 like Mac OS X) AppleWebKit/605.1.15 (KHTML, like Gecko) Version/16.6 Mobile/15E148 Safari/604.1"
::1 - - [02/Aug/2024:21:47:19 +0000] "POST /profiles/loaded/ade96f70-4ec5-4ab9-adfe-0645b16e1ced HTTP/1.1" 200 - "http://localhost:4200/" "Mozilla/5.0 (iPhone; CPU iPhone OS 16_6 like Mac OS X) AppleWebKit/605.1.15 (KHTML, like Gecko) Version/16.6 Mobile/15E148 Safari/604.1"
::ffff:127.0.0.1 - - [02/Aug/2024:21:47:19 +0000] "POST /logs/user HTTP/1.1" 200 30 "-" "axios/1.4.0"
::1 - - [02/Aug/2024:21:47:23 +0000] "GET /profiles/search?searchQuery=josh HTTP/1.1" 200 4561 "http://localhost:4200/" "Mozilla/5.0 (iPhone; CPU iPhone OS 16_6 like Mac OS X) AppleWebKit/605.1.15 (KHTML, like Gecko) Version/16.6 Mobile/15E148 Safari/604.1"
::1 - - [02/Aug/2024:21:47:38 +0000] "GET /profiles/ HTTP/1.1" 200 2095 "http://localhost:4200/" "Mozilla/5.0 (iPhone; CPU iPhone OS 16_6 like Mac OS X) AppleWebKit/605.1.15 (KHTML, like Gecko) Version/16.6 Mobile/15E148 Safari/604.1"
::1 - - [02/Aug/2024:21:47:43 +0000] "GET /profiles/search?searchQuery=josh HTTP/1.1" 200 4555 "http://localhost:4200/" "Mozilla/5.0 (iPhone; CPU iPhone OS 16_6 like Mac OS X) AppleWebKit/605.1.15 (KHTML, like Gecko) Version/16.6 Mobile/15E148 Safari/604.1"
::1 - - [09/Aug/2024:02:06:35 +0000] "GET /ingredientStocks HTTP/1.1" 304 - "http://localhost:4200/" "Mozilla/5.0 (iPhone; CPU iPhone OS 16_6 like Mac OS X) AppleWebKit/605.1.15 (KHTML, like Gecko) Version/16.6 Mobile/15E148 Safari/604.1"
::1 - - [09/Aug/2024:02:06:36 +0000] "GET /recipes HTTP/1.1" 200 2857 "http://localhost:4200/" "Mozilla/5.0 (iPhone; CPU iPhone OS 16_6 like Mac OS X) AppleWebKit/605.1.15 (KHTML, like Gecko) Version/16.6 Mobile/15E148 Safari/604.1"
::1 - - [09/Aug/2024:02:06:36 +0000] "GET /tools HTTP/1.1" 200 5390 "http://localhost:4200/" "Mozilla/5.0 (iPhone; CPU iPhone OS 16_6 like Mac OS X) AppleWebKit/605.1.15 (KHTML, like Gecko) Version/16.6 Mobile/15E148 Safari/604.1"
::1 - - [09/Aug/2024:02:06:36 +0000] "GET /toolStocks HTTP/1.1" 304 - "http://localhost:4200/" "Mozilla/5.0 (iPhone; CPU iPhone OS 16_6 like Mac OS X) AppleWebKit/605.1.15 (KHTML, like Gecko) Version/16.6 Mobile/15E148 Safari/604.1"
::1 - - [09/Aug/2024:02:06:36 +0000] "GET /ingredients HTTP/1.1" 200 27710 "http://localhost:4200/" "Mozilla/5.0 (iPhone; CPU iPhone OS 16_6 like Mac OS X) AppleWebKit/605.1.15 (KHTML, like Gecko) Version/16.6 Mobile/15E148 Safari/604.1"
::1 - - [09/Aug/2024:02:06:36 +0000] "GET /recipes/categories HTTP/1.1" 200 6346 "http://localhost:4200/" "Mozilla/5.0 (iPhone; CPU iPhone OS 16_6 like Mac OS X) AppleWebKit/605.1.15 (KHTML, like Gecko) Version/16.6 Mobile/15E148 Safari/604.1"
::1 - - [09/Aug/2024:02:06:36 +0000] "GET /recipes/discover HTTP/1.1" 200 153284 "http://localhost:4200/" "Mozilla/5.0 (iPhone; CPU iPhone OS 16_6 like Mac OS X) AppleWebKit/605.1.15 (KHTML, like Gecko) Version/16.6 Mobile/15E148 Safari/604.1"
::1 - - [09/Aug/2024:02:06:36 +0000] "GET /tools/recipe HTTP/1.1" 304 - "http://localhost:4200/" "Mozilla/5.0 (iPhone; CPU iPhone OS 16_6 like Mac OS X) AppleWebKit/605.1.15 (KHTML, like Gecko) Version/16.6 Mobile/15E148 Safari/604.1"
::ffff:127.0.0.1 - - [09/Aug/2024:02:06:36 +0000] "GET /recipes/1124022400010007 HTTP/1.1" 200 516 "-" "axios/1.4.0"
::1 - - [09/Aug/2024:02:06:36 +0000] "GET /steps/recipe HTTP/1.1" 200 5430 "http://localhost:4200/" "Mozilla/5.0 (iPhone; CPU iPhone OS 16_6 like Mac OS X) AppleWebKit/605.1.15 (KHTML, like Gecko) Version/16.6 Mobile/15E148 Safari/604.1"
::1 - - [09/Aug/2024:02:06:36 +0000] "GET /ingredients/recipe HTTP/1.1" 200 16767 "http://localhost:4200/" "Mozilla/5.0 (iPhone; CPU iPhone OS 16_6 like Mac OS X) AppleWebKit/605.1.15 (KHTML, like Gecko) Version/16.6 Mobile/15E148 Safari/604.1"
::1 - - [09/Aug/2024:02:06:36 +0000] "GET /steps HTTP/1.1" 200 102088 "http://localhost:4200/" "Mozilla/5.0 (iPhone; CPU iPhone OS 16_6 like Mac OS X) AppleWebKit/605.1.15 (KHTML, like Gecko) Version/16.6 Mobile/15E148 Safari/604.1"
::1 - - [09/Aug/2024:02:06:36 +0000] "GET /persons/friendships HTTP/1.1" 304 - "http://localhost:4200/" "Mozilla/5.0 (iPhone; CPU iPhone OS 16_6 like Mac OS X) AppleWebKit/605.1.15 (KHTML, like Gecko) Version/16.6 Mobile/15E148 Safari/604.1"
::1 - - [09/Aug/2024:02:06:36 +0000] "GET /persons/followships/followers HTTP/1.1" 200 4246 "http://localhost:4200/" "Mozilla/5.0 (iPhone; CPU iPhone OS 16_6 like Mac OS X) AppleWebKit/605.1.15 (KHTML, like Gecko) Version/16.6 Mobile/15E148 Safari/604.1"
::1 - - [09/Aug/2024:02:06:36 +0000] "GET /persons/followships HTTP/1.1" 304 - "http://localhost:4200/" "Mozilla/5.0 (iPhone; CPU iPhone OS 16_6 like Mac OS X) AppleWebKit/605.1.15 (KHTML, like Gecko) Version/16.6 Mobile/15E148 Safari/604.1"
::ffff:127.0.0.1 - - [09/Aug/2024:02:06:36 +0000] "GET /profiles?userID=a525810e-5531-4f97-95a4-39a082f7416b HTTP/1.1" 200 87109 "-" "axios/1.4.0"
::1 - - [09/Aug/2024:02:06:36 +0000] "GET /messages HTTP/1.1" 200 5850 "http://localhost:4200/" "Mozilla/5.0 (iPhone; CPU iPhone OS 16_6 like Mac OS X) AppleWebKit/605.1.15 (KHTML, like Gecko) Version/16.6 Mobile/15E148 Safari/604.1"
::ffff:127.0.0.1 - - [09/Aug/2024:02:06:36 +0000] "GET /recipes/1124031400010017 HTTP/1.1" 200 517 "-" "axios/1.4.0"
::1 - - [09/Aug/2024:02:06:36 +0000] "GET /profiles/friends?friendStatus=receivedRequest HTTP/1.1" 304 - "http://localhost:4200/" "Mozilla/5.0 (iPhone; CPU iPhone OS 16_6 like Mac OS X) AppleWebKit/605.1.15 (KHTML, like Gecko) Version/16.6 Mobile/15E148 Safari/604.1"
::1 - - [09/Aug/2024:02:06:36 +0000] "GET /profiles/followers HTTP/1.1" 200 23605 "http://localhost:4200/" "Mozilla/5.0 (iPhone; CPU iPhone OS 16_6 like Mac OS X) AppleWebKit/605.1.15 (KHTML, like Gecko) Version/16.6 Mobile/15E148 Safari/604.1"
::1 - - [09/Aug/2024:02:06:37 +0000] "GET /profiles/ HTTP/1.1" 200 2095 "http://localhost:4200/" "Mozilla/5.0 (iPhone; CPU iPhone OS 16_6 like Mac OS X) AppleWebKit/605.1.15 (KHTML, like Gecko) Version/16.6 Mobile/15E148 Safari/604.1"
::1 - - [09/Aug/2024:02:06:37 +0000] "GET /profiles/following HTTP/1.1" 200 6439 "http://localhost:4200/" "Mozilla/5.0 (iPhone; CPU iPhone OS 16_6 like Mac OS X) AppleWebKit/605.1.15 (KHTML, like Gecko) Version/16.6 Mobile/15E148 Safari/604.1"
::1 - - [09/Aug/2024:02:06:37 +0000] "GET /profiles/friends?friendStatus=requesting HTTP/1.1" 304 - "http://localhost:4200/" "Mozilla/5.0 (iPhone; CPU iPhone OS 16_6 like Mac OS X) AppleWebKit/605.1.15 (KHTML, like Gecko) Version/16.6 Mobile/15E148 Safari/604.1"
::1 - - [09/Aug/2024:02:06:37 +0000] "GET /profiles/friends?friendStatus=confirmed HTTP/1.1" 200 94631 "http://localhost:4200/" "Mozilla/5.0 (iPhone; CPU iPhone OS 16_6 like Mac OS X) AppleWebKit/605.1.15 (KHTML, like Gecko) Version/16.6 Mobile/15E148 Safari/604.1"
::1 - - [09/Aug/2024:02:06:37 +0000] "GET /shopping/lists HTTP/1.1" 304 - "http://localhost:4200/" "Mozilla/5.0 (iPhone; CPU iPhone OS 16_6 like Mac OS X) AppleWebKit/605.1.15 (KHTML, like Gecko) Version/16.6 Mobile/15E148 Safari/604.1"
::1 - - [09/Aug/2024:02:06:37 +0000] "GET /shopping/lists/shared HTTP/1.1" 304 - "http://localhost:4200/" "Mozilla/5.0 (iPhone; CPU iPhone OS 16_6 like Mac OS X) AppleWebKit/605.1.15 (KHTML, like Gecko) Version/16.6 Mobile/15E148 Safari/604.1"
::1 - - [09/Aug/2024:02:06:37 +0000] "GET /shopping/listRecipes HTTP/1.1" 304 - "http://localhost:4200/" "Mozilla/5.0 (iPhone; CPU iPhone OS 16_6 like Mac OS X) AppleWebKit/605.1.15 (KHTML, like Gecko) Version/16.6 Mobile/15E148 Safari/604.1"
::ffff:127.0.0.1 - - [09/Aug/2024:02:06:37 +0000] "GET /profiles?userID=a525810e-5531-4f97-95a4-39a082f7416b HTTP/1.1" 200 87109 "-" "axios/1.4.0"
::1 - - [09/Aug/2024:02:06:37 +0000] "GET /recipes/subscriptions HTTP/1.1" 304 - "http://localhost:4200/" "Mozilla/5.0 (iPhone; CPU iPhone OS 16_6 like Mac OS X) AppleWebKit/605.1.15 (KHTML, like Gecko) Version/16.6 Mobile/15E148 Safari/604.1"
::1 - - [09/Aug/2024:02:06:37 +0000] "POST /profiles/loaded/ade96f70-4ec5-4ab9-adfe-0645b16e1ced HTTP/1.1" 200 - "http://localhost:4200/" "Mozilla/5.0 (iPhone; CPU iPhone OS 16_6 like Mac OS X) AppleWebKit/605.1.15 (KHTML, like Gecko) Version/16.6 Mobile/15E148 Safari/604.1"
::ffff:127.0.0.1 - - [09/Aug/2024:02:06:37 +0000] "POST /logs/user HTTP/1.1" 200 30 "-" "axios/1.4.0"
::1 - - [09/Aug/2024:03:21:19 +0000] "POST /purchases/newPurchaseRevenueCatSubPackage HTTP/1.1" 515 162 "-" "PostmanRuntime/7.37.3"
::1 - - [09/Aug/2024:03:24:05 +0000] "POST /purchases/newPurchaseRevenueCatSubPackage HTTP/1.1" 515 162 "-" "PostmanRuntime/7.37.3"
::1 - - [09/Aug/2024:03:25:31 +0000] "POST /purchases/newPurchaseRevenueCatSubPackage HTTP/1.1" 515 162 "-" "PostmanRuntime/7.37.3"
::1 - - [09/Aug/2024:03:28:20 +0000] "POST /purchases/newPurchaseRevenueCatSubPackage HTTP/1.1" 200 4 "-" "PostmanRuntime/7.37.3"
::1 - - [09/Aug/2024:03:30:36 +0000] "POST /purchases/newPurchaseRevenueCatSubPackage HTTP/1.1" 200 4 "-" "PostmanRuntime/7.37.3"
::1 - - [09/Aug/2024:21:50:03 +0000] "GET /ingredientStocks HTTP/1.1" 304 - "http://localhost:4200/" "Mozilla/5.0 (Linux; Android 13; SM-G981B) AppleWebKit/537.36 (KHTML, like Gecko) Chrome/116.0.0.0 Mobile Safari/537.36"
::1 - - [09/Aug/2024:21:50:03 +0000] "GET /tools HTTP/1.1" 304 - "http://localhost:4200/" "Mozilla/5.0 (Linux; Android 13; SM-G981B) AppleWebKit/537.36 (KHTML, like Gecko) Chrome/116.0.0.0 Mobile Safari/537.36"
::1 - - [09/Aug/2024:21:50:03 +0000] "GET /toolStocks HTTP/1.1" 304 - "http://localhost:4200/" "Mozilla/5.0 (Linux; Android 13; SM-G981B) AppleWebKit/537.36 (KHTML, like Gecko) Chrome/116.0.0.0 Mobile Safari/537.36"
::1 - - [09/Aug/2024:21:50:04 +0000] "GET /ingredients HTTP/1.1" 304 - "http://localhost:4200/" "Mozilla/5.0 (Linux; Android 13; SM-G981B) AppleWebKit/537.36 (KHTML, like Gecko) Chrome/116.0.0.0 Mobile Safari/537.36"
::1 - - [09/Aug/2024:21:50:04 +0000] "GET /recipes/categories HTTP/1.1" 304 - "http://localhost:4200/" "Mozilla/5.0 (Linux; Android 13; SM-G981B) AppleWebKit/537.36 (KHTML, like Gecko) Chrome/116.0.0.0 Mobile Safari/537.36"
::1 - - [09/Aug/2024:21:50:04 +0000] "GET /recipes HTTP/1.1" 304 - "http://localhost:4200/" "Mozilla/5.0 (Linux; Android 13; SM-G981B) AppleWebKit/537.36 (KHTML, like Gecko) Chrome/116.0.0.0 Mobile Safari/537.36"
::1 - - [09/Aug/2024:21:50:04 +0000] "GET /recipes/discover HTTP/1.1" 200 153284 "http://localhost:4200/" "Mozilla/5.0 (Linux; Android 13; SM-G981B) AppleWebKit/537.36 (KHTML, like Gecko) Chrome/116.0.0.0 Mobile Safari/537.36"
::1 - - [09/Aug/2024:21:50:04 +0000] "GET /ingredients/recipe HTTP/1.1" 304 - "http://localhost:4200/" "Mozilla/5.0 (Linux; Android 13; SM-G981B) AppleWebKit/537.36 (KHTML, like Gecko) Chrome/116.0.0.0 Mobile Safari/537.36"
::1 - - [09/Aug/2024:21:50:04 +0000] "GET /steps/recipe HTTP/1.1" 304 - "http://localhost:4200/" "Mozilla/5.0 (Linux; Android 13; SM-G981B) AppleWebKit/537.36 (KHTML, like Gecko) Chrome/116.0.0.0 Mobile Safari/537.36"
::ffff:127.0.0.1 - - [09/Aug/2024:21:50:04 +0000] "GET /recipes/1124022400010007 HTTP/1.1" 200 516 "-" "axios/1.4.0"
::1 - - [09/Aug/2024:21:50:04 +0000] "GET /tools/recipe HTTP/1.1" 304 - "http://localhost:4200/" "Mozilla/5.0 (Linux; Android 13; SM-G981B) AppleWebKit/537.36 (KHTML, like Gecko) Chrome/116.0.0.0 Mobile Safari/537.36"
::1 - - [09/Aug/2024:21:50:04 +0000] "GET /steps HTTP/1.1" 200 102088 "http://localhost:4200/" "Mozilla/5.0 (Linux; Android 13; SM-G981B) AppleWebKit/537.36 (KHTML, like Gecko) Chrome/116.0.0.0 Mobile Safari/537.36"
::1 - - [09/Aug/2024:21:50:04 +0000] "GET /persons/friendships HTTP/1.1" 304 - "http://localhost:4200/" "Mozilla/5.0 (Linux; Android 13; SM-G981B) AppleWebKit/537.36 (KHTML, like Gecko) Chrome/116.0.0.0 Mobile Safari/537.36"
::1 - - [09/Aug/2024:21:50:05 +0000] "GET /persons/followships/followers HTTP/1.1" 304 - "http://localhost:4200/" "Mozilla/5.0 (Linux; Android 13; SM-G981B) AppleWebKit/537.36 (KHTML, like Gecko) Chrome/116.0.0.0 Mobile Safari/537.36"
::1 - - [09/Aug/2024:21:50:05 +0000] "GET /persons/followships HTTP/1.1" 304 - "http://localhost:4200/" "Mozilla/5.0 (Linux; Android 13; SM-G981B) AppleWebKit/537.36 (KHTML, like Gecko) Chrome/116.0.0.0 Mobile Safari/537.36"
::1 - - [09/Aug/2024:21:50:05 +0000] "GET /messages HTTP/1.1" 304 - "http://localhost:4200/" "Mozilla/5.0 (Linux; Android 13; SM-G981B) AppleWebKit/537.36 (KHTML, like Gecko) Chrome/116.0.0.0 Mobile Safari/537.36"
::ffff:127.0.0.1 - - [09/Aug/2024:21:50:05 +0000] "GET /profiles?userID=a525810e-5531-4f97-95a4-39a082f7416b HTTP/1.1" 200 87109 "-" "axios/1.4.0"
::1 - - [09/Aug/2024:21:50:05 +0000] "GET /profiles/friends?friendStatus=receivedRequest HTTP/1.1" 304 - "http://localhost:4200/" "Mozilla/5.0 (Linux; Android 13; SM-G981B) AppleWebKit/537.36 (KHTML, like Gecko) Chrome/116.0.0.0 Mobile Safari/537.36"
::1 - - [09/Aug/2024:21:50:05 +0000] "GET /profiles/following HTTP/1.1" 304 - "http://localhost:4200/" "Mozilla/5.0 (Linux; Android 13; SM-G981B) AppleWebKit/537.36 (KHTML, like Gecko) Chrome/116.0.0.0 Mobile Safari/537.36"
::1 - - [09/Aug/2024:21:50:05 +0000] "GET /profiles/followers HTTP/1.1" 200 23595 "http://localhost:4200/" "Mozilla/5.0 (Linux; Android 13; SM-G981B) AppleWebKit/537.36 (KHTML, like Gecko) Chrome/116.0.0.0 Mobile Safari/537.36"
::1 - - [09/Aug/2024:21:50:05 +0000] "GET /profiles/ HTTP/1.1" 200 2096 "http://localhost:4200/" "Mozilla/5.0 (Linux; Android 13; SM-G981B) AppleWebKit/537.36 (KHTML, like Gecko) Chrome/116.0.0.0 Mobile Safari/537.36"
::ffff:127.0.0.1 - - [09/Aug/2024:21:50:05 +0000] "GET /recipes/1124031400010017 HTTP/1.1" 200 517 "-" "axios/1.4.0"
::1 - - [09/Aug/2024:21:50:05 +0000] "GET /profiles/friends?friendStatus=requesting HTTP/1.1" 304 - "http://localhost:4200/" "Mozilla/5.0 (Linux; Android 13; SM-G981B) AppleWebKit/537.36 (KHTML, like Gecko) Chrome/116.0.0.0 Mobile Safari/537.36"
::1 - - [09/Aug/2024:21:50:05 +0000] "GET /shopping/lists HTTP/1.1" 304 - "http://localhost:4200/" "Mozilla/5.0 (Linux; Android 13; SM-G981B) AppleWebKit/537.36 (KHTML, like Gecko) Chrome/116.0.0.0 Mobile Safari/537.36"
::1 - - [09/Aug/2024:21:50:05 +0000] "GET /shopping/lists/shared HTTP/1.1" 304 - "http://localhost:4200/" "Mozilla/5.0 (Linux; Android 13; SM-G981B) AppleWebKit/537.36 (KHTML, like Gecko) Chrome/116.0.0.0 Mobile Safari/537.36"
::1 - - [09/Aug/2024:21:50:05 +0000] "GET /shopping/listRecipes HTTP/1.1" 304 - "http://localhost:4200/" "Mozilla/5.0 (Linux; Android 13; SM-G981B) AppleWebKit/537.36 (KHTML, like Gecko) Chrome/116.0.0.0 Mobile Safari/537.36"
::1 - - [09/Aug/2024:21:50:05 +0000] "GET /profiles/friends?friendStatus=confirmed HTTP/1.1" 200 94631 "http://localhost:4200/" "Mozilla/5.0 (Linux; Android 13; SM-G981B) AppleWebKit/537.36 (KHTML, like Gecko) Chrome/116.0.0.0 Mobile Safari/537.36"
::1 - - [09/Aug/2024:21:50:05 +0000] "POST /profiles/loaded/ade96f70-4ec5-4ab9-adfe-0645b16e1ced HTTP/1.1" 200 - "http://localhost:4200/" "Mozilla/5.0 (Linux; Android 13; SM-G981B) AppleWebKit/537.36 (KHTML, like Gecko) Chrome/116.0.0.0 Mobile Safari/537.36"
::ffff:127.0.0.1 - - [09/Aug/2024:21:50:05 +0000] "GET /profiles?userID=a525810e-5531-4f97-95a4-39a082f7416b HTTP/1.1" 200 87109 "-" "axios/1.4.0"
::1 - - [09/Aug/2024:21:50:05 +0000] "GET /recipes/subscriptions HTTP/1.1" 304 - "http://localhost:4200/" "Mozilla/5.0 (Linux; Android 13; SM-G981B) AppleWebKit/537.36 (KHTML, like Gecko) Chrome/116.0.0.0 Mobile Safari/537.36"
::ffff:127.0.0.1 - - [09/Aug/2024:21:50:05 +0000] "POST /logs/user HTTP/1.1" 200 30 "-" "axios/1.4.0"
::1 - - [09/Aug/2024:21:50:30 +0000] "GET /logs/recipeFeedback?recipeID=1124061200011117&createdAfter=2024-07-10&onlyMe=false HTTP/1.1" 200 2 "http://localhost:4200/" "Mozilla/5.0 (Linux; Android 13; SM-G981B) AppleWebKit/537.36 (KHTML, like Gecko) Chrome/116.0.0.0 Mobile Safari/537.36"
::1 - - [09/Aug/2024:21:50:30 +0000] "GET /logs/recipeFeedback?recipeID=1124061200011117&createdAfter=2024-07-10&onlyMe=true HTTP/1.1" 200 2 "http://localhost:4200/" "Mozilla/5.0 (Linux; Android 13; SM-G981B) AppleWebKit/537.36 (KHTML, like Gecko) Chrome/116.0.0.0 Mobile Safari/537.36"
::1 - - [09/Aug/2024:21:50:30 +0000] "GET /recipes/1124061200011117/subscriptions HTTP/1.1" 200 2 "http://localhost:4200/" "Mozilla/5.0 (Linux; Android 13; SM-G981B) AppleWebKit/537.36 (KHTML, like Gecko) Chrome/116.0.0.0 Mobile Safari/537.36"
::1 - - [09/Aug/2024:21:50:48 +0000] "GET /shopping/listIngredients/byList/2624070100000001 HTTP/1.1" 200 1859 "http://localhost:4200/" "Mozilla/5.0 (Linux; Android 13; SM-G981B) AppleWebKit/537.36 (KHTML, like Gecko) Chrome/116.0.0.0 Mobile Safari/537.36"
::1 - - [09/Aug/2024:21:50:48 +0000] "GET /shopping/listRecipes/byList/2624070100000001 HTTP/1.1" 200 2 "http://localhost:4200/" "Mozilla/5.0 (Linux; Android 13; SM-G981B) AppleWebKit/537.36 (KHTML, like Gecko) Chrome/116.0.0.0 Mobile Safari/537.36"
::1 - - [09/Aug/2024:21:52:50 +0000] "GET /profiles/ HTTP/1.1" 200 2095 "http://localhost:4200/" "Mozilla/5.0 (Linux; Android 13; SM-G981B) AppleWebKit/537.36 (KHTML, like Gecko) Chrome/116.0.0.0 Mobile Safari/537.36"
::1 - - [09/Aug/2024:21:52:56 +0000] "GET /shopping/listRecipes/byList/2624070100000001 HTTP/1.1" 304 - "http://localhost:4200/" "Mozilla/5.0 (Linux; Android 13; SM-G981B) AppleWebKit/537.36 (KHTML, like Gecko) Chrome/116.0.0.0 Mobile Safari/537.36"
::1 - - [09/Aug/2024:21:52:56 +0000] "GET /shopping/listIngredients/byList/2624070100000001 HTTP/1.1" 304 - "http://localhost:4200/" "Mozilla/5.0 (Linux; Android 13; SM-G981B) AppleWebKit/537.36 (KHTML, like Gecko) Chrome/116.0.0.0 Mobile Safari/537.36"
::1 - - [09/Aug/2024:21:53:06 +0000] "GET /shopping/listRecipes/byList/2624070100000001 HTTP/1.1" 304 - "http://localhost:4200/" "Mozilla/5.0 (Linux; Android 13; SM-G981B) AppleWebKit/537.36 (KHTML, like Gecko) Chrome/116.0.0.0 Mobile Safari/537.36"
::1 - - [09/Aug/2024:21:53:06 +0000] "GET /shopping/listIngredients/byList/2624070100000001 HTTP/1.1" 304 - "http://localhost:4200/" "Mozilla/5.0 (Linux; Android 13; SM-G981B) AppleWebKit/537.36 (KHTML, like Gecko) Chrome/116.0.0.0 Mobile Safari/537.36"
::1 - - [09/Aug/2024:21:55:08 +0000] "GET /ingredientStocks HTTP/1.1" 304 - "http://localhost:4200/" "Mozilla/5.0 (Linux; Android 13; SM-G981B) AppleWebKit/537.36 (KHTML, like Gecko) Chrome/116.0.0.0 Mobile Safari/537.36"
::1 - - [09/Aug/2024:21:55:08 +0000] "GET /toolStocks HTTP/1.1" 304 - "http://localhost:4200/" "Mozilla/5.0 (Linux; Android 13; SM-G981B) AppleWebKit/537.36 (KHTML, like Gecko) Chrome/116.0.0.0 Mobile Safari/537.36"
::1 - - [09/Aug/2024:21:55:08 +0000] "GET /tools HTTP/1.1" 304 - "http://localhost:4200/" "Mozilla/5.0 (Linux; Android 13; SM-G981B) AppleWebKit/537.36 (KHTML, like Gecko) Chrome/116.0.0.0 Mobile Safari/537.36"
::1 - - [09/Aug/2024:21:55:08 +0000] "GET /recipes HTTP/1.1" 304 - "http://localhost:4200/" "Mozilla/5.0 (Linux; Android 13; SM-G981B) AppleWebKit/537.36 (KHTML, like Gecko) Chrome/116.0.0.0 Mobile Safari/537.36"
::1 - - [09/Aug/2024:21:55:08 +0000] "GET /ingredients HTTP/1.1" 304 - "http://localhost:4200/" "Mozilla/5.0 (Linux; Android 13; SM-G981B) AppleWebKit/537.36 (KHTML, like Gecko) Chrome/116.0.0.0 Mobile Safari/537.36"
::1 - - [09/Aug/2024:21:55:08 +0000] "GET /recipes/categories HTTP/1.1" 304 - "http://localhost:4200/" "Mozilla/5.0 (Linux; Android 13; SM-G981B) AppleWebKit/537.36 (KHTML, like Gecko) Chrome/116.0.0.0 Mobile Safari/537.36"
::1 - - [09/Aug/2024:21:55:08 +0000] "GET /tools/recipe HTTP/1.1" 304 - "http://localhost:4200/" "Mozilla/5.0 (Linux; Android 13; SM-G981B) AppleWebKit/537.36 (KHTML, like Gecko) Chrome/116.0.0.0 Mobile Safari/537.36"
::1 - - [09/Aug/2024:21:55:08 +0000] "GET /ingredients/recipe HTTP/1.1" 304 - "http://localhost:4200/" "Mozilla/5.0 (Linux; Android 13; SM-G981B) AppleWebKit/537.36 (KHTML, like Gecko) Chrome/116.0.0.0 Mobile Safari/537.36"
::1 - - [09/Aug/2024:21:55:08 +0000] "GET /recipes/discover HTTP/1.1" 304 - "http://localhost:4200/" "Mozilla/5.0 (Linux; Android 13; SM-G981B) AppleWebKit/537.36 (KHTML, like Gecko) Chrome/116.0.0.0 Mobile Safari/537.36"
::ffff:127.0.0.1 - - [09/Aug/2024:21:55:08 +0000] "GET /recipes/1124022400010007 HTTP/1.1" 200 516 "-" "axios/1.4.0"
::1 - - [09/Aug/2024:21:55:08 +0000] "GET /steps/recipe HTTP/1.1" 304 - "http://localhost:4200/" "Mozilla/5.0 (Linux; Android 13; SM-G981B) AppleWebKit/537.36 (KHTML, like Gecko) Chrome/116.0.0.0 Mobile Safari/537.36"
::1 - - [09/Aug/2024:21:55:08 +0000] "GET /steps HTTP/1.1" 304 - "http://localhost:4200/" "Mozilla/5.0 (Linux; Android 13; SM-G981B) AppleWebKit/537.36 (KHTML, like Gecko) Chrome/116.0.0.0 Mobile Safari/537.36"
::1 - - [09/Aug/2024:21:55:08 +0000] "GET /persons/followships HTTP/1.1" 304 - "http://localhost:4200/" "Mozilla/5.0 (Linux; Android 13; SM-G981B) AppleWebKit/537.36 (KHTML, like Gecko) Chrome/116.0.0.0 Mobile Safari/537.36"
::1 - - [09/Aug/2024:21:55:08 +0000] "GET /persons/friendships HTTP/1.1" 304 - "http://localhost:4200/" "Mozilla/5.0 (Linux; Android 13; SM-G981B) AppleWebKit/537.36 (KHTML, like Gecko) Chrome/116.0.0.0 Mobile Safari/537.36"
::1 - - [09/Aug/2024:21:55:08 +0000] "GET /persons/followships/followers HTTP/1.1" 304 - "http://localhost:4200/" "Mozilla/5.0 (Linux; Android 13; SM-G981B) AppleWebKit/537.36 (KHTML, like Gecko) Chrome/116.0.0.0 Mobile Safari/537.36"
::ffff:127.0.0.1 - - [09/Aug/2024:21:55:08 +0000] "GET /profiles?userID=a525810e-5531-4f97-95a4-39a082f7416b HTTP/1.1" 200 87109 "-" "axios/1.4.0"
::1 - - [09/Aug/2024:21:55:09 +0000] "GET /messages HTTP/1.1" 304 - "http://localhost:4200/" "Mozilla/5.0 (Linux; Android 13; SM-G981B) AppleWebKit/537.36 (KHTML, like Gecko) Chrome/116.0.0.0 Mobile Safari/537.36"
::ffff:127.0.0.1 - - [09/Aug/2024:21:55:09 +0000] "GET /recipes/1124031400010017 HTTP/1.1" 200 517 "-" "axios/1.4.0"
::1 - - [09/Aug/2024:21:55:09 +0000] "GET /profiles/followers HTTP/1.1" 304 - "http://localhost:4200/" "Mozilla/5.0 (Linux; Android 13; SM-G981B) AppleWebKit/537.36 (KHTML, like Gecko) Chrome/116.0.0.0 Mobile Safari/537.36"
::1 - - [09/Aug/2024:21:55:09 +0000] "GET /profiles/following HTTP/1.1" 304 - "http://localhost:4200/" "Mozilla/5.0 (Linux; Android 13; SM-G981B) AppleWebKit/537.36 (KHTML, like Gecko) Chrome/116.0.0.0 Mobile Safari/537.36"
::1 - - [09/Aug/2024:21:55:09 +0000] "GET /profiles/ HTTP/1.1" 304 - "http://localhost:4200/" "Mozilla/5.0 (Linux; Android 13; SM-G981B) AppleWebKit/537.36 (KHTML, like Gecko) Chrome/116.0.0.0 Mobile Safari/537.36"
::1 - - [09/Aug/2024:21:55:09 +0000] "GET /profiles/friends?friendStatus=receivedRequest HTTP/1.1" 304 - "http://localhost:4200/" "Mozilla/5.0 (Linux; Android 13; SM-G981B) AppleWebKit/537.36 (KHTML, like Gecko) Chrome/116.0.0.0 Mobile Safari/537.36"
::1 - - [09/Aug/2024:21:55:09 +0000] "GET /profiles/friends?friendStatus=confirmed HTTP/1.1" 200 94631 "http://localhost:4200/" "Mozilla/5.0 (Linux; Android 13; SM-G981B) AppleWebKit/537.36 (KHTML, like Gecko) Chrome/116.0.0.0 Mobile Safari/537.36"
::1 - - [09/Aug/2024:21:55:09 +0000] "GET /profiles/friends?friendStatus=requesting HTTP/1.1" 304 - "http://localhost:4200/" "Mozilla/5.0 (Linux; Android 13; SM-G981B) AppleWebKit/537.36 (KHTML, like Gecko) Chrome/116.0.0.0 Mobile Safari/537.36"
::1 - - [09/Aug/2024:21:55:09 +0000] "GET /shopping/lists HTTP/1.1" 304 - "http://localhost:4200/" "Mozilla/5.0 (Linux; Android 13; SM-G981B) AppleWebKit/537.36 (KHTML, like Gecko) Chrome/116.0.0.0 Mobile Safari/537.36"
::1 - - [09/Aug/2024:21:55:09 +0000] "GET /shopping/lists/shared HTTP/1.1" 304 - "http://localhost:4200/" "Mozilla/5.0 (Linux; Android 13; SM-G981B) AppleWebKit/537.36 (KHTML, like Gecko) Chrome/116.0.0.0 Mobile Safari/537.36"
::1 - - [09/Aug/2024:21:55:09 +0000] "GET /shopping/listRecipes HTTP/1.1" 304 - "http://localhost:4200/" "Mozilla/5.0 (Linux; Android 13; SM-G981B) AppleWebKit/537.36 (KHTML, like Gecko) Chrome/116.0.0.0 Mobile Safari/537.36"
::ffff:127.0.0.1 - - [09/Aug/2024:21:55:09 +0000] "GET /profiles?userID=a525810e-5531-4f97-95a4-39a082f7416b HTTP/1.1" 200 87109 "-" "axios/1.4.0"
::1 - - [09/Aug/2024:21:55:09 +0000] "GET /recipes/subscriptions HTTP/1.1" 304 - "http://localhost:4200/" "Mozilla/5.0 (Linux; Android 13; SM-G981B) AppleWebKit/537.36 (KHTML, like Gecko) Chrome/116.0.0.0 Mobile Safari/537.36"
::1 - - [09/Aug/2024:21:55:10 +0000] "POST /profiles/loaded/ade96f70-4ec5-4ab9-adfe-0645b16e1ced HTTP/1.1" 200 - "http://localhost:4200/" "Mozilla/5.0 (Linux; Android 13; SM-G981B) AppleWebKit/537.36 (KHTML, like Gecko) Chrome/116.0.0.0 Mobile Safari/537.36"
::ffff:127.0.0.1 - - [09/Aug/2024:21:55:10 +0000] "POST /logs/user HTTP/1.1" 200 30 "-" "axios/1.4.0"
::1 - - [09/Aug/2024:22:00:42 +0000] "GET /ingredients HTTP/1.1" 304 - "http://localhost:4200/" "Mozilla/5.0 (Linux; Android 13; SM-G981B) AppleWebKit/537.36 (KHTML, like Gecko) Chrome/116.0.0.0 Mobile Safari/537.36"
::1 - - [09/Aug/2024:22:00:42 +0000] "GET /ingredientStocks HTTP/1.1" 304 - "http://localhost:4200/" "Mozilla/5.0 (Linux; Android 13; SM-G981B) AppleWebKit/537.36 (KHTML, like Gecko) Chrome/116.0.0.0 Mobile Safari/537.36"
::1 - - [09/Aug/2024:22:00:42 +0000] "GET /toolStocks HTTP/1.1" 304 - "http://localhost:4200/" "Mozilla/5.0 (Linux; Android 13; SM-G981B) AppleWebKit/537.36 (KHTML, like Gecko) Chrome/116.0.0.0 Mobile Safari/537.36"
::1 - - [09/Aug/2024:22:00:42 +0000] "GET /tools HTTP/1.1" 304 - "http://localhost:4200/" "Mozilla/5.0 (Linux; Android 13; SM-G981B) AppleWebKit/537.36 (KHTML, like Gecko) Chrome/116.0.0.0 Mobile Safari/537.36"
::1 - - [09/Aug/2024:22:00:42 +0000] "GET /recipes HTTP/1.1" 304 - "http://localhost:4200/" "Mozilla/5.0 (Linux; Android 13; SM-G981B) AppleWebKit/537.36 (KHTML, like Gecko) Chrome/116.0.0.0 Mobile Safari/537.36"
::1 - - [09/Aug/2024:22:00:42 +0000] "GET /ingredients/recipe HTTP/1.1" 304 - "http://localhost:4200/" "Mozilla/5.0 (Linux; Android 13; SM-G981B) AppleWebKit/537.36 (KHTML, like Gecko) Chrome/116.0.0.0 Mobile Safari/537.36"
::1 - - [09/Aug/2024:22:00:42 +0000] "GET /recipes/categories HTTP/1.1" 304 - "http://localhost:4200/" "Mozilla/5.0 (Linux; Android 13; SM-G981B) AppleWebKit/537.36 (KHTML, like Gecko) Chrome/116.0.0.0 Mobile Safari/537.36"
::1 - - [09/Aug/2024:22:00:42 +0000] "GET /recipes/discover HTTP/1.1" 304 - "http://localhost:4200/" "Mozilla/5.0 (Linux; Android 13; SM-G981B) AppleWebKit/537.36 (KHTML, like Gecko) Chrome/116.0.0.0 Mobile Safari/537.36"
::1 - - [09/Aug/2024:22:00:42 +0000] "GET /tools/recipe HTTP/1.1" 304 - "http://localhost:4200/" "Mozilla/5.0 (Linux; Android 13; SM-G981B) AppleWebKit/537.36 (KHTML, like Gecko) Chrome/116.0.0.0 Mobile Safari/537.36"
::ffff:127.0.0.1 - - [09/Aug/2024:22:00:42 +0000] "GET /recipes/1124022400010007 HTTP/1.1" 200 516 "-" "axios/1.4.0"
