::ffff:127.0.0.1 - - [02/Aug/2024:21:36:36 +0000] "GET /profiles?userID=a525810e-5531-4f97-95a4-39a082f7416b HTTP/1.1" 200 87104 "-" "axios/1.4.0"
::1 - - [02/Aug/2024:21:36:36 +0000] "GET /recipes/subscriptions HTTP/1.1" 304 - "http://localhost:4200/" "Mozilla/5.0 (iPhone; CPU iPhone OS 16_6 like Mac OS X) AppleWebKit/605.1.15 (KHTML, like Gecko) Version/16.6 Mobile/15E148 Safari/604.1"
::1 - - [02/Aug/2024:21:36:36 +0000] "POST /profiles/loaded/ade96f70-4ec5-4ab9-adfe-0645b16e1ced HTTP/1.1" 200 - "http://localhost:4200/" "Mozilla/5.0 (iPhone; CPU iPhone OS 16_6 like Mac OS X) AppleWebKit/605.1.15 (KHTML, like Gecko) Version/16.6 Mobile/15E148 Safari/604.1"
::ffff:127.0.0.1 - - [02/Aug/2024:21:36:36 +0000] "POST /logs/user HTTP/1.1" 200 30 "-" "axios/1.4.0"
::1 - - [02/Aug/2024:21:36:46 +0000] "GET /profiles/ HTTP/1.1" 200 2095 "http://localhost:4200/" "Mozilla/5.0 (iPhone; CPU iPhone OS 16_6 like Mac OS X) AppleWebKit/605.1.15 (KHTML, like Gecko) Version/16.6 Mobile/15E148 Safari/604.1"
::1 - - [02/Aug/2024:21:36:54 +0000] "GET /profiles/ HTTP/1.1" 200 2101 "http://localhost:4200/" "Mozilla/5.0 (iPhone; CPU iPhone OS 16_6 like Mac OS X) AppleWebKit/605.1.15 (KHTML, like Gecko) Version/16.6 Mobile/15E148 Safari/604.1"
::1 - - [02/Aug/2024:21:37:05 +0000] "GET /tools HTTP/1.1" 304 - "http://localhost:4200/" "Mozilla/5.0 (iPhone; CPU iPhone OS 16_6 like Mac OS X) AppleWebKit/605.1.15 (KHTML, like Gecko) Version/16.6 Mobile/15E148 Safari/604.1"
::1 - - [02/Aug/2024:21:37:05 +0000] "GET /ingredientStocks HTTP/1.1" 304 - "http://localhost:4200/" "Mozilla/5.0 (iPhone; CPU iPhone OS 16_6 like Mac OS X) AppleWebKit/605.1.15 (KHTML, like Gecko) Version/16.6 Mobile/15E148 Safari/604.1"
::1 - - [02/Aug/2024:21:37:05 +0000] "GET /toolStocks HTTP/1.1" 304 - "http://localhost:4200/" "Mozilla/5.0 (iPhone; CPU iPhone OS 16_6 like Mac OS X) AppleWebKit/605.1.15 (KHTML, like Gecko) Version/16.6 Mobile/15E148 Safari/604.1"
::1 - - [02/Aug/2024:21:37:05 +0000] "GET /ingredients HTTP/1.1" 304 - "http://localhost:4200/" "Mozilla/5.0 (iPhone; CPU iPhone OS 16_6 like Mac OS X) AppleWebKit/605.1.15 (KHTML, like Gecko) Version/16.6 Mobile/15E148 Safari/604.1"
::1 - - [02/Aug/2024:21:37:05 +0000] "GET /recipes HTTP/1.1" 304 - "http://localhost:4200/" "Mozilla/5.0 (iPhone; CPU iPhone OS 16_6 like Mac OS X) AppleWebKit/605.1.15 (KHTML, like Gecko) Version/16.6 Mobile/15E148 Safari/604.1"
::1 - - [02/Aug/2024:21:37:05 +0000] "GET /recipes/categories HTTP/1.1" 304 - "http://localhost:4200/" "Mozilla/5.0 (iPhone; CPU iPhone OS 16_6 like Mac OS X) AppleWebKit/605.1.15 (KHTML, like Gecko) Version/16.6 Mobile/15E148 Safari/604.1"
::1 - - [02/Aug/2024:21:37:05 +0000] "GET /tools/recipe HTTP/1.1" 304 - "http://localhost:4200/" "Mozilla/5.0 (iPhone; CPU iPhone OS 16_6 like Mac OS X) AppleWebKit/605.1.15 (KHTML, like Gecko) Version/16.6 Mobile/15E148 Safari/604.1"
::1 - - [02/Aug/2024:21:37:05 +0000] "GET /recipes/discover HTTP/1.1" 304 - "http://localhost:4200/" "Mozilla/5.0 (iPhone; CPU iPhone OS 16_6 like Mac OS X) AppleWebKit/605.1.15 (KHTML, like Gecko) Version/16.6 Mobile/15E148 Safari/604.1"
::1 - - [02/Aug/2024:21:37:05 +0000] "GET /ingredients/recipe HTTP/1.1" 304 - "http://localhost:4200/" "Mozilla/5.0 (iPhone; CPU iPhone OS 16_6 like Mac OS X) AppleWebKit/605.1.15 (KHTML, like Gecko) Version/16.6 Mobile/15E148 Safari/604.1"
::ffff:127.0.0.1 - - [02/Aug/2024:21:37:05 +0000] "GET /recipes/1124022400010007 HTTP/1.1" 200 516 "-" "axios/1.4.0"
::1 - - [02/Aug/2024:21:37:05 +0000] "GET /steps/recipe HTTP/1.1" 304 - "http://localhost:4200/" "Mozilla/5.0 (iPhone; CPU iPhone OS 16_6 like Mac OS X) AppleWebKit/605.1.15 (KHTML, like Gecko) Version/16.6 Mobile/15E148 Safari/604.1"
::1 - - [02/Aug/2024:21:37:05 +0000] "GET /steps HTTP/1.1" 304 - "http://localhost:4200/" "Mozilla/5.0 (iPhone; CPU iPhone OS 16_6 like Mac OS X) AppleWebKit/605.1.15 (KHTML, like Gecko) Version/16.6 Mobile/15E148 Safari/604.1"
::1 - - [02/Aug/2024:21:37:05 +0000] "GET /persons/friendships HTTP/1.1" 304 - "http://localhost:4200/" "Mozilla/5.0 (iPhone; CPU iPhone OS 16_6 like Mac OS X) AppleWebKit/605.1.15 (KHTML, like Gecko) Version/16.6 Mobile/15E148 Safari/604.1"
::1 - - [02/Aug/2024:21:37:05 +0000] "GET /persons/followships HTTP/1.1" 304 - "http://localhost:4200/" "Mozilla/5.0 (iPhone; CPU iPhone OS 16_6 like Mac OS X) AppleWebKit/605.1.15 (KHTML, like Gecko) Version/16.6 Mobile/15E148 Safari/604.1"
::1 - - [02/Aug/2024:21:37:05 +0000] "GET /persons/followships/followers HTTP/1.1" 304 - "http://localhost:4200/" "Mozilla/5.0 (iPhone; CPU iPhone OS 16_6 like Mac OS X) AppleWebKit/605.1.15 (KHTML, like Gecko) Version/16.6 Mobile/15E148 Safari/604.1"
::ffff:127.0.0.1 - - [02/Aug/2024:21:37:05 +0000] "GET /profiles?userID=a525810e-5531-4f97-95a4-39a082f7416b HTTP/1.1" 200 87104 "-" "axios/1.4.0"
::ffff:127.0.0.1 - - [02/Aug/2024:21:37:05 +0000] "GET /recipes/1124031400010017 HTTP/1.1" 200 517 "-" "axios/1.4.0"
::1 - - [02/Aug/2024:21:37:06 +0000] "GET /profiles/ HTTP/1.1" 304 - "http://localhost:4200/" "Mozilla/5.0 (iPhone; CPU iPhone OS 16_6 like Mac OS X) AppleWebKit/605.1.15 (KHTML, like Gecko) Version/16.6 Mobile/15E148 Safari/604.1"
::1 - - [02/Aug/2024:21:37:06 +0000] "GET /profiles/followers HTTP/1.1" 304 - "http://localhost:4200/" "Mozilla/5.0 (iPhone; CPU iPhone OS 16_6 like Mac OS X) AppleWebKit/605.1.15 (KHTML, like Gecko) Version/16.6 Mobile/15E148 Safari/604.1"
::1 - - [02/Aug/2024:21:37:06 +0000] "GET /messages HTTP/1.1" 304 - "http://localhost:4200/" "Mozilla/5.0 (iPhone; CPU iPhone OS 16_6 like Mac OS X) AppleWebKit/605.1.15 (KHTML, like Gecko) Version/16.6 Mobile/15E148 Safari/604.1"
::1 - - [02/Aug/2024:21:37:06 +0000] "GET /profiles/friends?friendStatus=receivedRequest HTTP/1.1" 304 - "http://localhost:4200/" "Mozilla/5.0 (iPhone; CPU iPhone OS 16_6 like Mac OS X) AppleWebKit/605.1.15 (KHTML, like Gecko) Version/16.6 Mobile/15E148 Safari/604.1"
::1 - - [02/Aug/2024:21:37:06 +0000] "GET /profiles/friends?friendStatus=confirmed HTTP/1.1" 200 94626 "http://localhost:4200/" "Mozilla/5.0 (iPhone; CPU iPhone OS 16_6 like Mac OS X) AppleWebKit/605.1.15 (KHTML, like Gecko) Version/16.6 Mobile/15E148 Safari/604.1"
::1 - - [02/Aug/2024:21:37:06 +0000] "GET /shopping/lists HTTP/1.1" 304 - "http://localhost:4200/" "Mozilla/5.0 (iPhone; CPU iPhone OS 16_6 like Mac OS X) AppleWebKit/605.1.15 (KHTML, like Gecko) Version/16.6 Mobile/15E148 Safari/604.1"
::1 - - [02/Aug/2024:21:37:06 +0000] "GET /profiles/friends?friendStatus=requesting HTTP/1.1" 304 - "http://localhost:4200/" "Mozilla/5.0 (iPhone; CPU iPhone OS 16_6 like Mac OS X) AppleWebKit/605.1.15 (KHTML, like Gecko) Version/16.6 Mobile/15E148 Safari/604.1"
::1 - - [02/Aug/2024:21:37:06 +0000] "GET /profiles/following HTTP/1.1" 304 - "http://localhost:4200/" "Mozilla/5.0 (iPhone; CPU iPhone OS 16_6 like Mac OS X) AppleWebKit/605.1.15 (KHTML, like Gecko) Version/16.6 Mobile/15E148 Safari/604.1"
::1 - - [02/Aug/2024:21:37:06 +0000] "GET /shopping/lists/shared HTTP/1.1" 304 - "http://localhost:4200/" "Mozilla/5.0 (iPhone; CPU iPhone OS 16_6 like Mac OS X) AppleWebKit/605.1.15 (KHTML, like Gecko) Version/16.6 Mobile/15E148 Safari/604.1"
::1 - - [02/Aug/2024:21:37:06 +0000] "GET /shopping/listRecipes HTTP/1.1" 304 - "http://localhost:4200/" "Mozilla/5.0 (iPhone; CPU iPhone OS 16_6 like Mac OS X) AppleWebKit/605.1.15 (KHTML, like Gecko) Version/16.6 Mobile/15E148 Safari/604.1"
::ffff:127.0.0.1 - - [02/Aug/2024:21:37:06 +0000] "GET /profiles?userID=a525810e-5531-4f97-95a4-39a082f7416b HTTP/1.1" 200 87104 "-" "axios/1.4.0"
::1 - - [02/Aug/2024:21:37:06 +0000] "GET /recipes/subscriptions HTTP/1.1" 304 - "http://localhost:4200/" "Mozilla/5.0 (iPhone; CPU iPhone OS 16_6 like Mac OS X) AppleWebKit/605.1.15 (KHTML, like Gecko) Version/16.6 Mobile/15E148 Safari/604.1"
::1 - - [02/Aug/2024:21:37:07 +0000] "POST /profiles/loaded/ade96f70-4ec5-4ab9-adfe-0645b16e1ced HTTP/1.1" 200 - "http://localhost:4200/" "Mozilla/5.0 (iPhone; CPU iPhone OS 16_6 like Mac OS X) AppleWebKit/605.1.15 (KHTML, like Gecko) Version/16.6 Mobile/15E148 Safari/604.1"
::ffff:127.0.0.1 - - [02/Aug/2024:21:37:07 +0000] "POST /logs/user HTTP/1.1" 200 30 "-" "axios/1.4.0"
::1 - - [02/Aug/2024:21:37:14 +0000] "GET /logs/recipe?userID=42199648-12c4-43e0-8ede-71a502cba988&eventType=createRecipe&createdAfter=2024-07-03%2000:00:00.0%2B00&createdBefore=undefined HTTP/1.1" 200 5935 "http://localhost:4200/" "Mozilla/5.0 (iPhone; CPU iPhone OS 16_6 like Mac OS X) AppleWebKit/605.1.15 (KHTML, like Gecko) Version/16.6 Mobile/15E148 Safari/604.1"
::1 - - [02/Aug/2024:21:37:14 +0000] "GET /logs/recipeFeedback?userID=42199648-12c4-43e0-8ede-71a502cba988&recipeID=undefined&createdAfter=undefined&createdBefore=undefined HTTP/1.1" 200 301 "http://localhost:4200/" "Mozilla/5.0 (iPhone; CPU iPhone OS 16_6 like Mac OS X) AppleWebKit/605.1.15 (KHTML, like Gecko) Version/16.6 Mobile/15E148 Safari/604.1"
::1 - - [02/Aug/2024:21:37:31 +0000] "GET /profiles/search?searchQuery=josh HTTP/1.1" 200 4561 "http://localhost:4200/" "Mozilla/5.0 (iPhone; CPU iPhone OS 16_6 like Mac OS X) AppleWebKit/605.1.15 (KHTML, like Gecko) Version/16.6 Mobile/15E148 Safari/604.1"
::1 - - [02/Aug/2024:21:39:30 +0000] "GET /tools HTTP/1.1" 304 - "http://localhost:4200/" "Mozilla/5.0 (iPhone; CPU iPhone OS 16_6 like Mac OS X) AppleWebKit/605.1.15 (KHTML, like Gecko) Version/16.6 Mobile/15E148 Safari/604.1"
::1 - - [02/Aug/2024:21:39:30 +0000] "GET /ingredientStocks HTTP/1.1" 304 - "http://localhost:4200/" "Mozilla/5.0 (iPhone; CPU iPhone OS 16_6 like Mac OS X) AppleWebKit/605.1.15 (KHTML, like Gecko) Version/16.6 Mobile/15E148 Safari/604.1"
::1 - - [02/Aug/2024:21:39:30 +0000] "GET /recipes HTTP/1.1" 304 - "http://localhost:4200/" "Mozilla/5.0 (iPhone; CPU iPhone OS 16_6 like Mac OS X) AppleWebKit/605.1.15 (KHTML, like Gecko) Version/16.6 Mobile/15E148 Safari/604.1"
::1 - - [02/Aug/2024:21:39:30 +0000] "GET /ingredients HTTP/1.1" 304 - "http://localhost:4200/" "Mozilla/5.0 (iPhone; CPU iPhone OS 16_6 like Mac OS X) AppleWebKit/605.1.15 (KHTML, like Gecko) Version/16.6 Mobile/15E148 Safari/604.1"
::1 - - [02/Aug/2024:21:39:30 +0000] "GET /toolStocks HTTP/1.1" 304 - "http://localhost:4200/" "Mozilla/5.0 (iPhone; CPU iPhone OS 16_6 like Mac OS X) AppleWebKit/605.1.15 (KHTML, like Gecko) Version/16.6 Mobile/15E148 Safari/604.1"
::1 - - [02/Aug/2024:21:39:30 +0000] "GET /tools/recipe HTTP/1.1" 304 - "http://localhost:4200/" "Mozilla/5.0 (iPhone; CPU iPhone OS 16_6 like Mac OS X) AppleWebKit/605.1.15 (KHTML, like Gecko) Version/16.6 Mobile/15E148 Safari/604.1"
::1 - - [02/Aug/2024:21:39:30 +0000] "GET /recipes/categories HTTP/1.1" 304 - "http://localhost:4200/" "Mozilla/5.0 (iPhone; CPU iPhone OS 16_6 like Mac OS X) AppleWebKit/605.1.15 (KHTML, like Gecko) Version/16.6 Mobile/15E148 Safari/604.1"
::1 - - [02/Aug/2024:21:39:30 +0000] "GET /ingredients/recipe HTTP/1.1" 304 - "http://localhost:4200/" "Mozilla/5.0 (iPhone; CPU iPhone OS 16_6 like Mac OS X) AppleWebKit/605.1.15 (KHTML, like Gecko) Version/16.6 Mobile/15E148 Safari/604.1"
::1 - - [02/Aug/2024:21:39:30 +0000] "GET /recipes/discover HTTP/1.1" 304 - "http://localhost:4200/" "Mozilla/5.0 (iPhone; CPU iPhone OS 16_6 like Mac OS X) AppleWebKit/605.1.15 (KHTML, like Gecko) Version/16.6 Mobile/15E148 Safari/604.1"
::ffff:127.0.0.1 - - [02/Aug/2024:21:39:30 +0000] "GET /recipes/1124022400010007 HTTP/1.1" 200 516 "-" "axios/1.4.0"
::1 - - [02/Aug/2024:21:39:30 +0000] "GET /steps/recipe HTTP/1.1" 304 - "http://localhost:4200/" "Mozilla/5.0 (iPhone; CPU iPhone OS 16_6 like Mac OS X) AppleWebKit/605.1.15 (KHTML, like Gecko) Version/16.6 Mobile/15E148 Safari/604.1"
::1 - - [02/Aug/2024:21:39:30 +0000] "GET /steps HTTP/1.1" 304 - "http://localhost:4200/" "Mozilla/5.0 (iPhone; CPU iPhone OS 16_6 like Mac OS X) AppleWebKit/605.1.15 (KHTML, like Gecko) Version/16.6 Mobile/15E148 Safari/604.1"
::1 - - [02/Aug/2024:21:39:30 +0000] "GET /persons/friendships HTTP/1.1" 304 - "http://localhost:4200/" "Mozilla/5.0 (iPhone; CPU iPhone OS 16_6 like Mac OS X) AppleWebKit/605.1.15 (KHTML, like Gecko) Version/16.6 Mobile/15E148 Safari/604.1"
::1 - - [02/Aug/2024:21:39:30 +0000] "GET /persons/followships HTTP/1.1" 304 - "http://localhost:4200/" "Mozilla/5.0 (iPhone; CPU iPhone OS 16_6 like Mac OS X) AppleWebKit/605.1.15 (KHTML, like Gecko) Version/16.6 Mobile/15E148 Safari/604.1"
::1 - - [02/Aug/2024:21:39:30 +0000] "GET /persons/followships/followers HTTP/1.1" 304 - "http://localhost:4200/" "Mozilla/5.0 (iPhone; CPU iPhone OS 16_6 like Mac OS X) AppleWebKit/605.1.15 (KHTML, like Gecko) Version/16.6 Mobile/15E148 Safari/604.1"
::ffff:127.0.0.1 - - [02/Aug/2024:21:39:30 +0000] "GET /profiles?userID=a525810e-5531-4f97-95a4-39a082f7416b HTTP/1.1" 200 87104 "-" "axios/1.4.0"
::ffff:127.0.0.1 - - [02/Aug/2024:21:39:30 +0000] "GET /recipes/1124031400010017 HTTP/1.1" 200 517 "-" "axios/1.4.0"
::1 - - [02/Aug/2024:21:39:31 +0000] "GET /profiles/followers HTTP/1.1" 304 - "http://localhost:4200/" "Mozilla/5.0 (iPhone; CPU iPhone OS 16_6 like Mac OS X) AppleWebKit/605.1.15 (KHTML, like Gecko) Version/16.6 Mobile/15E148 Safari/604.1"
::1 - - [02/Aug/2024:21:39:31 +0000] "GET /profiles/ HTTP/1.1" 304 - "http://localhost:4200/" "Mozilla/5.0 (iPhone; CPU iPhone OS 16_6 like Mac OS X) AppleWebKit/605.1.15 (KHTML, like Gecko) Version/16.6 Mobile/15E148 Safari/604.1"
::1 - - [02/Aug/2024:21:39:31 +0000] "GET /messages HTTP/1.1" 304 - "http://localhost:4200/" "Mozilla/5.0 (iPhone; CPU iPhone OS 16_6 like Mac OS X) AppleWebKit/605.1.15 (KHTML, like Gecko) Version/16.6 Mobile/15E148 Safari/604.1"
::1 - - [02/Aug/2024:21:39:31 +0000] "GET /profiles/following HTTP/1.1" 304 - "http://localhost:4200/" "Mozilla/5.0 (iPhone; CPU iPhone OS 16_6 like Mac OS X) AppleWebKit/605.1.15 (KHTML, like Gecko) Version/16.6 Mobile/15E148 Safari/604.1"
::1 - - [02/Aug/2024:21:39:31 +0000] "GET /profiles/friends?friendStatus=receivedRequest HTTP/1.1" 304 - "http://localhost:4200/" "Mozilla/5.0 (iPhone; CPU iPhone OS 16_6 like Mac OS X) AppleWebKit/605.1.15 (KHTML, like Gecko) Version/16.6 Mobile/15E148 Safari/604.1"
::1 - - [02/Aug/2024:21:39:31 +0000] "GET /shopping/lists HTTP/1.1" 304 - "http://localhost:4200/" "Mozilla/5.0 (iPhone; CPU iPhone OS 16_6 like Mac OS X) AppleWebKit/605.1.15 (KHTML, like Gecko) Version/16.6 Mobile/15E148 Safari/604.1"
::1 - - [02/Aug/2024:21:39:31 +0000] "GET /profiles/friends?friendStatus=requesting HTTP/1.1" 304 - "http://localhost:4200/" "Mozilla/5.0 (iPhone; CPU iPhone OS 16_6 like Mac OS X) AppleWebKit/605.1.15 (KHTML, like Gecko) Version/16.6 Mobile/15E148 Safari/604.1"
::1 - - [02/Aug/2024:21:39:31 +0000] "GET /profiles/friends?friendStatus=confirmed HTTP/1.1" 200 94626 "http://localhost:4200/" "Mozilla/5.0 (iPhone; CPU iPhone OS 16_6 like Mac OS X) AppleWebKit/605.1.15 (KHTML, like Gecko) Version/16.6 Mobile/15E148 Safari/604.1"
::1 - - [02/Aug/2024:21:39:31 +0000] "GET /shopping/lists/shared HTTP/1.1" 304 - "http://localhost:4200/" "Mozilla/5.0 (iPhone; CPU iPhone OS 16_6 like Mac OS X) AppleWebKit/605.1.15 (KHTML, like Gecko) Version/16.6 Mobile/15E148 Safari/604.1"
::ffff:127.0.0.1 - - [02/Aug/2024:21:39:31 +0000] "GET /profiles?userID=a525810e-5531-4f97-95a4-39a082f7416b HTTP/1.1" 200 87104 "-" "axios/1.4.0"
::1 - - [02/Aug/2024:21:39:31 +0000] "GET /recipes/subscriptions HTTP/1.1" 304 - "http://localhost:4200/" "Mozilla/5.0 (iPhone; CPU iPhone OS 16_6 like Mac OS X) AppleWebKit/605.1.15 (KHTML, like Gecko) Version/16.6 Mobile/15E148 Safari/604.1"
::1 - - [02/Aug/2024:21:39:31 +0000] "GET /shopping/listRecipes HTTP/1.1" 304 - "http://localhost:4200/" "Mozilla/5.0 (iPhone; CPU iPhone OS 16_6 like Mac OS X) AppleWebKit/605.1.15 (KHTML, like Gecko) Version/16.6 Mobile/15E148 Safari/604.1"
::1 - - [02/Aug/2024:21:39:32 +0000] "POST /profiles/loaded/ade96f70-4ec5-4ab9-adfe-0645b16e1ced HTTP/1.1" 200 - "http://localhost:4200/" "Mozilla/5.0 (iPhone; CPU iPhone OS 16_6 like Mac OS X) AppleWebKit/605.1.15 (KHTML, like Gecko) Version/16.6 Mobile/15E148 Safari/604.1"
::ffff:127.0.0.1 - - [02/Aug/2024:21:39:32 +0000] "POST /logs/user HTTP/1.1" 200 30 "-" "axios/1.4.0"
::1 - - [02/Aug/2024:21:39:37 +0000] "GET /profiles/search?searchQuery=josh HTTP/1.1" 200 4561 "http://localhost:4200/" "Mozilla/5.0 (iPhone; CPU iPhone OS 16_6 like Mac OS X) AppleWebKit/605.1.15 (KHTML, like Gecko) Version/16.6 Mobile/15E148 Safari/604.1"
::1 - - [02/Aug/2024:21:40:48 +0000] "GET /toolStocks HTTP/1.1" 304 - "http://localhost:4200/" "Mozilla/5.0 (iPhone; CPU iPhone OS 16_6 like Mac OS X) AppleWebKit/605.1.15 (KHTML, like Gecko) Version/16.6 Mobile/15E148 Safari/604.1"
::1 - - [02/Aug/2024:21:40:48 +0000] "GET /tools HTTP/1.1" 304 - "http://localhost:4200/" "Mozilla/5.0 (iPhone; CPU iPhone OS 16_6 like Mac OS X) AppleWebKit/605.1.15 (KHTML, like Gecko) Version/16.6 Mobile/15E148 Safari/604.1"
::1 - - [02/Aug/2024:21:40:48 +0000] "GET /ingredientStocks HTTP/1.1" 304 - "http://localhost:4200/" "Mozilla/5.0 (iPhone; CPU iPhone OS 16_6 like Mac OS X) AppleWebKit/605.1.15 (KHTML, like Gecko) Version/16.6 Mobile/15E148 Safari/604.1"
::1 - - [02/Aug/2024:21:40:48 +0000] "GET /recipes HTTP/1.1" 304 - "http://localhost:4200/" "Mozilla/5.0 (iPhone; CPU iPhone OS 16_6 like Mac OS X) AppleWebKit/605.1.15 (KHTML, like Gecko) Version/16.6 Mobile/15E148 Safari/604.1"
::1 - - [02/Aug/2024:21:40:48 +0000] "GET /ingredients HTTP/1.1" 304 - "http://localhost:4200/" "Mozilla/5.0 (iPhone; CPU iPhone OS 16_6 like Mac OS X) AppleWebKit/605.1.15 (KHTML, like Gecko) Version/16.6 Mobile/15E148 Safari/604.1"
::1 - - [02/Aug/2024:21:40:49 +0000] "GET /recipes/categories HTTP/1.1" 304 - "http://localhost:4200/" "Mozilla/5.0 (iPhone; CPU iPhone OS 16_6 like Mac OS X) AppleWebKit/605.1.15 (KHTML, like Gecko) Version/16.6 Mobile/15E148 Safari/604.1"
::1 - - [02/Aug/2024:21:40:49 +0000] "GET /tools/recipe HTTP/1.1" 304 - "http://localhost:4200/" "Mozilla/5.0 (iPhone; CPU iPhone OS 16_6 like Mac OS X) AppleWebKit/605.1.15 (KHTML, like Gecko) Version/16.6 Mobile/15E148 Safari/604.1"
::1 - - [02/Aug/2024:21:40:49 +0000] "GET /recipes/discover HTTP/1.1" 304 - "http://localhost:4200/" "Mozilla/5.0 (iPhone; CPU iPhone OS 16_6 like Mac OS X) AppleWebKit/605.1.15 (KHTML, like Gecko) Version/16.6 Mobile/15E148 Safari/604.1"
::1 - - [02/Aug/2024:21:40:49 +0000] "GET /ingredients/recipe HTTP/1.1" 304 - "http://localhost:4200/" "Mozilla/5.0 (iPhone; CPU iPhone OS 16_6 like Mac OS X) AppleWebKit/605.1.15 (KHTML, like Gecko) Version/16.6 Mobile/15E148 Safari/604.1"
::ffff:127.0.0.1 - - [02/Aug/2024:21:40:49 +0000] "GET /recipes/1124022400010007 HTTP/1.1" 200 516 "-" "axios/1.4.0"
::1 - - [02/Aug/2024:21:40:49 +0000] "GET /steps/recipe HTTP/1.1" 304 - "http://localhost:4200/" "Mozilla/5.0 (iPhone; CPU iPhone OS 16_6 like Mac OS X) AppleWebKit/605.1.15 (KHTML, like Gecko) Version/16.6 Mobile/15E148 Safari/604.1"
::1 - - [02/Aug/2024:21:40:49 +0000] "GET /steps HTTP/1.1" 304 - "http://localhost:4200/" "Mozilla/5.0 (iPhone; CPU iPhone OS 16_6 like Mac OS X) AppleWebKit/605.1.15 (KHTML, like Gecko) Version/16.6 Mobile/15E148 Safari/604.1"
::1 - - [02/Aug/2024:21:40:49 +0000] "GET /persons/friendships HTTP/1.1" 304 - "http://localhost:4200/" "Mozilla/5.0 (iPhone; CPU iPhone OS 16_6 like Mac OS X) AppleWebKit/605.1.15 (KHTML, like Gecko) Version/16.6 Mobile/15E148 Safari/604.1"
::1 - - [02/Aug/2024:21:40:49 +0000] "GET /persons/followships HTTP/1.1" 304 - "http://localhost:4200/" "Mozilla/5.0 (iPhone; CPU iPhone OS 16_6 like Mac OS X) AppleWebKit/605.1.15 (KHTML, like Gecko) Version/16.6 Mobile/15E148 Safari/604.1"
::1 - - [02/Aug/2024:21:40:49 +0000] "GET /persons/followships/followers HTTP/1.1" 304 - "http://localhost:4200/" "Mozilla/5.0 (iPhone; CPU iPhone OS 16_6 like Mac OS X) AppleWebKit/605.1.15 (KHTML, like Gecko) Version/16.6 Mobile/15E148 Safari/604.1"
::ffff:127.0.0.1 - - [02/Aug/2024:21:40:49 +0000] "GET /profiles?userID=a525810e-5531-4f97-95a4-39a082f7416b HTTP/1.1" 200 87104 "-" "axios/1.4.0"
::ffff:127.0.0.1 - - [02/Aug/2024:21:40:49 +0000] "GET /recipes/1124031400010017 HTTP/1.1" 200 517 "-" "axios/1.4.0"
::1 - - [02/Aug/2024:21:40:49 +0000] "GET /profiles/ HTTP/1.1" 304 - "http://localhost:4200/" "Mozilla/5.0 (iPhone; CPU iPhone OS 16_6 like Mac OS X) AppleWebKit/605.1.15 (KHTML, like Gecko) Version/16.6 Mobile/15E148 Safari/604.1"
::1 - - [02/Aug/2024:21:40:49 +0000] "GET /messages HTTP/1.1" 304 - "http://localhost:4200/" "Mozilla/5.0 (iPhone; CPU iPhone OS 16_6 like Mac OS X) AppleWebKit/605.1.15 (KHTML, like Gecko) Version/16.6 Mobile/15E148 Safari/604.1"
::1 - - [02/Aug/2024:21:40:49 +0000] "GET /profiles/following HTTP/1.1" 304 - "http://localhost:4200/" "Mozilla/5.0 (iPhone; CPU iPhone OS 16_6 like Mac OS X) AppleWebKit/605.1.15 (KHTML, like Gecko) Version/16.6 Mobile/15E148 Safari/604.1"
::1 - - [02/Aug/2024:21:40:49 +0000] "GET /profiles/followers HTTP/1.1" 304 - "http://localhost:4200/" "Mozilla/5.0 (iPhone; CPU iPhone OS 16_6 like Mac OS X) AppleWebKit/605.1.15 (KHTML, like Gecko) Version/16.6 Mobile/15E148 Safari/604.1"
::1 - - [02/Aug/2024:21:40:49 +0000] "GET /profiles/friends?friendStatus=receivedRequest HTTP/1.1" 304 - "http://localhost:4200/" "Mozilla/5.0 (iPhone; CPU iPhone OS 16_6 like Mac OS X) AppleWebKit/605.1.15 (KHTML, like Gecko) Version/16.6 Mobile/15E148 Safari/604.1"
::1 - - [02/Aug/2024:21:40:49 +0000] "GET /profiles/friends?friendStatus=requesting HTTP/1.1" 304 - "http://localhost:4200/" "Mozilla/5.0 (iPhone; CPU iPhone OS 16_6 like Mac OS X) AppleWebKit/605.1.15 (KHTML, like Gecko) Version/16.6 Mobile/15E148 Safari/604.1"
::1 - - [02/Aug/2024:21:40:49 +0000] "GET /profiles/friends?friendStatus=confirmed HTTP/1.1" 200 94626 "http://localhost:4200/" "Mozilla/5.0 (iPhone; CPU iPhone OS 16_6 like Mac OS X) AppleWebKit/605.1.15 (KHTML, like Gecko) Version/16.6 Mobile/15E148 Safari/604.1"
::1 - - [02/Aug/2024:21:40:50 +0000] "GET /shopping/lists HTTP/1.1" 304 - "http://localhost:4200/" "Mozilla/5.0 (iPhone; CPU iPhone OS 16_6 like Mac OS X) AppleWebKit/605.1.15 (KHTML, like Gecko) Version/16.6 Mobile/15E148 Safari/604.1"
::1 - - [02/Aug/2024:21:40:50 +0000] "GET /shopping/lists/shared HTTP/1.1" 304 - "http://localhost:4200/" "Mozilla/5.0 (iPhone; CPU iPhone OS 16_6 like Mac OS X) AppleWebKit/605.1.15 (KHTML, like Gecko) Version/16.6 Mobile/15E148 Safari/604.1"
::1 - - [02/Aug/2024:21:40:50 +0000] "GET /shopping/listRecipes HTTP/1.1" 304 - "http://localhost:4200/" "Mozilla/5.0 (iPhone; CPU iPhone OS 16_6 like Mac OS X) AppleWebKit/605.1.15 (KHTML, like Gecko) Version/16.6 Mobile/15E148 Safari/604.1"
::ffff:127.0.0.1 - - [02/Aug/2024:21:40:50 +0000] "GET /profiles?userID=a525810e-5531-4f97-95a4-39a082f7416b HTTP/1.1" 200 87104 "-" "axios/1.4.0"
::1 - - [02/Aug/2024:21:40:50 +0000] "GET /recipes/subscriptions HTTP/1.1" 304 - "http://localhost:4200/" "Mozilla/5.0 (iPhone; CPU iPhone OS 16_6 like Mac OS X) AppleWebKit/605.1.15 (KHTML, like Gecko) Version/16.6 Mobile/15E148 Safari/604.1"
::1 - - [02/Aug/2024:21:40:50 +0000] "POST /profiles/loaded/ade96f70-4ec5-4ab9-adfe-0645b16e1ced HTTP/1.1" 200 - "http://localhost:4200/" "Mozilla/5.0 (iPhone; CPU iPhone OS 16_6 like Mac OS X) AppleWebKit/605.1.15 (KHTML, like Gecko) Version/16.6 Mobile/15E148 Safari/604.1"
::ffff:127.0.0.1 - - [02/Aug/2024:21:40:50 +0000] "POST /logs/user HTTP/1.1" 200 30 "-" "axios/1.4.0"
::1 - - [02/Aug/2024:21:40:56 +0000] "GET /profiles/search?searchQuery=josh HTTP/1.1" 304 - "http://localhost:4200/" "Mozilla/5.0 (iPhone; CPU iPhone OS 16_6 like Mac OS X) AppleWebKit/605.1.15 (KHTML, like Gecko) Version/16.6 Mobile/15E148 Safari/604.1"
::1 - - [02/Aug/2024:21:42:04 +0000] "GET /ingredients HTTP/1.1" 304 - "http://localhost:4200/" "Mozilla/5.0 (iPhone; CPU iPhone OS 16_6 like Mac OS X) AppleWebKit/605.1.15 (KHTML, like Gecko) Version/16.6 Mobile/15E148 Safari/604.1"
::1 - - [02/Aug/2024:21:42:04 +0000] "GET /recipes HTTP/1.1" 304 - "http://localhost:4200/" "Mozilla/5.0 (iPhone; CPU iPhone OS 16_6 like Mac OS X) AppleWebKit/605.1.15 (KHTML, like Gecko) Version/16.6 Mobile/15E148 Safari/604.1"
::1 - - [02/Aug/2024:21:42:04 +0000] "GET /toolStocks HTTP/1.1" 304 - "http://localhost:4200/" "Mozilla/5.0 (iPhone; CPU iPhone OS 16_6 like Mac OS X) AppleWebKit/605.1.15 (KHTML, like Gecko) Version/16.6 Mobile/15E148 Safari/604.1"
::1 - - [02/Aug/2024:21:42:04 +0000] "GET /ingredientStocks HTTP/1.1" 304 - "http://localhost:4200/" "Mozilla/5.0 (iPhone; CPU iPhone OS 16_6 like Mac OS X) AppleWebKit/605.1.15 (KHTML, like Gecko) Version/16.6 Mobile/15E148 Safari/604.1"
::1 - - [02/Aug/2024:21:42:04 +0000] "GET /tools HTTP/1.1" 304 - "http://localhost:4200/" "Mozilla/5.0 (iPhone; CPU iPhone OS 16_6 like Mac OS X) AppleWebKit/605.1.15 (KHTML, like Gecko) Version/16.6 Mobile/15E148 Safari/604.1"
::1 - - [02/Aug/2024:21:42:04 +0000] "GET /recipes/categories HTTP/1.1" 304 - "http://localhost:4200/" "Mozilla/5.0 (iPhone; CPU iPhone OS 16_6 like Mac OS X) AppleWebKit/605.1.15 (KHTML, like Gecko) Version/16.6 Mobile/15E148 Safari/604.1"
::1 - - [02/Aug/2024:21:42:04 +0000] "GET /tools/recipe HTTP/1.1" 304 - "http://localhost:4200/" "Mozilla/5.0 (iPhone; CPU iPhone OS 16_6 like Mac OS X) AppleWebKit/605.1.15 (KHTML, like Gecko) Version/16.6 Mobile/15E148 Safari/604.1"
::1 - - [02/Aug/2024:21:42:04 +0000] "GET /recipes/discover HTTP/1.1" 304 - "http://localhost:4200/" "Mozilla/5.0 (iPhone; CPU iPhone OS 16_6 like Mac OS X) AppleWebKit/605.1.15 (KHTML, like Gecko) Version/16.6 Mobile/15E148 Safari/604.1"
::1 - - [02/Aug/2024:21:42:04 +0000] "GET /ingredients/recipe HTTP/1.1" 304 - "http://localhost:4200/" "Mozilla/5.0 (iPhone; CPU iPhone OS 16_6 like Mac OS X) AppleWebKit/605.1.15 (KHTML, like Gecko) Version/16.6 Mobile/15E148 Safari/604.1"
::ffff:127.0.0.1 - - [02/Aug/2024:21:42:04 +0000] "GET /recipes/1124022400010007 HTTP/1.1" 200 516 "-" "axios/1.4.0"
::1 - - [02/Aug/2024:21:42:05 +0000] "GET /steps/recipe HTTP/1.1" 304 - "http://localhost:4200/" "Mozilla/5.0 (iPhone; CPU iPhone OS 16_6 like Mac OS X) AppleWebKit/605.1.15 (KHTML, like Gecko) Version/16.6 Mobile/15E148 Safari/604.1"
::1 - - [02/Aug/2024:21:42:05 +0000] "GET /steps HTTP/1.1" 304 - "http://localhost:4200/" "Mozilla/5.0 (iPhone; CPU iPhone OS 16_6 like Mac OS X) AppleWebKit/605.1.15 (KHTML, like Gecko) Version/16.6 Mobile/15E148 Safari/604.1"
::1 - - [02/Aug/2024:21:42:05 +0000] "GET /persons/followships HTTP/1.1" 304 - "http://localhost:4200/" "Mozilla/5.0 (iPhone; CPU iPhone OS 16_6 like Mac OS X) AppleWebKit/605.1.15 (KHTML, like Gecko) Version/16.6 Mobile/15E148 Safari/604.1"
::1 - - [02/Aug/2024:21:42:05 +0000] "GET /persons/friendships HTTP/1.1" 304 - "http://localhost:4200/" "Mozilla/5.0 (iPhone; CPU iPhone OS 16_6 like Mac OS X) AppleWebKit/605.1.15 (KHTML, like Gecko) Version/16.6 Mobile/15E148 Safari/604.1"
::1 - - [02/Aug/2024:21:42:05 +0000] "GET /persons/followships/followers HTTP/1.1" 304 - "http://localhost:4200/" "Mozilla/5.0 (iPhone; CPU iPhone OS 16_6 like Mac OS X) AppleWebKit/605.1.15 (KHTML, like Gecko) Version/16.6 Mobile/15E148 Safari/604.1"
::ffff:127.0.0.1 - - [02/Aug/2024:21:42:05 +0000] "GET /profiles?userID=a525810e-5531-4f97-95a4-39a082f7416b HTTP/1.1" 200 87104 "-" "axios/1.4.0"
::1 - - [02/Aug/2024:21:42:05 +0000] "GET /messages HTTP/1.1" 304 - "http://localhost:4200/" "Mozilla/5.0 (iPhone; CPU iPhone OS 16_6 like Mac OS X) AppleWebKit/605.1.15 (KHTML, like Gecko) Version/16.6 Mobile/15E148 Safari/604.1"
::1 - - [02/Aug/2024:21:42:05 +0000] "GET /profiles/ HTTP/1.1" 304 - "http://localhost:4200/" "Mozilla/5.0 (iPhone; CPU iPhone OS 16_6 like Mac OS X) AppleWebKit/605.1.15 (KHTML, like Gecko) Version/16.6 Mobile/15E148 Safari/604.1"
::ffff:127.0.0.1 - - [02/Aug/2024:21:42:05 +0000] "GET /recipes/1124031400010017 HTTP/1.1" 200 517 "-" "axios/1.4.0"
::1 - - [02/Aug/2024:21:42:05 +0000] "GET /profiles/followers HTTP/1.1" 304 - "http://localhost:4200/" "Mozilla/5.0 (iPhone; CPU iPhone OS 16_6 like Mac OS X) AppleWebKit/605.1.15 (KHTML, like Gecko) Version/16.6 Mobile/15E148 Safari/604.1"
::1 - - [02/Aug/2024:21:42:05 +0000] "GET /profiles/friends?friendStatus=receivedRequest HTTP/1.1" 304 - "http://localhost:4200/" "Mozilla/5.0 (iPhone; CPU iPhone OS 16_6 like Mac OS X) AppleWebKit/605.1.15 (KHTML, like Gecko) Version/16.6 Mobile/15E148 Safari/604.1"
::1 - - [02/Aug/2024:21:42:05 +0000] "GET /profiles/following HTTP/1.1" 304 - "http://localhost:4200/" "Mozilla/5.0 (iPhone; CPU iPhone OS 16_6 like Mac OS X) AppleWebKit/605.1.15 (KHTML, like Gecko) Version/16.6 Mobile/15E148 Safari/604.1"
::1 - - [02/Aug/2024:21:42:05 +0000] "GET /profiles/friends?friendStatus=requesting HTTP/1.1" 304 - "http://localhost:4200/" "Mozilla/5.0 (iPhone; CPU iPhone OS 16_6 like Mac OS X) AppleWebKit/605.1.15 (KHTML, like Gecko) Version/16.6 Mobile/15E148 Safari/604.1"
::1 - - [02/Aug/2024:21:42:05 +0000] "GET /shopping/lists HTTP/1.1" 304 - "http://localhost:4200/" "Mozilla/5.0 (iPhone; CPU iPhone OS 16_6 like Mac OS X) AppleWebKit/605.1.15 (KHTML, like Gecko) Version/16.6 Mobile/15E148 Safari/604.1"
::1 - - [02/Aug/2024:21:42:05 +0000] "GET /shopping/lists/shared HTTP/1.1" 304 - "http://localhost:4200/" "Mozilla/5.0 (iPhone; CPU iPhone OS 16_6 like Mac OS X) AppleWebKit/605.1.15 (KHTML, like Gecko) Version/16.6 Mobile/15E148 Safari/604.1"
::1 - - [02/Aug/2024:21:42:05 +0000] "GET /shopping/listRecipes HTTP/1.1" 304 - "http://localhost:4200/" "Mozilla/5.0 (iPhone; CPU iPhone OS 16_6 like Mac OS X) AppleWebKit/605.1.15 (KHTML, like Gecko) Version/16.6 Mobile/15E148 Safari/604.1"
::1 - - [02/Aug/2024:21:42:05 +0000] "GET /profiles/friends?friendStatus=confirmed HTTP/1.1" 304 - "http://localhost:4200/" "Mozilla/5.0 (iPhone; CPU iPhone OS 16_6 like Mac OS X) AppleWebKit/605.1.15 (KHTML, like Gecko) Version/16.6 Mobile/15E148 Safari/604.1"
::ffff:127.0.0.1 - - [02/Aug/2024:21:42:05 +0000] "GET /profiles?userID=a525810e-5531-4f97-95a4-39a082f7416b HTTP/1.1" 200 87104 "-" "axios/1.4.0"
::1 - - [02/Aug/2024:21:42:05 +0000] "GET /recipes/subscriptions HTTP/1.1" 304 - "http://localhost:4200/" "Mozilla/5.0 (iPhone; CPU iPhone OS 16_6 like Mac OS X) AppleWebKit/605.1.15 (KHTML, like Gecko) Version/16.6 Mobile/15E148 Safari/604.1"
::1 - - [02/Aug/2024:21:42:06 +0000] "POST /profiles/loaded/ade96f70-4ec5-4ab9-adfe-0645b16e1ced HTTP/1.1" 200 - "http://localhost:4200/" "Mozilla/5.0 (iPhone; CPU iPhone OS 16_6 like Mac OS X) AppleWebKit/605.1.15 (KHTML, like Gecko) Version/16.6 Mobile/15E148 Safari/604.1"
::ffff:127.0.0.1 - - [02/Aug/2024:21:42:06 +0000] "POST /logs/user HTTP/1.1" 200 30 "-" "axios/1.4.0"
::1 - - [02/Aug/2024:21:42:11 +0000] "GET /profiles/search?searchQuery=josh HTTP/1.1" 304 - "http://localhost:4200/" "Mozilla/5.0 (iPhone; CPU iPhone OS 16_6 like Mac OS X) AppleWebKit/605.1.15 (KHTML, like Gecko) Version/16.6 Mobile/15E148 Safari/604.1"
::1 - - [02/Aug/2024:21:42:49 +0000] "GET /toolStocks HTTP/1.1" 304 - "http://localhost:4200/" "Mozilla/5.0 (iPhone; CPU iPhone OS 16_6 like Mac OS X) AppleWebKit/605.1.15 (KHTML, like Gecko) Version/16.6 Mobile/15E148 Safari/604.1"
::1 - - [02/Aug/2024:21:42:49 +0000] "GET /ingredientStocks HTTP/1.1" 304 - "http://localhost:4200/" "Mozilla/5.0 (iPhone; CPU iPhone OS 16_6 like Mac OS X) AppleWebKit/605.1.15 (KHTML, like Gecko) Version/16.6 Mobile/15E148 Safari/604.1"
::1 - - [02/Aug/2024:21:42:49 +0000] "GET /tools HTTP/1.1" 304 - "http://localhost:4200/" "Mozilla/5.0 (iPhone; CPU iPhone OS 16_6 like Mac OS X) AppleWebKit/605.1.15 (KHTML, like Gecko) Version/16.6 Mobile/15E148 Safari/604.1"
::1 - - [02/Aug/2024:21:42:49 +0000] "GET /recipes HTTP/1.1" 304 - "http://localhost:4200/" "Mozilla/5.0 (iPhone; CPU iPhone OS 16_6 like Mac OS X) AppleWebKit/605.1.15 (KHTML, like Gecko) Version/16.6 Mobile/15E148 Safari/604.1"
::1 - - [02/Aug/2024:21:42:49 +0000] "GET /ingredients HTTP/1.1" 304 - "http://localhost:4200/" "Mozilla/5.0 (iPhone; CPU iPhone OS 16_6 like Mac OS X) AppleWebKit/605.1.15 (KHTML, like Gecko) Version/16.6 Mobile/15E148 Safari/604.1"
::1 - - [02/Aug/2024:21:42:49 +0000] "GET /ingredients/recipe HTTP/1.1" 304 - "http://localhost:4200/" "Mozilla/5.0 (iPhone; CPU iPhone OS 16_6 like Mac OS X) AppleWebKit/605.1.15 (KHTML, like Gecko) Version/16.6 Mobile/15E148 Safari/604.1"
::1 - - [02/Aug/2024:21:42:49 +0000] "GET /tools/recipe HTTP/1.1" 304 - "http://localhost:4200/" "Mozilla/5.0 (iPhone; CPU iPhone OS 16_6 like Mac OS X) AppleWebKit/605.1.15 (KHTML, like Gecko) Version/16.6 Mobile/15E148 Safari/604.1"
::1 - - [02/Aug/2024:21:42:50 +0000] "GET /recipes/categories HTTP/1.1" 304 - "http://localhost:4200/" "Mozilla/5.0 (iPhone; CPU iPhone OS 16_6 like Mac OS X) AppleWebKit/605.1.15 (KHTML, like Gecko) Version/16.6 Mobile/15E148 Safari/604.1"
::ffff:127.0.0.1 - - [02/Aug/2024:21:42:50 +0000] "GET /recipes/1124022400010007 HTTP/1.1" 200 516 "-" "axios/1.4.0"
::1 - - [02/Aug/2024:21:42:50 +0000] "GET /recipes/discover HTTP/1.1" 304 - "http://localhost:4200/" "Mozilla/5.0 (iPhone; CPU iPhone OS 16_6 like Mac OS X) AppleWebKit/605.1.15 (KHTML, like Gecko) Version/16.6 Mobile/15E148 Safari/604.1"
::1 - - [02/Aug/2024:21:42:50 +0000] "GET /steps/recipe HTTP/1.1" 304 - "http://localhost:4200/" "Mozilla/5.0 (iPhone; CPU iPhone OS 16_6 like Mac OS X) AppleWebKit/605.1.15 (KHTML, like Gecko) Version/16.6 Mobile/15E148 Safari/604.1"
::1 - - [02/Aug/2024:21:42:50 +0000] "GET /steps HTTP/1.1" 304 - "http://localhost:4200/" "Mozilla/5.0 (iPhone; CPU iPhone OS 16_6 like Mac OS X) AppleWebKit/605.1.15 (KHTML, like Gecko) Version/16.6 Mobile/15E148 Safari/604.1"
::1 - - [02/Aug/2024:21:42:50 +0000] "GET /persons/friendships HTTP/1.1" 304 - "http://localhost:4200/" "Mozilla/5.0 (iPhone; CPU iPhone OS 16_6 like Mac OS X) AppleWebKit/605.1.15 (KHTML, like Gecko) Version/16.6 Mobile/15E148 Safari/604.1"
::1 - - [02/Aug/2024:21:42:50 +0000] "GET /persons/followships HTTP/1.1" 304 - "http://localhost:4200/" "Mozilla/5.0 (iPhone; CPU iPhone OS 16_6 like Mac OS X) AppleWebKit/605.1.15 (KHTML, like Gecko) Version/16.6 Mobile/15E148 Safari/604.1"
::1 - - [02/Aug/2024:21:42:50 +0000] "GET /persons/followships/followers HTTP/1.1" 304 - "http://localhost:4200/" "Mozilla/5.0 (iPhone; CPU iPhone OS 16_6 like Mac OS X) AppleWebKit/605.1.15 (KHTML, like Gecko) Version/16.6 Mobile/15E148 Safari/604.1"
::ffff:127.0.0.1 - - [02/Aug/2024:21:42:50 +0000] "GET /profiles?userID=a525810e-5531-4f97-95a4-39a082f7416b HTTP/1.1" 200 87104 "-" "axios/1.4.0"
::ffff:127.0.0.1 - - [02/Aug/2024:21:42:50 +0000] "GET /recipes/1124031400010017 HTTP/1.1" 200 517 "-" "axios/1.4.0"
::1 - - [02/Aug/2024:21:42:50 +0000] "GET /messages HTTP/1.1" 304 - "http://localhost:4200/" "Mozilla/5.0 (iPhone; CPU iPhone OS 16_6 like Mac OS X) AppleWebKit/605.1.15 (KHTML, like Gecko) Version/16.6 Mobile/15E148 Safari/604.1"
::1 - - [02/Aug/2024:21:42:50 +0000] "GET /profiles/ HTTP/1.1" 304 - "http://localhost:4200/" "Mozilla/5.0 (iPhone; CPU iPhone OS 16_6 like Mac OS X) AppleWebKit/605.1.15 (KHTML, like Gecko) Version/16.6 Mobile/15E148 Safari/604.1"
::1 - - [02/Aug/2024:21:42:50 +0000] "GET /profiles/followers HTTP/1.1" 304 - "http://localhost:4200/" "Mozilla/5.0 (iPhone; CPU iPhone OS 16_6 like Mac OS X) AppleWebKit/605.1.15 (KHTML, like Gecko) Version/16.6 Mobile/15E148 Safari/604.1"
::1 - - [02/Aug/2024:21:42:50 +0000] "GET /profiles/friends?friendStatus=receivedRequest HTTP/1.1" 304 - "http://localhost:4200/" "Mozilla/5.0 (iPhone; CPU iPhone OS 16_6 like Mac OS X) AppleWebKit/605.1.15 (KHTML, like Gecko) Version/16.6 Mobile/15E148 Safari/604.1"
::1 - - [02/Aug/2024:21:42:50 +0000] "GET /profiles/friends?friendStatus=confirmed HTTP/1.1" 200 94626 "http://localhost:4200/" "Mozilla/5.0 (iPhone; CPU iPhone OS 16_6 like Mac OS X) AppleWebKit/605.1.15 (KHTML, like Gecko) Version/16.6 Mobile/15E148 Safari/604.1"
::1 - - [02/Aug/2024:21:42:50 +0000] "GET /profiles/following HTTP/1.1" 304 - "http://localhost:4200/" "Mozilla/5.0 (iPhone; CPU iPhone OS 16_6 like Mac OS X) AppleWebKit/605.1.15 (KHTML, like Gecko) Version/16.6 Mobile/15E148 Safari/604.1"
::1 - - [02/Aug/2024:21:42:50 +0000] "GET /profiles/friends?friendStatus=requesting HTTP/1.1" 304 - "http://localhost:4200/" "Mozilla/5.0 (iPhone; CPU iPhone OS 16_6 like Mac OS X) AppleWebKit/605.1.15 (KHTML, like Gecko) Version/16.6 Mobile/15E148 Safari/604.1"
::1 - - [02/Aug/2024:21:42:50 +0000] "GET /shopping/lists HTTP/1.1" 304 - "http://localhost:4200/" "Mozilla/5.0 (iPhone; CPU iPhone OS 16_6 like Mac OS X) AppleWebKit/605.1.15 (KHTML, like Gecko) Version/16.6 Mobile/15E148 Safari/604.1"
::ffff:127.0.0.1 - - [02/Aug/2024:21:42:50 +0000] "GET /profiles?userID=a525810e-5531-4f97-95a4-39a082f7416b HTTP/1.1" 200 87104 "-" "axios/1.4.0"
::1 - - [02/Aug/2024:21:42:50 +0000] "GET /recipes/subscriptions HTTP/1.1" 304 - "http://localhost:4200/" "Mozilla/5.0 (iPhone; CPU iPhone OS 16_6 like Mac OS X) AppleWebKit/605.1.15 (KHTML, like Gecko) Version/16.6 Mobile/15E148 Safari/604.1"
::1 - - [02/Aug/2024:21:42:50 +0000] "GET /shopping/lists/shared HTTP/1.1" 304 - "http://localhost:4200/" "Mozilla/5.0 (iPhone; CPU iPhone OS 16_6 like Mac OS X) AppleWebKit/605.1.15 (KHTML, like Gecko) Version/16.6 Mobile/15E148 Safari/604.1"
::1 - - [02/Aug/2024:21:42:50 +0000] "GET /shopping/listRecipes HTTP/1.1" 304 - "http://localhost:4200/" "Mozilla/5.0 (iPhone; CPU iPhone OS 16_6 like Mac OS X) AppleWebKit/605.1.15 (KHTML, like Gecko) Version/16.6 Mobile/15E148 Safari/604.1"
::1 - - [02/Aug/2024:21:42:51 +0000] "POST /profiles/loaded/ade96f70-4ec5-4ab9-adfe-0645b16e1ced HTTP/1.1" 200 - "http://localhost:4200/" "Mozilla/5.0 (iPhone; CPU iPhone OS 16_6 like Mac OS X) AppleWebKit/605.1.15 (KHTML, like Gecko) Version/16.6 Mobile/15E148 Safari/604.1"
::ffff:127.0.0.1 - - [02/Aug/2024:21:42:51 +0000] "POST /logs/user HTTP/1.1" 200 30 "-" "axios/1.4.0"
::1 - - [02/Aug/2024:21:42:56 +0000] "GET /profiles/search?searchQuery=josh HTTP/1.1" 200 4561 "http://localhost:4200/" "Mozilla/5.0 (iPhone; CPU iPhone OS 16_6 like Mac OS X) AppleWebKit/605.1.15 (KHTML, like Gecko) Version/16.6 Mobile/15E148 Safari/604.1"
::1 - - [02/Aug/2024:21:44:03 +0000] "GET /ingredientStocks HTTP/1.1" 304 - "http://localhost:4200/" "Mozilla/5.0 (iPhone; CPU iPhone OS 16_6 like Mac OS X) AppleWebKit/605.1.15 (KHTML, like Gecko) Version/16.6 Mobile/15E148 Safari/604.1"
::1 - - [02/Aug/2024:21:44:03 +0000] "GET /ingredients HTTP/1.1" 304 - "http://localhost:4200/" "Mozilla/5.0 (iPhone; CPU iPhone OS 16_6 like Mac OS X) AppleWebKit/605.1.15 (KHTML, like Gecko) Version/16.6 Mobile/15E148 Safari/604.1"
::1 - - [02/Aug/2024:21:44:03 +0000] "GET /tools HTTP/1.1" 304 - "http://localhost:4200/" "Mozilla/5.0 (iPhone; CPU iPhone OS 16_6 like Mac OS X) AppleWebKit/605.1.15 (KHTML, like Gecko) Version/16.6 Mobile/15E148 Safari/604.1"
::1 - - [02/Aug/2024:21:44:03 +0000] "GET /recipes HTTP/1.1" 304 - "http://localhost:4200/" "Mozilla/5.0 (iPhone; CPU iPhone OS 16_6 like Mac OS X) AppleWebKit/605.1.15 (KHTML, like Gecko) Version/16.6 Mobile/15E148 Safari/604.1"
::1 - - [02/Aug/2024:21:44:03 +0000] "GET /toolStocks HTTP/1.1" 304 - "http://localhost:4200/" "Mozilla/5.0 (iPhone; CPU iPhone OS 16_6 like Mac OS X) AppleWebKit/605.1.15 (KHTML, like Gecko) Version/16.6 Mobile/15E148 Safari/604.1"
::1 - - [02/Aug/2024:21:44:03 +0000] "GET /recipes/categories HTTP/1.1" 304 - "http://localhost:4200/" "Mozilla/5.0 (iPhone; CPU iPhone OS 16_6 like Mac OS X) AppleWebKit/605.1.15 (KHTML, like Gecko) Version/16.6 Mobile/15E148 Safari/604.1"
::1 - - [02/Aug/2024:21:44:03 +0000] "GET /tools/recipe HTTP/1.1" 304 - "http://localhost:4200/" "Mozilla/5.0 (iPhone; CPU iPhone OS 16_6 like Mac OS X) AppleWebKit/605.1.15 (KHTML, like Gecko) Version/16.6 Mobile/15E148 Safari/604.1"
::1 - - [02/Aug/2024:21:44:03 +0000] "GET /ingredients/recipe HTTP/1.1" 304 - "http://localhost:4200/" "Mozilla/5.0 (iPhone; CPU iPhone OS 16_6 like Mac OS X) AppleWebKit/605.1.15 (KHTML, like Gecko) Version/16.6 Mobile/15E148 Safari/604.1"
::1 - - [02/Aug/2024:21:44:03 +0000] "GET /recipes/discover HTTP/1.1" 304 - "http://localhost:4200/" "Mozilla/5.0 (iPhone; CPU iPhone OS 16_6 like Mac OS X) AppleWebKit/605.1.15 (KHTML, like Gecko) Version/16.6 Mobile/15E148 Safari/604.1"
::ffff:127.0.0.1 - - [02/Aug/2024:21:44:03 +0000] "GET /recipes/1124022400010007 HTTP/1.1" 200 516 "-" "axios/1.4.0"
::1 - - [02/Aug/2024:21:44:03 +0000] "GET /steps/recipe HTTP/1.1" 304 - "http://localhost:4200/" "Mozilla/5.0 (iPhone; CPU iPhone OS 16_6 like Mac OS X) AppleWebKit/605.1.15 (KHTML, like Gecko) Version/16.6 Mobile/15E148 Safari/604.1"
::1 - - [02/Aug/2024:21:44:03 +0000] "GET /steps HTTP/1.1" 304 - "http://localhost:4200/" "Mozilla/5.0 (iPhone; CPU iPhone OS 16_6 like Mac OS X) AppleWebKit/605.1.15 (KHTML, like Gecko) Version/16.6 Mobile/15E148 Safari/604.1"
::1 - - [02/Aug/2024:21:44:03 +0000] "GET /persons/friendships HTTP/1.1" 304 - "http://localhost:4200/" "Mozilla/5.0 (iPhone; CPU iPhone OS 16_6 like Mac OS X) AppleWebKit/605.1.15 (KHTML, like Gecko) Version/16.6 Mobile/15E148 Safari/604.1"
::1 - - [02/Aug/2024:21:44:03 +0000] "GET /persons/followships HTTP/1.1" 304 - "http://localhost:4200/" "Mozilla/5.0 (iPhone; CPU iPhone OS 16_6 like Mac OS X) AppleWebKit/605.1.15 (KHTML, like Gecko) Version/16.6 Mobile/15E148 Safari/604.1"
::1 - - [02/Aug/2024:21:44:03 +0000] "GET /persons/followships/followers HTTP/1.1" 304 - "http://localhost:4200/" "Mozilla/5.0 (iPhone; CPU iPhone OS 16_6 like Mac OS X) AppleWebKit/605.1.15 (KHTML, like Gecko) Version/16.6 Mobile/15E148 Safari/604.1"
::ffff:127.0.0.1 - - [02/Aug/2024:21:44:03 +0000] "GET /profiles?userID=a525810e-5531-4f97-95a4-39a082f7416b HTTP/1.1" 200 87104 "-" "axios/1.4.0"
::ffff:127.0.0.1 - - [02/Aug/2024:21:44:04 +0000] "GET /recipes/1124031400010017 HTTP/1.1" 200 517 "-" "axios/1.4.0"
::1 - - [02/Aug/2024:21:44:04 +0000] "GET /messages HTTP/1.1" 304 - "http://localhost:4200/" "Mozilla/5.0 (iPhone; CPU iPhone OS 16_6 like Mac OS X) AppleWebKit/605.1.15 (KHTML, like Gecko) Version/16.6 Mobile/15E148 Safari/604.1"
::1 - - [02/Aug/2024:21:44:04 +0000] "GET /profiles/followers HTTP/1.1" 304 - "http://localhost:4200/" "Mozilla/5.0 (iPhone; CPU iPhone OS 16_6 like Mac OS X) AppleWebKit/605.1.15 (KHTML, like Gecko) Version/16.6 Mobile/15E148 Safari/604.1"
::1 - - [02/Aug/2024:21:44:04 +0000] "GET /profiles/ HTTP/1.1" 304 - "http://localhost:4200/" "Mozilla/5.0 (iPhone; CPU iPhone OS 16_6 like Mac OS X) AppleWebKit/605.1.15 (KHTML, like Gecko) Version/16.6 Mobile/15E148 Safari/604.1"
::1 - - [02/Aug/2024:21:44:04 +0000] "GET /profiles/following HTTP/1.1" 304 - "http://localhost:4200/" "Mozilla/5.0 (iPhone; CPU iPhone OS 16_6 like Mac OS X) AppleWebKit/605.1.15 (KHTML, like Gecko) Version/16.6 Mobile/15E148 Safari/604.1"
::1 - - [02/Aug/2024:21:44:04 +0000] "GET /profiles/friends?friendStatus=receivedRequest HTTP/1.1" 304 - "http://localhost:4200/" "Mozilla/5.0 (iPhone; CPU iPhone OS 16_6 like Mac OS X) AppleWebKit/605.1.15 (KHTML, like Gecko) Version/16.6 Mobile/15E148 Safari/604.1"
::1 - - [02/Aug/2024:21:44:04 +0000] "GET /profiles/friends?friendStatus=requesting HTTP/1.1" 304 - "http://localhost:4200/" "Mozilla/5.0 (iPhone; CPU iPhone OS 16_6 like Mac OS X) AppleWebKit/605.1.15 (KHTML, like Gecko) Version/16.6 Mobile/15E148 Safari/604.1"
::1 - - [02/Aug/2024:21:44:04 +0000] "GET /shopping/lists HTTP/1.1" 304 - "http://localhost:4200/" "Mozilla/5.0 (iPhone; CPU iPhone OS 16_6 like Mac OS X) AppleWebKit/605.1.15 (KHTML, like Gecko) Version/16.6 Mobile/15E148 Safari/604.1"
::1 - - [02/Aug/2024:21:44:04 +0000] "GET /shopping/lists/shared HTTP/1.1" 304 - "http://localhost:4200/" "Mozilla/5.0 (iPhone; CPU iPhone OS 16_6 like Mac OS X) AppleWebKit/605.1.15 (KHTML, like Gecko) Version/16.6 Mobile/15E148 Safari/604.1"
::1 - - [02/Aug/2024:21:44:04 +0000] "GET /profiles/friends?friendStatus=confirmed HTTP/1.1" 304 - "http://localhost:4200/" "Mozilla/5.0 (iPhone; CPU iPhone OS 16_6 like Mac OS X) AppleWebKit/605.1.15 (KHTML, like Gecko) Version/16.6 Mobile/15E148 Safari/604.1"
::1 - - [02/Aug/2024:21:44:04 +0000] "GET /shopping/listRecipes HTTP/1.1" 304 - "http://localhost:4200/" "Mozilla/5.0 (iPhone; CPU iPhone OS 16_6 like Mac OS X) AppleWebKit/605.1.15 (KHTML, like Gecko) Version/16.6 Mobile/15E148 Safari/604.1"
::ffff:127.0.0.1 - - [02/Aug/2024:21:44:04 +0000] "GET /profiles?userID=a525810e-5531-4f97-95a4-39a082f7416b HTTP/1.1" 200 87104 "-" "axios/1.4.0"
::1 - - [02/Aug/2024:21:44:04 +0000] "GET /recipes/subscriptions HTTP/1.1" 304 - "http://localhost:4200/" "Mozilla/5.0 (iPhone; CPU iPhone OS 16_6 like Mac OS X) AppleWebKit/605.1.15 (KHTML, like Gecko) Version/16.6 Mobile/15E148 Safari/604.1"
::1 - - [02/Aug/2024:21:44:05 +0000] "POST /profiles/loaded/ade96f70-4ec5-4ab9-adfe-0645b16e1ced HTTP/1.1" 200 - "http://localhost:4200/" "Mozilla/5.0 (iPhone; CPU iPhone OS 16_6 like Mac OS X) AppleWebKit/605.1.15 (KHTML, like Gecko) Version/16.6 Mobile/15E148 Safari/604.1"
::ffff:127.0.0.1 - - [02/Aug/2024:21:44:05 +0000] "POST /logs/user HTTP/1.1" 200 30 "-" "axios/1.4.0"
::1 - - [02/Aug/2024:21:44:11 +0000] "GET /profiles/search?searchQuery=josh HTTP/1.1" 200 4561 "http://localhost:4200/" "Mozilla/5.0 (iPhone; CPU iPhone OS 16_6 like Mac OS X) AppleWebKit/605.1.15 (KHTML, like Gecko) Version/16.6 Mobile/15E148 Safari/604.1"
::1 - - [02/Aug/2024:21:44:32 +0000] "GET /ingredients HTTP/1.1" 304 - "http://localhost:4200/" "Mozilla/5.0 (iPhone; CPU iPhone OS 16_6 like Mac OS X) AppleWebKit/605.1.15 (KHTML, like Gecko) Version/16.6 Mobile/15E148 Safari/604.1"
::1 - - [02/Aug/2024:21:44:32 +0000] "GET /toolStocks HTTP/1.1" 304 - "http://localhost:4200/" "Mozilla/5.0 (iPhone; CPU iPhone OS 16_6 like Mac OS X) AppleWebKit/605.1.15 (KHTML, like Gecko) Version/16.6 Mobile/15E148 Safari/604.1"
::1 - - [02/Aug/2024:21:44:32 +0000] "GET /tools HTTP/1.1" 304 - "http://localhost:4200/" "Mozilla/5.0 (iPhone; CPU iPhone OS 16_6 like Mac OS X) AppleWebKit/605.1.15 (KHTML, like Gecko) Version/16.6 Mobile/15E148 Safari/604.1"
::1 - - [02/Aug/2024:21:44:32 +0000] "GET /recipes HTTP/1.1" 304 - "http://localhost:4200/" "Mozilla/5.0 (iPhone; CPU iPhone OS 16_6 like Mac OS X) AppleWebKit/605.1.15 (KHTML, like Gecko) Version/16.6 Mobile/15E148 Safari/604.1"
::1 - - [02/Aug/2024:21:44:32 +0000] "GET /ingredientStocks HTTP/1.1" 304 - "http://localhost:4200/" "Mozilla/5.0 (iPhone; CPU iPhone OS 16_6 like Mac OS X) AppleWebKit/605.1.15 (KHTML, like Gecko) Version/16.6 Mobile/15E148 Safari/604.1"
::1 - - [02/Aug/2024:21:44:32 +0000] "GET /recipes/categories HTTP/1.1" 304 - "http://localhost:4200/" "Mozilla/5.0 (iPhone; CPU iPhone OS 16_6 like Mac OS X) AppleWebKit/605.1.15 (KHTML, like Gecko) Version/16.6 Mobile/15E148 Safari/604.1"
::1 - - [02/Aug/2024:21:44:32 +0000] "GET /ingredients/recipe HTTP/1.1" 304 - "http://localhost:4200/" "Mozilla/5.0 (iPhone; CPU iPhone OS 16_6 like Mac OS X) AppleWebKit/605.1.15 (KHTML, like Gecko) Version/16.6 Mobile/15E148 Safari/604.1"
::1 - - [02/Aug/2024:21:44:32 +0000] "GET /tools/recipe HTTP/1.1" 304 - "http://localhost:4200/" "Mozilla/5.0 (iPhone; CPU iPhone OS 16_6 like Mac OS X) AppleWebKit/605.1.15 (KHTML, like Gecko) Version/16.6 Mobile/15E148 Safari/604.1"
::1 - - [02/Aug/2024:21:44:32 +0000] "GET /recipes/discover HTTP/1.1" 304 - "http://localhost:4200/" "Mozilla/5.0 (iPhone; CPU iPhone OS 16_6 like Mac OS X) AppleWebKit/605.1.15 (KHTML, like Gecko) Version/16.6 Mobile/15E148 Safari/604.1"
::ffff:127.0.0.1 - - [02/Aug/2024:21:44:32 +0000] "GET /recipes/1124022400010007 HTTP/1.1" 200 516 "-" "axios/1.4.0"
::1 - - [02/Aug/2024:21:44:32 +0000] "GET /steps/recipe HTTP/1.1" 304 - "http://localhost:4200/" "Mozilla/5.0 (iPhone; CPU iPhone OS 16_6 like Mac OS X) AppleWebKit/605.1.15 (KHTML, like Gecko) Version/16.6 Mobile/15E148 Safari/604.1"
::1 - - [02/Aug/2024:21:44:32 +0000] "GET /steps HTTP/1.1" 304 - "http://localhost:4200/" "Mozilla/5.0 (iPhone; CPU iPhone OS 16_6 like Mac OS X) AppleWebKit/605.1.15 (KHTML, like Gecko) Version/16.6 Mobile/15E148 Safari/604.1"
::1 - - [02/Aug/2024:21:44:32 +0000] "GET /persons/friendships HTTP/1.1" 304 - "http://localhost:4200/" "Mozilla/5.0 (iPhone; CPU iPhone OS 16_6 like Mac OS X) AppleWebKit/605.1.15 (KHTML, like Gecko) Version/16.6 Mobile/15E148 Safari/604.1"
::1 - - [02/Aug/2024:21:44:32 +0000] "GET /persons/followships HTTP/1.1" 304 - "http://localhost:4200/" "Mozilla/5.0 (iPhone; CPU iPhone OS 16_6 like Mac OS X) AppleWebKit/605.1.15 (KHTML, like Gecko) Version/16.6 Mobile/15E148 Safari/604.1"
::1 - - [02/Aug/2024:21:44:32 +0000] "GET /persons/followships/followers HTTP/1.1" 304 - "http://localhost:4200/" "Mozilla/5.0 (iPhone; CPU iPhone OS 16_6 like Mac OS X) AppleWebKit/605.1.15 (KHTML, like Gecko) Version/16.6 Mobile/15E148 Safari/604.1"
::ffff:127.0.0.1 - - [02/Aug/2024:21:44:32 +0000] "GET /profiles?userID=a525810e-5531-4f97-95a4-39a082f7416b HTTP/1.1" 200 87104 "-" "axios/1.4.0"
::ffff:127.0.0.1 - - [02/Aug/2024:21:44:32 +0000] "GET /recipes/1124031400010017 HTTP/1.1" 200 517 "-" "axios/1.4.0"
::1 - - [02/Aug/2024:21:44:32 +0000] "GET /messages HTTP/1.1" 304 - "http://localhost:4200/" "Mozilla/5.0 (iPhone; CPU iPhone OS 16_6 like Mac OS X) AppleWebKit/605.1.15 (KHTML, like Gecko) Version/16.6 Mobile/15E148 Safari/604.1"
::1 - - [02/Aug/2024:21:44:32 +0000] "GET /profiles/ HTTP/1.1" 304 - "http://localhost:4200/" "Mozilla/5.0 (iPhone; CPU iPhone OS 16_6 like Mac OS X) AppleWebKit/605.1.15 (KHTML, like Gecko) Version/16.6 Mobile/15E148 Safari/604.1"
::1 - - [02/Aug/2024:21:44:33 +0000] "GET /profiles/following HTTP/1.1" 304 - "http://localhost:4200/" "Mozilla/5.0 (iPhone; CPU iPhone OS 16_6 like Mac OS X) AppleWebKit/605.1.15 (KHTML, like Gecko) Version/16.6 Mobile/15E148 Safari/604.1"
::1 - - [02/Aug/2024:21:44:33 +0000] "GET /profiles/friends?friendStatus=receivedRequest HTTP/1.1" 304 - "http://localhost:4200/" "Mozilla/5.0 (iPhone; CPU iPhone OS 16_6 like Mac OS X) AppleWebKit/605.1.15 (KHTML, like Gecko) Version/16.6 Mobile/15E148 Safari/604.1"
