::1 - - [17/Jul/2024:19:38:27 +0000] "GET /shopping/listRecipes HTTP/1.1" 304 - "http://localhost:4200/" "Mozilla/5.0 (iPhone; CPU iPhone OS 16_6 like Mac OS X) AppleWebKit/605.1.15 (KHTML, like Gecko) Version/16.6 Mobile/15E148 Safari/604.1"
::ffff:127.0.0.1 - - [17/Jul/2024:19:38:27 +0000] "GET /profiles?userID=a525810e-5531-4f97-95a4-39a082f7416b HTTP/1.1" 200 87094 "-" "axios/1.4.0"
::1 - - [17/Jul/2024:19:38:27 +0000] "GET /recipes/subscriptions HTTP/1.1" 304 - "http://localhost:4200/" "Mozilla/5.0 (iPhone; CPU iPhone OS 16_6 like Mac OS X) AppleWebKit/605.1.15 (KHTML, like Gecko) Version/16.6 Mobile/15E148 Safari/604.1"
::1 - - [17/Jul/2024:19:38:28 +0000] "GET /messages HTTP/1.1" 304 - "http://localhost:4200/" "Mozilla/5.0 (iPhone; CPU iPhone OS 16_6 like Mac OS X) AppleWebKit/605.1.15 (KHTML, like Gecko) Version/16.6 Mobile/15E148 Safari/604.1"
::1 - - [17/Jul/2024:19:38:28 +0000] "POST /profiles/loaded/:userID HTTP/1.1" 200 - "http://localhost:4200/" "Mozilla/5.0 (iPhone; CPU iPhone OS 16_6 like Mac OS X) AppleWebKit/605.1.15 (KHTML, like Gecko) Version/16.6 Mobile/15E148 Safari/604.1"
::ffff:127.0.0.1 - - [17/Jul/2024:19:38:28 +0000] "POST /logs/user HTTP/1.1" 422 39 "-" "axios/1.4.0"
::1 - - [17/Jul/2024:19:39:37 +0000] "GET /recipes/categories HTTP/1.1" 304 - "http://localhost:4200/" "Mozilla/5.0 (iPhone; CPU iPhone OS 16_6 like Mac OS X) AppleWebKit/605.1.15 (KHTML, like Gecko) Version/16.6 Mobile/15E148 Safari/604.1"
::1 - - [17/Jul/2024:19:39:37 +0000] "GET /tools HTTP/1.1" 304 - "http://localhost:4200/" "Mozilla/5.0 (iPhone; CPU iPhone OS 16_6 like Mac OS X) AppleWebKit/605.1.15 (KHTML, like Gecko) Version/16.6 Mobile/15E148 Safari/604.1"
::1 - - [17/Jul/2024:19:39:37 +0000] "GET /toolStocks HTTP/1.1" 304 - "http://localhost:4200/" "Mozilla/5.0 (iPhone; CPU iPhone OS 16_6 like Mac OS X) AppleWebKit/605.1.15 (KHTML, like Gecko) Version/16.6 Mobile/15E148 Safari/604.1"
::1 - - [17/Jul/2024:19:39:37 +0000] "GET /ingredientStocks HTTP/1.1" 304 - "http://localhost:4200/" "Mozilla/5.0 (iPhone; CPU iPhone OS 16_6 like Mac OS X) AppleWebKit/605.1.15 (KHTML, like Gecko) Version/16.6 Mobile/15E148 Safari/604.1"
::1 - - [17/Jul/2024:19:39:37 +0000] "GET /ingredients HTTP/1.1" 304 - "http://localhost:4200/" "Mozilla/5.0 (iPhone; CPU iPhone OS 16_6 like Mac OS X) AppleWebKit/605.1.15 (KHTML, like Gecko) Version/16.6 Mobile/15E148 Safari/604.1"
::1 - - [17/Jul/2024:19:39:37 +0000] "GET /recipes/discover HTTP/1.1" 304 - "http://localhost:4200/" "Mozilla/5.0 (iPhone; CPU iPhone OS 16_6 like Mac OS X) AppleWebKit/605.1.15 (KHTML, like Gecko) Version/16.6 Mobile/15E148 Safari/604.1"
::1 - - [17/Jul/2024:19:39:37 +0000] "GET /tools/recipe HTTP/1.1" 304 - "http://localhost:4200/" "Mozilla/5.0 (iPhone; CPU iPhone OS 16_6 like Mac OS X) AppleWebKit/605.1.15 (KHTML, like Gecko) Version/16.6 Mobile/15E148 Safari/604.1"
::1 - - [17/Jul/2024:19:39:37 +0000] "GET /steps HTTP/1.1" 304 - "http://localhost:4200/" "Mozilla/5.0 (iPhone; CPU iPhone OS 16_6 like Mac OS X) AppleWebKit/605.1.15 (KHTML, like Gecko) Version/16.6 Mobile/15E148 Safari/604.1"
::1 - - [17/Jul/2024:19:39:37 +0000] "GET /recipes HTTP/1.1" 304 - "http://localhost:4200/" "Mozilla/5.0 (iPhone; CPU iPhone OS 16_6 like Mac OS X) AppleWebKit/605.1.15 (KHTML, like Gecko) Version/16.6 Mobile/15E148 Safari/604.1"
::1 - - [17/Jul/2024:19:39:37 +0000] "GET /ingredients/recipe HTTP/1.1" 304 - "http://localhost:4200/" "Mozilla/5.0 (iPhone; CPU iPhone OS 16_6 like Mac OS X) AppleWebKit/605.1.15 (KHTML, like Gecko) Version/16.6 Mobile/15E148 Safari/604.1"
::1 - - [17/Jul/2024:19:39:37 +0000] "GET /steps/recipe HTTP/1.1" 304 - "http://localhost:4200/" "Mozilla/5.0 (iPhone; CPU iPhone OS 16_6 like Mac OS X) AppleWebKit/605.1.15 (KHTML, like Gecko) Version/16.6 Mobile/15E148 Safari/604.1"
::1 - - [17/Jul/2024:19:39:37 +0000] "GET /persons/friendships HTTP/1.1" 304 - "http://localhost:4200/" "Mozilla/5.0 (iPhone; CPU iPhone OS 16_6 like Mac OS X) AppleWebKit/605.1.15 (KHTML, like Gecko) Version/16.6 Mobile/15E148 Safari/604.1"
::ffff:127.0.0.1 - - [17/Jul/2024:19:39:37 +0000] "GET /recipes/1124022400010010 HTTP/1.1" 200 451 "-" "axios/1.4.0"
::1 - - [17/Jul/2024:19:39:37 +0000] "GET /persons/followships HTTP/1.1" 304 - "http://localhost:4200/" "Mozilla/5.0 (iPhone; CPU iPhone OS 16_6 like Mac OS X) AppleWebKit/605.1.15 (KHTML, like Gecko) Version/16.6 Mobile/15E148 Safari/604.1"
::1 - - [17/Jul/2024:19:39:37 +0000] "GET /persons/followships/followers HTTP/1.1" 304 - "http://localhost:4200/" "Mozilla/5.0 (iPhone; CPU iPhone OS 16_6 like Mac OS X) AppleWebKit/605.1.15 (KHTML, like Gecko) Version/16.6 Mobile/15E148 Safari/604.1"
::1 - - [17/Jul/2024:19:39:37 +0000] "GET /profiles/friends?friendStatus=receivedRequest HTTP/1.1" 304 - "http://localhost:4200/" "Mozilla/5.0 (iPhone; CPU iPhone OS 16_6 like Mac OS X) AppleWebKit/605.1.15 (KHTML, like Gecko) Version/16.6 Mobile/15E148 Safari/604.1"
::ffff:127.0.0.1 - - [17/Jul/2024:19:39:37 +0000] "GET /profiles?userID=a525810e-5531-4f97-95a4-39a082f7416b HTTP/1.1" 200 87094 "-" "axios/1.4.0"
::1 - - [17/Jul/2024:19:39:38 +0000] "GET /profiles/followers HTTP/1.1" 304 - "http://localhost:4200/" "Mozilla/5.0 (iPhone; CPU iPhone OS 16_6 like Mac OS X) AppleWebKit/605.1.15 (KHTML, like Gecko) Version/16.6 Mobile/15E148 Safari/604.1"
::ffff:127.0.0.1 - - [17/Jul/2024:19:39:38 +0000] "GET /recipes/1124022500010028 HTTP/1.1" 200 516 "-" "axios/1.4.0"
::1 - - [17/Jul/2024:19:39:38 +0000] "GET /profiles/friends?friendStatus=requesting HTTP/1.1" 304 - "http://localhost:4200/" "Mozilla/5.0 (iPhone; CPU iPhone OS 16_6 like Mac OS X) AppleWebKit/605.1.15 (KHTML, like Gecko) Version/16.6 Mobile/15E148 Safari/604.1"
::1 - - [17/Jul/2024:19:39:38 +0000] "GET /profiles/following HTTP/1.1" 304 - "http://localhost:4200/" "Mozilla/5.0 (iPhone; CPU iPhone OS 16_6 like Mac OS X) AppleWebKit/605.1.15 (KHTML, like Gecko) Version/16.6 Mobile/15E148 Safari/604.1"
::1 - - [17/Jul/2024:19:39:38 +0000] "GET /profiles/friends?friendStatus=confirmed HTTP/1.1" 304 - "http://localhost:4200/" "Mozilla/5.0 (iPhone; CPU iPhone OS 16_6 like Mac OS X) AppleWebKit/605.1.15 (KHTML, like Gecko) Version/16.6 Mobile/15E148 Safari/604.1"
::1 - - [17/Jul/2024:19:39:38 +0000] "GET /profiles/ HTTP/1.1" 304 - "http://localhost:4200/" "Mozilla/5.0 (iPhone; CPU iPhone OS 16_6 like Mac OS X) AppleWebKit/605.1.15 (KHTML, like Gecko) Version/16.6 Mobile/15E148 Safari/604.1"
::1 - - [17/Jul/2024:19:39:38 +0000] "GET /shopping/lists HTTP/1.1" 304 - "http://localhost:4200/" "Mozilla/5.0 (iPhone; CPU iPhone OS 16_6 like Mac OS X) AppleWebKit/605.1.15 (KHTML, like Gecko) Version/16.6 Mobile/15E148 Safari/604.1"
::1 - - [17/Jul/2024:19:39:38 +0000] "GET /shopping/listRecipes HTTP/1.1" 304 - "http://localhost:4200/" "Mozilla/5.0 (iPhone; CPU iPhone OS 16_6 like Mac OS X) AppleWebKit/605.1.15 (KHTML, like Gecko) Version/16.6 Mobile/15E148 Safari/604.1"
::1 - - [17/Jul/2024:19:39:38 +0000] "GET /shopping/lists/shared HTTP/1.1" 304 - "http://localhost:4200/" "Mozilla/5.0 (iPhone; CPU iPhone OS 16_6 like Mac OS X) AppleWebKit/605.1.15 (KHTML, like Gecko) Version/16.6 Mobile/15E148 Safari/604.1"
::ffff:127.0.0.1 - - [17/Jul/2024:19:39:38 +0000] "GET /profiles?userID=a525810e-5531-4f97-95a4-39a082f7416b HTTP/1.1" 200 87094 "-" "axios/1.4.0"
::1 - - [17/Jul/2024:19:39:38 +0000] "GET /recipes/subscriptions HTTP/1.1" 304 - "http://localhost:4200/" "Mozilla/5.0 (iPhone; CPU iPhone OS 16_6 like Mac OS X) AppleWebKit/605.1.15 (KHTML, like Gecko) Version/16.6 Mobile/15E148 Safari/604.1"
::1 - - [17/Jul/2024:19:39:38 +0000] "GET /messages HTTP/1.1" 304 - "http://localhost:4200/" "Mozilla/5.0 (iPhone; CPU iPhone OS 16_6 like Mac OS X) AppleWebKit/605.1.15 (KHTML, like Gecko) Version/16.6 Mobile/15E148 Safari/604.1"
::1 - - [17/Jul/2024:19:39:38 +0000] "POST /profiles/loaded/:userID HTTP/1.1" 200 - "http://localhost:4200/" "Mozilla/5.0 (iPhone; CPU iPhone OS 16_6 like Mac OS X) AppleWebKit/605.1.15 (KHTML, like Gecko) Version/16.6 Mobile/15E148 Safari/604.1"
::ffff:127.0.0.1 - - [17/Jul/2024:19:39:38 +0000] "POST /logs/user HTTP/1.1" 200 30 "-" "axios/1.4.0"
::1 - - [17/Jul/2024:19:42:14 +0000] "GET /ingredients HTTP/1.1" 304 - "http://localhost:4200/" "Mozilla/5.0 (iPhone; CPU iPhone OS 16_6 like Mac OS X) AppleWebKit/605.1.15 (KHTML, like Gecko) Version/16.6 Mobile/15E148 Safari/604.1"
::1 - - [17/Jul/2024:19:42:14 +0000] "GET /recipes/discover HTTP/1.1" 304 - "http://localhost:4200/" "Mozilla/5.0 (iPhone; CPU iPhone OS 16_6 like Mac OS X) AppleWebKit/605.1.15 (KHTML, like Gecko) Version/16.6 Mobile/15E148 Safari/604.1"
::1 - - [17/Jul/2024:19:42:14 +0000] "GET /toolStocks HTTP/1.1" 304 - "http://localhost:4200/" "Mozilla/5.0 (iPhone; CPU iPhone OS 16_6 like Mac OS X) AppleWebKit/605.1.15 (KHTML, like Gecko) Version/16.6 Mobile/15E148 Safari/604.1"
::1 - - [17/Jul/2024:19:42:14 +0000] "GET /ingredientStocks HTTP/1.1" 304 - "http://localhost:4200/" "Mozilla/5.0 (iPhone; CPU iPhone OS 16_6 like Mac OS X) AppleWebKit/605.1.15 (KHTML, like Gecko) Version/16.6 Mobile/15E148 Safari/604.1"
::1 - - [17/Jul/2024:19:42:14 +0000] "GET /tools HTTP/1.1" 304 - "http://localhost:4200/" "Mozilla/5.0 (iPhone; CPU iPhone OS 16_6 like Mac OS X) AppleWebKit/605.1.15 (KHTML, like Gecko) Version/16.6 Mobile/15E148 Safari/604.1"
::1 - - [17/Jul/2024:19:42:14 +0000] "GET /recipes HTTP/1.1" 304 - "http://localhost:4200/" "Mozilla/5.0 (iPhone; CPU iPhone OS 16_6 like Mac OS X) AppleWebKit/605.1.15 (KHTML, like Gecko) Version/16.6 Mobile/15E148 Safari/604.1"
::1 - - [17/Jul/2024:19:42:14 +0000] "GET /recipes/categories HTTP/1.1" 304 - "http://localhost:4200/" "Mozilla/5.0 (iPhone; CPU iPhone OS 16_6 like Mac OS X) AppleWebKit/605.1.15 (KHTML, like Gecko) Version/16.6 Mobile/15E148 Safari/604.1"
::1 - - [17/Jul/2024:19:42:14 +0000] "GET /ingredients/recipe HTTP/1.1" 304 - "http://localhost:4200/" "Mozilla/5.0 (iPhone; CPU iPhone OS 16_6 like Mac OS X) AppleWebKit/605.1.15 (KHTML, like Gecko) Version/16.6 Mobile/15E148 Safari/604.1"
::1 - - [17/Jul/2024:19:42:14 +0000] "GET /tools/recipe HTTP/1.1" 304 - "http://localhost:4200/" "Mozilla/5.0 (iPhone; CPU iPhone OS 16_6 like Mac OS X) AppleWebKit/605.1.15 (KHTML, like Gecko) Version/16.6 Mobile/15E148 Safari/604.1"
::ffff:127.0.0.1 - - [17/Jul/2024:19:42:14 +0000] "GET /recipes/1124022400010010 HTTP/1.1" 200 451 "-" "axios/1.4.0"
::1 - - [17/Jul/2024:19:42:14 +0000] "GET /steps/recipe HTTP/1.1" 304 - "http://localhost:4200/" "Mozilla/5.0 (iPhone; CPU iPhone OS 16_6 like Mac OS X) AppleWebKit/605.1.15 (KHTML, like Gecko) Version/16.6 Mobile/15E148 Safari/604.1"
::1 - - [17/Jul/2024:19:42:14 +0000] "GET /persons/friendships HTTP/1.1" 304 - "http://localhost:4200/" "Mozilla/5.0 (iPhone; CPU iPhone OS 16_6 like Mac OS X) AppleWebKit/605.1.15 (KHTML, like Gecko) Version/16.6 Mobile/15E148 Safari/604.1"
::1 - - [17/Jul/2024:19:42:14 +0000] "GET /steps HTTP/1.1" 304 - "http://localhost:4200/" "Mozilla/5.0 (iPhone; CPU iPhone OS 16_6 like Mac OS X) AppleWebKit/605.1.15 (KHTML, like Gecko) Version/16.6 Mobile/15E148 Safari/604.1"
::1 - - [17/Jul/2024:19:42:14 +0000] "GET /persons/followships HTTP/1.1" 304 - "http://localhost:4200/" "Mozilla/5.0 (iPhone; CPU iPhone OS 16_6 like Mac OS X) AppleWebKit/605.1.15 (KHTML, like Gecko) Version/16.6 Mobile/15E148 Safari/604.1"
::1 - - [17/Jul/2024:19:42:15 +0000] "GET /persons/followships/followers HTTP/1.1" 304 - "http://localhost:4200/" "Mozilla/5.0 (iPhone; CPU iPhone OS 16_6 like Mac OS X) AppleWebKit/605.1.15 (KHTML, like Gecko) Version/16.6 Mobile/15E148 Safari/604.1"
::1 - - [17/Jul/2024:19:42:15 +0000] "GET /profiles/friends?friendStatus=receivedRequest HTTP/1.1" 304 - "http://localhost:4200/" "Mozilla/5.0 (iPhone; CPU iPhone OS 16_6 like Mac OS X) AppleWebKit/605.1.15 (KHTML, like Gecko) Version/16.6 Mobile/15E148 Safari/604.1"
::ffff:127.0.0.1 - - [17/Jul/2024:19:42:15 +0000] "GET /profiles?userID=a525810e-5531-4f97-95a4-39a082f7416b HTTP/1.1" 200 87094 "-" "axios/1.4.0"
::1 - - [17/Jul/2024:19:42:15 +0000] "GET /profiles/friends?friendStatus=requesting HTTP/1.1" 304 - "http://localhost:4200/" "Mozilla/5.0 (iPhone; CPU iPhone OS 16_6 like Mac OS X) AppleWebKit/605.1.15 (KHTML, like Gecko) Version/16.6 Mobile/15E148 Safari/604.1"
::1 - - [17/Jul/2024:19:42:15 +0000] "GET /profiles/ HTTP/1.1" 304 - "http://localhost:4200/" "Mozilla/5.0 (iPhone; CPU iPhone OS 16_6 like Mac OS X) AppleWebKit/605.1.15 (KHTML, like Gecko) Version/16.6 Mobile/15E148 Safari/604.1"
::ffff:127.0.0.1 - - [17/Jul/2024:19:42:15 +0000] "GET /recipes/1124022500010028 HTTP/1.1" 200 516 "-" "axios/1.4.0"
::1 - - [17/Jul/2024:19:42:15 +0000] "GET /shopping/lists HTTP/1.1" 304 - "http://localhost:4200/" "Mozilla/5.0 (iPhone; CPU iPhone OS 16_6 like Mac OS X) AppleWebKit/605.1.15 (KHTML, like Gecko) Version/16.6 Mobile/15E148 Safari/604.1"
::1 - - [17/Jul/2024:19:42:15 +0000] "GET /shopping/lists/shared HTTP/1.1" 304 - "http://localhost:4200/" "Mozilla/5.0 (iPhone; CPU iPhone OS 16_6 like Mac OS X) AppleWebKit/605.1.15 (KHTML, like Gecko) Version/16.6 Mobile/15E148 Safari/604.1"
::1 - - [17/Jul/2024:19:42:15 +0000] "GET /profiles/followers HTTP/1.1" 304 - "http://localhost:4200/" "Mozilla/5.0 (iPhone; CPU iPhone OS 16_6 like Mac OS X) AppleWebKit/605.1.15 (KHTML, like Gecko) Version/16.6 Mobile/15E148 Safari/604.1"
::1 - - [17/Jul/2024:19:42:15 +0000] "GET /profiles/following HTTP/1.1" 304 - "http://localhost:4200/" "Mozilla/5.0 (iPhone; CPU iPhone OS 16_6 like Mac OS X) AppleWebKit/605.1.15 (KHTML, like Gecko) Version/16.6 Mobile/15E148 Safari/604.1"
::1 - - [17/Jul/2024:19:42:15 +0000] "GET /shopping/listRecipes HTTP/1.1" 304 - "http://localhost:4200/" "Mozilla/5.0 (iPhone; CPU iPhone OS 16_6 like Mac OS X) AppleWebKit/605.1.15 (KHTML, like Gecko) Version/16.6 Mobile/15E148 Safari/604.1"
::1 - - [17/Jul/2024:19:42:15 +0000] "GET /profiles/friends?friendStatus=confirmed HTTP/1.1" 200 93334 "http://localhost:4200/" "Mozilla/5.0 (iPhone; CPU iPhone OS 16_6 like Mac OS X) AppleWebKit/605.1.15 (KHTML, like Gecko) Version/16.6 Mobile/15E148 Safari/604.1"
::ffff:127.0.0.1 - - [17/Jul/2024:19:42:15 +0000] "GET /profiles?userID=a525810e-5531-4f97-95a4-39a082f7416b HTTP/1.1" 200 87094 "-" "axios/1.4.0"
::1 - - [17/Jul/2024:19:42:15 +0000] "GET /recipes/subscriptions HTTP/1.1" 304 - "http://localhost:4200/" "Mozilla/5.0 (iPhone; CPU iPhone OS 16_6 like Mac OS X) AppleWebKit/605.1.15 (KHTML, like Gecko) Version/16.6 Mobile/15E148 Safari/604.1"
::1 - - [17/Jul/2024:19:42:15 +0000] "GET /messages HTTP/1.1" 304 - "http://localhost:4200/" "Mozilla/5.0 (iPhone; CPU iPhone OS 16_6 like Mac OS X) AppleWebKit/605.1.15 (KHTML, like Gecko) Version/16.6 Mobile/15E148 Safari/604.1"
::1 - - [17/Jul/2024:19:42:16 +0000] "POST /profiles/loaded/:userID HTTP/1.1" 200 - "http://localhost:4200/" "Mozilla/5.0 (iPhone; CPU iPhone OS 16_6 like Mac OS X) AppleWebKit/605.1.15 (KHTML, like Gecko) Version/16.6 Mobile/15E148 Safari/604.1"
::ffff:127.0.0.1 - - [17/Jul/2024:19:42:16 +0000] "POST /logs/user HTTP/1.1" 200 30 "-" "axios/1.4.0"
::1 - - [17/Jul/2024:19:43:31 +0000] "GET /tools HTTP/1.1" 304 - "http://localhost:4200/" "Mozilla/5.0 (iPhone; CPU iPhone OS 16_6 like Mac OS X) AppleWebKit/605.1.15 (KHTML, like Gecko) Version/16.6 Mobile/15E148 Safari/604.1"
::1 - - [17/Jul/2024:19:43:31 +0000] "GET /recipes HTTP/1.1" 304 - "http://localhost:4200/" "Mozilla/5.0 (iPhone; CPU iPhone OS 16_6 like Mac OS X) AppleWebKit/605.1.15 (KHTML, like Gecko) Version/16.6 Mobile/15E148 Safari/604.1"
::1 - - [17/Jul/2024:19:43:31 +0000] "GET /ingredients HTTP/1.1" 304 - "http://localhost:4200/" "Mozilla/5.0 (iPhone; CPU iPhone OS 16_6 like Mac OS X) AppleWebKit/605.1.15 (KHTML, like Gecko) Version/16.6 Mobile/15E148 Safari/604.1"
::1 - - [17/Jul/2024:19:43:31 +0000] "GET /ingredientStocks HTTP/1.1" 304 - "http://localhost:4200/" "Mozilla/5.0 (iPhone; CPU iPhone OS 16_6 like Mac OS X) AppleWebKit/605.1.15 (KHTML, like Gecko) Version/16.6 Mobile/15E148 Safari/604.1"
::1 - - [17/Jul/2024:19:43:31 +0000] "GET /toolStocks HTTP/1.1" 304 - "http://localhost:4200/" "Mozilla/5.0 (iPhone; CPU iPhone OS 16_6 like Mac OS X) AppleWebKit/605.1.15 (KHTML, like Gecko) Version/16.6 Mobile/15E148 Safari/604.1"
::1 - - [17/Jul/2024:19:43:31 +0000] "GET /recipes/categories HTTP/1.1" 304 - "http://localhost:4200/" "Mozilla/5.0 (iPhone; CPU iPhone OS 16_6 like Mac OS X) AppleWebKit/605.1.15 (KHTML, like Gecko) Version/16.6 Mobile/15E148 Safari/604.1"
::1 - - [17/Jul/2024:19:43:31 +0000] "GET /recipes/discover HTTP/1.1" 304 - "http://localhost:4200/" "Mozilla/5.0 (iPhone; CPU iPhone OS 16_6 like Mac OS X) AppleWebKit/605.1.15 (KHTML, like Gecko) Version/16.6 Mobile/15E148 Safari/604.1"
::1 - - [17/Jul/2024:19:43:31 +0000] "GET /tools/recipe HTTP/1.1" 304 - "http://localhost:4200/" "Mozilla/5.0 (iPhone; CPU iPhone OS 16_6 like Mac OS X) AppleWebKit/605.1.15 (KHTML, like Gecko) Version/16.6 Mobile/15E148 Safari/604.1"
::1 - - [17/Jul/2024:19:43:31 +0000] "GET /steps HTTP/1.1" 304 - "http://localhost:4200/" "Mozilla/5.0 (iPhone; CPU iPhone OS 16_6 like Mac OS X) AppleWebKit/605.1.15 (KHTML, like Gecko) Version/16.6 Mobile/15E148 Safari/604.1"
::1 - - [17/Jul/2024:19:43:31 +0000] "GET /steps/recipe HTTP/1.1" 304 - "http://localhost:4200/" "Mozilla/5.0 (iPhone; CPU iPhone OS 16_6 like Mac OS X) AppleWebKit/605.1.15 (KHTML, like Gecko) Version/16.6 Mobile/15E148 Safari/604.1"
::1 - - [17/Jul/2024:19:43:31 +0000] "GET /ingredients/recipe HTTP/1.1" 304 - "http://localhost:4200/" "Mozilla/5.0 (iPhone; CPU iPhone OS 16_6 like Mac OS X) AppleWebKit/605.1.15 (KHTML, like Gecko) Version/16.6 Mobile/15E148 Safari/604.1"
::ffff:127.0.0.1 - - [17/Jul/2024:19:43:31 +0000] "GET /recipes/1124022400010010 HTTP/1.1" 200 451 "-" "axios/1.4.0"
::1 - - [17/Jul/2024:19:43:31 +0000] "GET /persons/friendships HTTP/1.1" 304 - "http://localhost:4200/" "Mozilla/5.0 (iPhone; CPU iPhone OS 16_6 like Mac OS X) AppleWebKit/605.1.15 (KHTML, like Gecko) Version/16.6 Mobile/15E148 Safari/604.1"
::1 - - [17/Jul/2024:19:43:31 +0000] "GET /persons/followships HTTP/1.1" 304 - "http://localhost:4200/" "Mozilla/5.0 (iPhone; CPU iPhone OS 16_6 like Mac OS X) AppleWebKit/605.1.15 (KHTML, like Gecko) Version/16.6 Mobile/15E148 Safari/604.1"
::1 - - [17/Jul/2024:19:43:31 +0000] "GET /persons/followships/followers HTTP/1.1" 304 - "http://localhost:4200/" "Mozilla/5.0 (iPhone; CPU iPhone OS 16_6 like Mac OS X) AppleWebKit/605.1.15 (KHTML, like Gecko) Version/16.6 Mobile/15E148 Safari/604.1"
::1 - - [17/Jul/2024:19:43:31 +0000] "GET /profiles/friends?friendStatus=receivedRequest HTTP/1.1" 304 - "http://localhost:4200/" "Mozilla/5.0 (iPhone; CPU iPhone OS 16_6 like Mac OS X) AppleWebKit/605.1.15 (KHTML, like Gecko) Version/16.6 Mobile/15E148 Safari/604.1"
::ffff:127.0.0.1 - - [17/Jul/2024:19:43:31 +0000] "GET /profiles?userID=a525810e-5531-4f97-95a4-39a082f7416b HTTP/1.1" 200 87094 "-" "axios/1.4.0"
::1 - - [17/Jul/2024:19:43:32 +0000] "GET /profiles/friends?friendStatus=requesting HTTP/1.1" 304 - "http://localhost:4200/" "Mozilla/5.0 (iPhone; CPU iPhone OS 16_6 like Mac OS X) AppleWebKit/605.1.15 (KHTML, like Gecko) Version/16.6 Mobile/15E148 Safari/604.1"
::ffff:127.0.0.1 - - [17/Jul/2024:19:43:32 +0000] "GET /recipes/1124022500010028 HTTP/1.1" 200 516 "-" "axios/1.4.0"
::1 - - [17/Jul/2024:19:43:32 +0000] "GET /profiles/ HTTP/1.1" 304 - "http://localhost:4200/" "Mozilla/5.0 (iPhone; CPU iPhone OS 16_6 like Mac OS X) AppleWebKit/605.1.15 (KHTML, like Gecko) Version/16.6 Mobile/15E148 Safari/604.1"
::1 - - [17/Jul/2024:19:43:32 +0000] "GET /profiles/followers HTTP/1.1" 304 - "http://localhost:4200/" "Mozilla/5.0 (iPhone; CPU iPhone OS 16_6 like Mac OS X) AppleWebKit/605.1.15 (KHTML, like Gecko) Version/16.6 Mobile/15E148 Safari/604.1"
::1 - - [17/Jul/2024:19:43:32 +0000] "GET /profiles/friends?friendStatus=confirmed HTTP/1.1" 200 93334 "http://localhost:4200/" "Mozilla/5.0 (iPhone; CPU iPhone OS 16_6 like Mac OS X) AppleWebKit/605.1.15 (KHTML, like Gecko) Version/16.6 Mobile/15E148 Safari/604.1"
::1 - - [17/Jul/2024:19:43:32 +0000] "GET /profiles/following HTTP/1.1" 304 - "http://localhost:4200/" "Mozilla/5.0 (iPhone; CPU iPhone OS 16_6 like Mac OS X) AppleWebKit/605.1.15 (KHTML, like Gecko) Version/16.6 Mobile/15E148 Safari/604.1"
::1 - - [17/Jul/2024:19:43:32 +0000] "GET /shopping/lists/shared HTTP/1.1" 304 - "http://localhost:4200/" "Mozilla/5.0 (iPhone; CPU iPhone OS 16_6 like Mac OS X) AppleWebKit/605.1.15 (KHTML, like Gecko) Version/16.6 Mobile/15E148 Safari/604.1"
::1 - - [17/Jul/2024:19:43:32 +0000] "GET /shopping/lists HTTP/1.1" 304 - "http://localhost:4200/" "Mozilla/5.0 (iPhone; CPU iPhone OS 16_6 like Mac OS X) AppleWebKit/605.1.15 (KHTML, like Gecko) Version/16.6 Mobile/15E148 Safari/604.1"
::1 - - [17/Jul/2024:19:43:32 +0000] "GET /shopping/listRecipes HTTP/1.1" 304 - "http://localhost:4200/" "Mozilla/5.0 (iPhone; CPU iPhone OS 16_6 like Mac OS X) AppleWebKit/605.1.15 (KHTML, like Gecko) Version/16.6 Mobile/15E148 Safari/604.1"
::ffff:127.0.0.1 - - [17/Jul/2024:19:43:32 +0000] "GET /profiles?userID=a525810e-5531-4f97-95a4-39a082f7416b HTTP/1.1" 200 87094 "-" "axios/1.4.0"
::1 - - [17/Jul/2024:19:43:32 +0000] "GET /recipes/subscriptions HTTP/1.1" 304 - "http://localhost:4200/" "Mozilla/5.0 (iPhone; CPU iPhone OS 16_6 like Mac OS X) AppleWebKit/605.1.15 (KHTML, like Gecko) Version/16.6 Mobile/15E148 Safari/604.1"
::1 - - [17/Jul/2024:19:43:32 +0000] "GET /messages HTTP/1.1" 304 - "http://localhost:4200/" "Mozilla/5.0 (iPhone; CPU iPhone OS 16_6 like Mac OS X) AppleWebKit/605.1.15 (KHTML, like Gecko) Version/16.6 Mobile/15E148 Safari/604.1"
::1 - - [17/Jul/2024:19:43:33 +0000] "POST /profiles/loaded/:4225b995-4211-40ef-aa35-c5f8b70eaa97 HTTP/1.1" 200 - "http://localhost:4200/" "Mozilla/5.0 (iPhone; CPU iPhone OS 16_6 like Mac OS X) AppleWebKit/605.1.15 (KHTML, like Gecko) Version/16.6 Mobile/15E148 Safari/604.1"
::ffff:127.0.0.1 - - [17/Jul/2024:19:43:33 +0000] "POST /logs/user HTTP/1.1" 200 30 "-" "axios/1.4.0"
::1 - - [17/Jul/2024:19:44:28 +0000] "GET /ingredients HTTP/1.1" 304 - "http://localhost:4200/" "Mozilla/5.0 (iPhone; CPU iPhone OS 16_6 like Mac OS X) AppleWebKit/605.1.15 (KHTML, like Gecko) Version/16.6 Mobile/15E148 Safari/604.1"
::1 - - [17/Jul/2024:19:44:28 +0000] "GET /ingredientStocks HTTP/1.1" 304 - "http://localhost:4200/" "Mozilla/5.0 (iPhone; CPU iPhone OS 16_6 like Mac OS X) AppleWebKit/605.1.15 (KHTML, like Gecko) Version/16.6 Mobile/15E148 Safari/604.1"
::1 - - [17/Jul/2024:19:44:28 +0000] "GET /toolStocks HTTP/1.1" 304 - "http://localhost:4200/" "Mozilla/5.0 (iPhone; CPU iPhone OS 16_6 like Mac OS X) AppleWebKit/605.1.15 (KHTML, like Gecko) Version/16.6 Mobile/15E148 Safari/604.1"
::1 - - [17/Jul/2024:19:44:28 +0000] "GET /recipes HTTP/1.1" 304 - "http://localhost:4200/" "Mozilla/5.0 (iPhone; CPU iPhone OS 16_6 like Mac OS X) AppleWebKit/605.1.15 (KHTML, like Gecko) Version/16.6 Mobile/15E148 Safari/604.1"
::1 - - [17/Jul/2024:19:44:29 +0000] "GET /recipes/categories HTTP/1.1" 304 - "http://localhost:4200/" "Mozilla/5.0 (iPhone; CPU iPhone OS 16_6 like Mac OS X) AppleWebKit/605.1.15 (KHTML, like Gecko) Version/16.6 Mobile/15E148 Safari/604.1"
::1 - - [17/Jul/2024:19:44:29 +0000] "GET /tools HTTP/1.1" 304 - "http://localhost:4200/" "Mozilla/5.0 (iPhone; CPU iPhone OS 16_6 like Mac OS X) AppleWebKit/605.1.15 (KHTML, like Gecko) Version/16.6 Mobile/15E148 Safari/604.1"
::1 - - [17/Jul/2024:19:44:29 +0000] "GET /recipes/discover HTTP/1.1" 304 - "http://localhost:4200/" "Mozilla/5.0 (iPhone; CPU iPhone OS 16_6 like Mac OS X) AppleWebKit/605.1.15 (KHTML, like Gecko) Version/16.6 Mobile/15E148 Safari/604.1"
::1 - - [17/Jul/2024:19:44:29 +0000] "GET /ingredients/recipe HTTP/1.1" 304 - "http://localhost:4200/" "Mozilla/5.0 (iPhone; CPU iPhone OS 16_6 like Mac OS X) AppleWebKit/605.1.15 (KHTML, like Gecko) Version/16.6 Mobile/15E148 Safari/604.1"
::1 - - [17/Jul/2024:19:44:29 +0000] "GET /tools/recipe HTTP/1.1" 304 - "http://localhost:4200/" "Mozilla/5.0 (iPhone; CPU iPhone OS 16_6 like Mac OS X) AppleWebKit/605.1.15 (KHTML, like Gecko) Version/16.6 Mobile/15E148 Safari/604.1"
::1 - - [17/Jul/2024:19:44:29 +0000] "GET /steps HTTP/1.1" 304 - "http://localhost:4200/" "Mozilla/5.0 (iPhone; CPU iPhone OS 16_6 like Mac OS X) AppleWebKit/605.1.15 (KHTML, like Gecko) Version/16.6 Mobile/15E148 Safari/604.1"
::1 - - [17/Jul/2024:19:44:29 +0000] "GET /steps/recipe HTTP/1.1" 304 - "http://localhost:4200/" "Mozilla/5.0 (iPhone; CPU iPhone OS 16_6 like Mac OS X) AppleWebKit/605.1.15 (KHTML, like Gecko) Version/16.6 Mobile/15E148 Safari/604.1"
::ffff:127.0.0.1 - - [17/Jul/2024:19:44:29 +0000] "GET /recipes/1124022400010010 HTTP/1.1" 200 451 "-" "axios/1.4.0"
::1 - - [17/Jul/2024:19:44:29 +0000] "GET /persons/followships HTTP/1.1" 304 - "http://localhost:4200/" "Mozilla/5.0 (iPhone; CPU iPhone OS 16_6 like Mac OS X) AppleWebKit/605.1.15 (KHTML, like Gecko) Version/16.6 Mobile/15E148 Safari/604.1"
::1 - - [17/Jul/2024:19:44:29 +0000] "GET /persons/followships/followers HTTP/1.1" 304 - "http://localhost:4200/" "Mozilla/5.0 (iPhone; CPU iPhone OS 16_6 like Mac OS X) AppleWebKit/605.1.15 (KHTML, like Gecko) Version/16.6 Mobile/15E148 Safari/604.1"
::1 - - [17/Jul/2024:19:44:29 +0000] "GET /persons/friendships HTTP/1.1" 304 - "http://localhost:4200/" "Mozilla/5.0 (iPhone; CPU iPhone OS 16_6 like Mac OS X) AppleWebKit/605.1.15 (KHTML, like Gecko) Version/16.6 Mobile/15E148 Safari/604.1"
::1 - - [17/Jul/2024:19:44:29 +0000] "GET /profiles/friends?friendStatus=receivedRequest HTTP/1.1" 304 - "http://localhost:4200/" "Mozilla/5.0 (iPhone; CPU iPhone OS 16_6 like Mac OS X) AppleWebKit/605.1.15 (KHTML, like Gecko) Version/16.6 Mobile/15E148 Safari/604.1"
::1 - - [17/Jul/2024:19:44:29 +0000] "GET /profiles/friends?friendStatus=requesting HTTP/1.1" 304 - "http://localhost:4200/" "Mozilla/5.0 (iPhone; CPU iPhone OS 16_6 like Mac OS X) AppleWebKit/605.1.15 (KHTML, like Gecko) Version/16.6 Mobile/15E148 Safari/604.1"
::ffff:127.0.0.1 - - [17/Jul/2024:19:44:29 +0000] "GET /profiles?userID=a525810e-5531-4f97-95a4-39a082f7416b HTTP/1.1" 200 87094 "-" "axios/1.4.0"
::1 - - [17/Jul/2024:19:44:29 +0000] "GET /profiles/ HTTP/1.1" 304 - "http://localhost:4200/" "Mozilla/5.0 (iPhone; CPU iPhone OS 16_6 like Mac OS X) AppleWebKit/605.1.15 (KHTML, like Gecko) Version/16.6 Mobile/15E148 Safari/604.1"
::1 - - [17/Jul/2024:19:44:29 +0000] "GET /profiles/followers HTTP/1.1" 304 - "http://localhost:4200/" "Mozilla/5.0 (iPhone; CPU iPhone OS 16_6 like Mac OS X) AppleWebKit/605.1.15 (KHTML, like Gecko) Version/16.6 Mobile/15E148 Safari/604.1"
::1 - - [17/Jul/2024:19:44:29 +0000] "GET /shopping/lists HTTP/1.1" 304 - "http://localhost:4200/" "Mozilla/5.0 (iPhone; CPU iPhone OS 16_6 like Mac OS X) AppleWebKit/605.1.15 (KHTML, like Gecko) Version/16.6 Mobile/15E148 Safari/604.1"
::ffff:127.0.0.1 - - [17/Jul/2024:19:44:29 +0000] "GET /recipes/1124022500010028 HTTP/1.1" 200 516 "-" "axios/1.4.0"
::1 - - [17/Jul/2024:19:44:29 +0000] "GET /profiles/following HTTP/1.1" 304 - "http://localhost:4200/" "Mozilla/5.0 (iPhone; CPU iPhone OS 16_6 like Mac OS X) AppleWebKit/605.1.15 (KHTML, like Gecko) Version/16.6 Mobile/15E148 Safari/604.1"
::1 - - [17/Jul/2024:19:44:29 +0000] "GET /shopping/listRecipes HTTP/1.1" 304 - "http://localhost:4200/" "Mozilla/5.0 (iPhone; CPU iPhone OS 16_6 like Mac OS X) AppleWebKit/605.1.15 (KHTML, like Gecko) Version/16.6 Mobile/15E148 Safari/604.1"
::1 - - [17/Jul/2024:19:44:29 +0000] "GET /shopping/lists/shared HTTP/1.1" 304 - "http://localhost:4200/" "Mozilla/5.0 (iPhone; CPU iPhone OS 16_6 like Mac OS X) AppleWebKit/605.1.15 (KHTML, like Gecko) Version/16.6 Mobile/15E148 Safari/604.1"
::1 - - [17/Jul/2024:19:44:29 +0000] "GET /profiles/friends?friendStatus=confirmed HTTP/1.1" 304 - "http://localhost:4200/" "Mozilla/5.0 (iPhone; CPU iPhone OS 16_6 like Mac OS X) AppleWebKit/605.1.15 (KHTML, like Gecko) Version/16.6 Mobile/15E148 Safari/604.1"
::ffff:127.0.0.1 - - [17/Jul/2024:19:44:30 +0000] "GET /profiles?userID=a525810e-5531-4f97-95a4-39a082f7416b HTTP/1.1" 200 87094 "-" "axios/1.4.0"
::1 - - [17/Jul/2024:19:44:30 +0000] "GET /recipes/subscriptions HTTP/1.1" 304 - "http://localhost:4200/" "Mozilla/5.0 (iPhone; CPU iPhone OS 16_6 like Mac OS X) AppleWebKit/605.1.15 (KHTML, like Gecko) Version/16.6 Mobile/15E148 Safari/604.1"
::1 - - [17/Jul/2024:19:44:30 +0000] "GET /messages HTTP/1.1" 304 - "http://localhost:4200/" "Mozilla/5.0 (iPhone; CPU iPhone OS 16_6 like Mac OS X) AppleWebKit/605.1.15 (KHTML, like Gecko) Version/16.6 Mobile/15E148 Safari/604.1"
::1 - - [17/Jul/2024:19:44:30 +0000] "POST /profiles/loaded/4225b995-4211-40ef-aa35-c5f8b70eaa97 HTTP/1.1" 200 - "http://localhost:4200/" "Mozilla/5.0 (iPhone; CPU iPhone OS 16_6 like Mac OS X) AppleWebKit/605.1.15 (KHTML, like Gecko) Version/16.6 Mobile/15E148 Safari/604.1"
::ffff:127.0.0.1 - - [17/Jul/2024:19:44:30 +0000] "POST /logs/user HTTP/1.1" 200 30 "-" "axios/1.4.0"
::1 - - [24/Jul/2024:21:35:49 +0000] "GET /ingredients HTTP/1.1" 200 8779 "http://localhost:4200/" "Mozilla/5.0 (iPhone; CPU iPhone OS 16_6 like Mac OS X) AppleWebKit/605.1.15 (KHTML, like Gecko) Version/16.6 Mobile/15E148 Safari/604.1"
::1 - - [24/Jul/2024:21:35:49 +0000] "GET /recipes HTTP/1.1" 200 1690 "http://localhost:4200/" "Mozilla/5.0 (iPhone; CPU iPhone OS 16_6 like Mac OS X) AppleWebKit/605.1.15 (KHTML, like Gecko) Version/16.6 Mobile/15E148 Safari/604.1"
::1 - - [24/Jul/2024:21:35:50 +0000] "GET /toolStocks HTTP/1.1" 304 - "http://localhost:4200/" "Mozilla/5.0 (iPhone; CPU iPhone OS 16_6 like Mac OS X) AppleWebKit/605.1.15 (KHTML, like Gecko) Version/16.6 Mobile/15E148 Safari/604.1"
::1 - - [24/Jul/2024:21:35:50 +0000] "GET /ingredientStocks HTTP/1.1" 200 443 "http://localhost:4200/" "Mozilla/5.0 (iPhone; CPU iPhone OS 16_6 like Mac OS X) AppleWebKit/605.1.15 (KHTML, like Gecko) Version/16.6 Mobile/15E148 Safari/604.1"
::1 - - [24/Jul/2024:21:35:50 +0000] "GET /tools HTTP/1.1" 200 1261 "http://localhost:4200/" "Mozilla/5.0 (iPhone; CPU iPhone OS 16_6 like Mac OS X) AppleWebKit/605.1.15 (KHTML, like Gecko) Version/16.6 Mobile/15E148 Safari/604.1"
::1 - - [24/Jul/2024:21:35:50 +0000] "GET /recipes/categories HTTP/1.1" 304 - "http://localhost:4200/" "Mozilla/5.0 (iPhone; CPU iPhone OS 16_6 like Mac OS X) AppleWebKit/605.1.15 (KHTML, like Gecko) Version/16.6 Mobile/15E148 Safari/604.1"
::1 - - [24/Jul/2024:21:35:50 +0000] "GET /messages HTTP/1.1" 200 1733 "http://localhost:4200/" "Mozilla/5.0 (iPhone; CPU iPhone OS 16_6 like Mac OS X) AppleWebKit/605.1.15 (KHTML, like Gecko) Version/16.6 Mobile/15E148 Safari/604.1"
::1 - - [24/Jul/2024:21:35:50 +0000] "GET /ingredients/recipe HTTP/1.1" 200 13129 "http://localhost:4200/" "Mozilla/5.0 (iPhone; CPU iPhone OS 16_6 like Mac OS X) AppleWebKit/605.1.15 (KHTML, like Gecko) Version/16.6 Mobile/15E148 Safari/604.1"
::1 - - [24/Jul/2024:21:35:50 +0000] "GET /recipes/discover HTTP/1.1" 200 153272 "http://localhost:4200/" "Mozilla/5.0 (iPhone; CPU iPhone OS 16_6 like Mac OS X) AppleWebKit/605.1.15 (KHTML, like Gecko) Version/16.6 Mobile/15E148 Safari/604.1"
::1 - - [24/Jul/2024:21:35:50 +0000] "GET /steps HTTP/1.1" 200 6609 "http://localhost:4200/" "Mozilla/5.0 (iPhone; CPU iPhone OS 16_6 like Mac OS X) AppleWebKit/605.1.15 (KHTML, like Gecko) Version/16.6 Mobile/15E148 Safari/604.1"
::1 - - [24/Jul/2024:21:35:50 +0000] "GET /tools/recipe HTTP/1.1" 200 2468 "http://localhost:4200/" "Mozilla/5.0 (iPhone; CPU iPhone OS 16_6 like Mac OS X) AppleWebKit/605.1.15 (KHTML, like Gecko) Version/16.6 Mobile/15E148 Safari/604.1"
::ffff:127.0.0.1 - - [24/Jul/2024:21:35:50 +0000] "GET /recipes/1124022500010028 HTTP/1.1" 200 516 "-" "axios/1.4.0"
::1 - - [24/Jul/2024:21:35:50 +0000] "GET /persons/followships HTTP/1.1" 200 430 "http://localhost:4200/" "Mozilla/5.0 (iPhone; CPU iPhone OS 16_6 like Mac OS X) AppleWebKit/605.1.15 (KHTML, like Gecko) Version/16.6 Mobile/15E148 Safari/604.1"
::1 - - [24/Jul/2024:21:35:50 +0000] "GET /steps/recipe HTTP/1.1" 200 4209 "http://localhost:4200/" "Mozilla/5.0 (iPhone; CPU iPhone OS 16_6 like Mac OS X) AppleWebKit/605.1.15 (KHTML, like Gecko) Version/16.6 Mobile/15E148 Safari/604.1"
::1 - - [24/Jul/2024:21:35:50 +0000] "GET /persons/friendships HTTP/1.1" 200 683 "http://localhost:4200/" "Mozilla/5.0 (iPhone; CPU iPhone OS 16_6 like Mac OS X) AppleWebKit/605.1.15 (KHTML, like Gecko) Version/16.6 Mobile/15E148 Safari/604.1"
::1 - - [24/Jul/2024:21:35:50 +0000] "GET /persons/followships/followers HTTP/1.1" 200 196 "http://localhost:4200/" "Mozilla/5.0 (iPhone; CPU iPhone OS 16_6 like Mac OS X) AppleWebKit/605.1.15 (KHTML, like Gecko) Version/16.6 Mobile/15E148 Safari/604.1"
::1 - - [24/Jul/2024:21:35:50 +0000] "GET /profiles/friends?friendStatus=receivedRequest HTTP/1.1" 304 - "http://localhost:4200/" "Mozilla/5.0 (iPhone; CPU iPhone OS 16_6 like Mac OS X) AppleWebKit/605.1.15 (KHTML, like Gecko) Version/16.6 Mobile/15E148 Safari/604.1"
::ffff:127.0.0.1 - - [24/Jul/2024:21:35:50 +0000] "GET /profiles?userID=a525810e-5531-4f97-95a4-39a082f7416b HTTP/1.1" 200 87094 "-" "axios/1.4.0"
::1 - - [24/Jul/2024:21:35:51 +0000] "GET /profiles/friends?friendStatus=requesting HTTP/1.1" 304 - "http://localhost:4200/" "Mozilla/5.0 (iPhone; CPU iPhone OS 16_6 like Mac OS X) AppleWebKit/605.1.15 (KHTML, like Gecko) Version/16.6 Mobile/15E148 Safari/604.1"
::1 - - [24/Jul/2024:21:35:51 +0000] "GET /profiles/followers HTTP/1.1" 200 2044 "http://localhost:4200/" "Mozilla/5.0 (iPhone; CPU iPhone OS 16_6 like Mac OS X) AppleWebKit/605.1.15 (KHTML, like Gecko) Version/16.6 Mobile/15E148 Safari/604.1"
::1 - - [24/Jul/2024:21:35:51 +0000] "GET /profiles/following HTTP/1.1" 200 4146 "http://localhost:4200/" "Mozilla/5.0 (iPhone; CPU iPhone OS 16_6 like Mac OS X) AppleWebKit/605.1.15 (KHTML, like Gecko) Version/16.6 Mobile/15E148 Safari/604.1"
::ffff:127.0.0.1 - - [24/Jul/2024:21:35:51 +0000] "GET /recipes/1124022400010015 HTTP/1.1" 200 455 "-" "axios/1.4.0"
::1 - - [24/Jul/2024:21:35:51 +0000] "GET /shopping/lists/shared HTTP/1.1" 200 148 "http://localhost:4200/" "Mozilla/5.0 (iPhone; CPU iPhone OS 16_6 like Mac OS X) AppleWebKit/605.1.15 (KHTML, like Gecko) Version/16.6 Mobile/15E148 Safari/604.1"
::1 - - [24/Jul/2024:21:35:51 +0000] "GET /profiles/friends?friendStatus=confirmed HTTP/1.1" 200 4146 "http://localhost:4200/" "Mozilla/5.0 (iPhone; CPU iPhone OS 16_6 like Mac OS X) AppleWebKit/605.1.15 (KHTML, like Gecko) Version/16.6 Mobile/15E148 Safari/604.1"
::1 - - [24/Jul/2024:21:35:51 +0000] "GET /profiles/ HTTP/1.1" 200 1930 "http://localhost:4200/" "Mozilla/5.0 (iPhone; CPU iPhone OS 16_6 like Mac OS X) AppleWebKit/605.1.15 (KHTML, like Gecko) Version/16.6 Mobile/15E148 Safari/604.1"
::1 - - [24/Jul/2024:21:35:51 +0000] "GET /shopping/lists HTTP/1.1" 200 101 "http://localhost:4200/" "Mozilla/5.0 (iPhone; CPU iPhone OS 16_6 like Mac OS X) AppleWebKit/605.1.15 (KHTML, like Gecko) Version/16.6 Mobile/15E148 Safari/604.1"
::1 - - [24/Jul/2024:21:35:51 +0000] "GET /shopping/listRecipes HTTP/1.1" 304 - "http://localhost:4200/" "Mozilla/5.0 (iPhone; CPU iPhone OS 16_6 like Mac OS X) AppleWebKit/605.1.15 (KHTML, like Gecko) Version/16.6 Mobile/15E148 Safari/604.1"
::1 - - [24/Jul/2024:21:35:51 +0000] "POST /profiles/loaded/ff9db90f-2ecd-496b-8162-9b865752f563 HTTP/1.1" 200 - "http://localhost:4200/" "Mozilla/5.0 (iPhone; CPU iPhone OS 16_6 like Mac OS X) AppleWebKit/605.1.15 (KHTML, like Gecko) Version/16.6 Mobile/15E148 Safari/604.1"
::ffff:127.0.0.1 - - [24/Jul/2024:21:35:51 +0000] "POST /logs/user HTTP/1.1" 200 30 "-" "axios/1.4.0"
::ffff:127.0.0.1 - - [24/Jul/2024:21:35:51 +0000] "GET /profiles?userID=a525810e-5531-4f97-95a4-39a082f7416b HTTP/1.1" 200 87094 "-" "axios/1.4.0"
::1 - - [24/Jul/2024:21:35:51 +0000] "GET /recipes/subscriptions HTTP/1.1" 200 513 "http://localhost:4200/" "Mozilla/5.0 (iPhone; CPU iPhone OS 16_6 like Mac OS X) AppleWebKit/605.1.15 (KHTML, like Gecko) Version/16.6 Mobile/15E148 Safari/604.1"
::1 - - [24/Jul/2024:21:36:12 +0000] "GET /recipes/1124071000022225/subscriptions HTTP/1.1" 200 2 "http://localhost:4200/" "Mozilla/5.0 (iPhone; CPU iPhone OS 16_6 like Mac OS X) AppleWebKit/605.1.15 (KHTML, like Gecko) Version/16.6 Mobile/15E148 Safari/604.1"
::1 - - [24/Jul/2024:21:36:12 +0000] "GET /logs/recipeFeedback?recipeID=1124071000022225&createdAfter=2024-06-24&onlyMe=true HTTP/1.1" 200 2 "http://localhost:4200/" "Mozilla/5.0 (iPhone; CPU iPhone OS 16_6 like Mac OS X) AppleWebKit/605.1.15 (KHTML, like Gecko) Version/16.6 Mobile/15E148 Safari/604.1"
::1 - - [24/Jul/2024:21:36:12 +0000] "GET /logs/recipeFeedback?recipeID=1124071000022225&createdAfter=2024-06-24&onlyMe=false HTTP/1.1" 200 2 "http://localhost:4200/" "Mozilla/5.0 (iPhone; CPU iPhone OS 16_6 like Mac OS X) AppleWebKit/605.1.15 (KHTML, like Gecko) Version/16.6 Mobile/15E148 Safari/604.1"
::1 - - [02/Aug/2024:21:36:15 +0000] "GET /ingredients HTTP/1.1" 200 27710 "http://localhost:4200/" "Mozilla/5.0 (iPhone; CPU iPhone OS 16_6 like Mac OS X) AppleWebKit/605.1.15 (KHTML, like Gecko) Version/16.6 Mobile/15E148 Safari/604.1"
::1 - - [02/Aug/2024:21:36:15 +0000] "GET /toolStocks HTTP/1.1" 304 - "http://localhost:4200/" "Mozilla/5.0 (iPhone; CPU iPhone OS 16_6 like Mac OS X) AppleWebKit/605.1.15 (KHTML, like Gecko) Version/16.6 Mobile/15E148 Safari/604.1"
::1 - - [02/Aug/2024:21:36:15 +0000] "GET /recipes HTTP/1.1" 200 2857 "http://localhost:4200/" "Mozilla/5.0 (iPhone; CPU iPhone OS 16_6 like Mac OS X) AppleWebKit/605.1.15 (KHTML, like Gecko) Version/16.6 Mobile/15E148 Safari/604.1"
::1 - - [02/Aug/2024:21:36:15 +0000] "GET /ingredientStocks HTTP/1.1" 200 2481 "http://localhost:4200/" "Mozilla/5.0 (iPhone; CPU iPhone OS 16_6 like Mac OS X) AppleWebKit/605.1.15 (KHTML, like Gecko) Version/16.6 Mobile/15E148 Safari/604.1"
::1 - - [02/Aug/2024:21:36:15 +0000] "GET /tools HTTP/1.1" 200 5390 "http://localhost:4200/" "Mozilla/5.0 (iPhone; CPU iPhone OS 16_6 like Mac OS X) AppleWebKit/605.1.15 (KHTML, like Gecko) Version/16.6 Mobile/15E148 Safari/604.1"
::1 - - [02/Aug/2024:21:36:15 +0000] "GET /tools/recipe HTTP/1.1" 200 2822 "http://localhost:4200/" "Mozilla/5.0 (iPhone; CPU iPhone OS 16_6 like Mac OS X) AppleWebKit/605.1.15 (KHTML, like Gecko) Version/16.6 Mobile/15E148 Safari/604.1"
::1 - - [02/Aug/2024:21:36:15 +0000] "GET /recipes/categories HTTP/1.1" 304 - "http://localhost:4200/" "Mozilla/5.0 (iPhone; CPU iPhone OS 16_6 like Mac OS X) AppleWebKit/605.1.15 (KHTML, like Gecko) Version/16.6 Mobile/15E148 Safari/604.1"
::1 - - [02/Aug/2024:21:36:15 +0000] "GET /recipes/discover HTTP/1.1" 200 153278 "http://localhost:4200/" "Mozilla/5.0 (iPhone; CPU iPhone OS 16_6 like Mac OS X) AppleWebKit/605.1.15 (KHTML, like Gecko) Version/16.6 Mobile/15E148 Safari/604.1"
::ffff:127.0.0.1 - - [02/Aug/2024:21:36:15 +0000] "GET /recipes/1124022400010007 HTTP/1.1" 200 516 "-" "axios/1.4.0"
::1 - - [02/Aug/2024:21:36:15 +0000] "GET /ingredients/recipe HTTP/1.1" 200 17385 "http://localhost:4200/" "Mozilla/5.0 (iPhone; CPU iPhone OS 16_6 like Mac OS X) AppleWebKit/605.1.15 (KHTML, like Gecko) Version/16.6 Mobile/15E148 Safari/604.1"
::1 - - [02/Aug/2024:21:36:15 +0000] "GET /steps HTTP/1.1" 200 102088 "http://localhost:4200/" "Mozilla/5.0 (iPhone; CPU iPhone OS 16_6 like Mac OS X) AppleWebKit/605.1.15 (KHTML, like Gecko) Version/16.6 Mobile/15E148 Safari/604.1"
::1 - - [02/Aug/2024:21:36:15 +0000] "GET /steps/recipe HTTP/1.1" 200 5430 "http://localhost:4200/" "Mozilla/5.0 (iPhone; CPU iPhone OS 16_6 like Mac OS X) AppleWebKit/605.1.15 (KHTML, like Gecko) Version/16.6 Mobile/15E148 Safari/604.1"
::1 - - [02/Aug/2024:21:36:15 +0000] "GET /persons/followships HTTP/1.1" 200 858 "http://localhost:4200/" "Mozilla/5.0 (iPhone; CPU iPhone OS 16_6 like Mac OS X) AppleWebKit/605.1.15 (KHTML, like Gecko) Version/16.6 Mobile/15E148 Safari/604.1"
::1 - - [02/Aug/2024:21:36:15 +0000] "GET /persons/friendships HTTP/1.1" 200 1698 "http://localhost:4200/" "Mozilla/5.0 (iPhone; CPU iPhone OS 16_6 like Mac OS X) AppleWebKit/605.1.15 (KHTML, like Gecko) Version/16.6 Mobile/15E148 Safari/604.1"
::1 - - [02/Aug/2024:21:36:15 +0000] "GET /persons/followships/followers HTTP/1.1" 200 4246 "http://localhost:4200/" "Mozilla/5.0 (iPhone; CPU iPhone OS 16_6 like Mac OS X) AppleWebKit/605.1.15 (KHTML, like Gecko) Version/16.6 Mobile/15E148 Safari/604.1"
::ffff:127.0.0.1 - - [02/Aug/2024:21:36:16 +0000] "GET /profiles?userID=a525810e-5531-4f97-95a4-39a082f7416b HTTP/1.1" 200 87104 "-" "axios/1.4.0"
::ffff:127.0.0.1 - - [02/Aug/2024:21:36:16 +0000] "GET /recipes/1124031400010017 HTTP/1.1" 200 517 "-" "axios/1.4.0"
::1 - - [02/Aug/2024:21:36:16 +0000] "GET /messages HTTP/1.1" 200 5850 "http://localhost:4200/" "Mozilla/5.0 (iPhone; CPU iPhone OS 16_6 like Mac OS X) AppleWebKit/605.1.15 (KHTML, like Gecko) Version/16.6 Mobile/15E148 Safari/604.1"
::1 - - [02/Aug/2024:21:36:16 +0000] "GET /profiles/followers HTTP/1.1" 200 23605 "http://localhost:4200/" "Mozilla/5.0 (iPhone; CPU iPhone OS 16_6 like Mac OS X) AppleWebKit/605.1.15 (KHTML, like Gecko) Version/16.6 Mobile/15E148 Safari/604.1"
::1 - - [02/Aug/2024:21:36:16 +0000] "GET /profiles/ HTTP/1.1" 200 2101 "http://localhost:4200/" "Mozilla/5.0 (iPhone; CPU iPhone OS 16_6 like Mac OS X) AppleWebKit/605.1.15 (KHTML, like Gecko) Version/16.6 Mobile/15E148 Safari/604.1"
::1 - - [02/Aug/2024:21:36:16 +0000] "GET /profiles/friends?friendStatus=requesting HTTP/1.1" 304 - "http://localhost:4200/" "Mozilla/5.0 (iPhone; CPU iPhone OS 16_6 like Mac OS X) AppleWebKit/605.1.15 (KHTML, like Gecko) Version/16.6 Mobile/15E148 Safari/604.1"
::1 - - [02/Aug/2024:21:36:16 +0000] "GET /shopping/lists HTTP/1.1" 200 101 "http://localhost:4200/" "Mozilla/5.0 (iPhone; CPU iPhone OS 16_6 like Mac OS X) AppleWebKit/605.1.15 (KHTML, like Gecko) Version/16.6 Mobile/15E148 Safari/604.1"
::1 - - [02/Aug/2024:21:36:16 +0000] "GET /profiles/following HTTP/1.1" 200 6439 "http://localhost:4200/" "Mozilla/5.0 (iPhone; CPU iPhone OS 16_6 like Mac OS X) AppleWebKit/605.1.15 (KHTML, like Gecko) Version/16.6 Mobile/15E148 Safari/604.1"
::1 - - [02/Aug/2024:21:36:16 +0000] "GET /profiles/friends?friendStatus=confirmed HTTP/1.1" 200 94626 "http://localhost:4200/" "Mozilla/5.0 (iPhone; CPU iPhone OS 16_6 like Mac OS X) AppleWebKit/605.1.15 (KHTML, like Gecko) Version/16.6 Mobile/15E148 Safari/604.1"
::1 - - [02/Aug/2024:21:36:16 +0000] "GET /profiles/friends?friendStatus=receivedRequest HTTP/1.1" 304 - "http://localhost:4200/" "Mozilla/5.0 (iPhone; CPU iPhone OS 16_6 like Mac OS X) AppleWebKit/605.1.15 (KHTML, like Gecko) Version/16.6 Mobile/15E148 Safari/604.1"
::1 - - [02/Aug/2024:21:36:16 +0000] "GET /shopping/listRecipes HTTP/1.1" 304 - "http://localhost:4200/" "Mozilla/5.0 (iPhone; CPU iPhone OS 16_6 like Mac OS X) AppleWebKit/605.1.15 (KHTML, like Gecko) Version/16.6 Mobile/15E148 Safari/604.1"
::1 - - [02/Aug/2024:21:36:16 +0000] "GET /shopping/lists/shared HTTP/1.1" 200 295 "http://localhost:4200/" "Mozilla/5.0 (iPhone; CPU iPhone OS 16_6 like Mac OS X) AppleWebKit/605.1.15 (KHTML, like Gecko) Version/16.6 Mobile/15E148 Safari/604.1"
::1 - - [02/Aug/2024:21:36:16 +0000] "POST /profiles/loaded/ade96f70-4ec5-4ab9-adfe-0645b16e1ced HTTP/1.1" 200 - "http://localhost:4200/" "Mozilla/5.0 (iPhone; CPU iPhone OS 16_6 like Mac OS X) AppleWebKit/605.1.15 (KHTML, like Gecko) Version/16.6 Mobile/15E148 Safari/604.1"
::ffff:127.0.0.1 - - [02/Aug/2024:21:36:16 +0000] "GET /profiles?userID=a525810e-5531-4f97-95a4-39a082f7416b HTTP/1.1" 200 87104 "-" "axios/1.4.0"
::1 - - [02/Aug/2024:21:36:16 +0000] "GET /recipes/subscriptions HTTP/1.1" 200 513 "http://localhost:4200/" "Mozilla/5.0 (iPhone; CPU iPhone OS 16_6 like Mac OS X) AppleWebKit/605.1.15 (KHTML, like Gecko) Version/16.6 Mobile/15E148 Safari/604.1"
::ffff:127.0.0.1 - - [02/Aug/2024:21:36:17 +0000] "POST /logs/user HTTP/1.1" 200 30 "-" "axios/1.4.0"
::1 - - [02/Aug/2024:21:36:34 +0000] "GET /toolStocks HTTP/1.1" 304 - "http://localhost:4200/" "Mozilla/5.0 (iPhone; CPU iPhone OS 16_6 like Mac OS X) AppleWebKit/605.1.15 (KHTML, like Gecko) Version/16.6 Mobile/15E148 Safari/604.1"
::1 - - [02/Aug/2024:21:36:34 +0000] "GET /ingredientStocks HTTP/1.1" 304 - "http://localhost:4200/" "Mozilla/5.0 (iPhone; CPU iPhone OS 16_6 like Mac OS X) AppleWebKit/605.1.15 (KHTML, like Gecko) Version/16.6 Mobile/15E148 Safari/604.1"
::1 - - [02/Aug/2024:21:36:34 +0000] "GET /recipes HTTP/1.1" 304 - "http://localhost:4200/" "Mozilla/5.0 (iPhone; CPU iPhone OS 16_6 like Mac OS X) AppleWebKit/605.1.15 (KHTML, like Gecko) Version/16.6 Mobile/15E148 Safari/604.1"
::1 - - [02/Aug/2024:21:36:34 +0000] "GET /ingredients HTTP/1.1" 304 - "http://localhost:4200/" "Mozilla/5.0 (iPhone; CPU iPhone OS 16_6 like Mac OS X) AppleWebKit/605.1.15 (KHTML, like Gecko) Version/16.6 Mobile/15E148 Safari/604.1"
::1 - - [02/Aug/2024:21:36:35 +0000] "GET /tools HTTP/1.1" 304 - "http://localhost:4200/" "Mozilla/5.0 (iPhone; CPU iPhone OS 16_6 like Mac OS X) AppleWebKit/605.1.15 (KHTML, like Gecko) Version/16.6 Mobile/15E148 Safari/604.1"
::1 - - [02/Aug/2024:21:36:35 +0000] "GET /recipes/categories HTTP/1.1" 304 - "http://localhost:4200/" "Mozilla/5.0 (iPhone; CPU iPhone OS 16_6 like Mac OS X) AppleWebKit/605.1.15 (KHTML, like Gecko) Version/16.6 Mobile/15E148 Safari/604.1"
::1 - - [02/Aug/2024:21:36:35 +0000] "GET /ingredients/recipe HTTP/1.1" 304 - "http://localhost:4200/" "Mozilla/5.0 (iPhone; CPU iPhone OS 16_6 like Mac OS X) AppleWebKit/605.1.15 (KHTML, like Gecko) Version/16.6 Mobile/15E148 Safari/604.1"
::1 - - [02/Aug/2024:21:36:35 +0000] "GET /tools/recipe HTTP/1.1" 304 - "http://localhost:4200/" "Mozilla/5.0 (iPhone; CPU iPhone OS 16_6 like Mac OS X) AppleWebKit/605.1.15 (KHTML, like Gecko) Version/16.6 Mobile/15E148 Safari/604.1"
::ffff:127.0.0.1 - - [02/Aug/2024:21:36:35 +0000] "GET /recipes/1124022400010007 HTTP/1.1" 200 516 "-" "axios/1.4.0"
::1 - - [02/Aug/2024:21:36:35 +0000] "GET /recipes/discover HTTP/1.1" 304 - "http://localhost:4200/" "Mozilla/5.0 (iPhone; CPU iPhone OS 16_6 like Mac OS X) AppleWebKit/605.1.15 (KHTML, like Gecko) Version/16.6 Mobile/15E148 Safari/604.1"
::1 - - [02/Aug/2024:21:36:35 +0000] "GET /steps/recipe HTTP/1.1" 304 - "http://localhost:4200/" "Mozilla/5.0 (iPhone; CPU iPhone OS 16_6 like Mac OS X) AppleWebKit/605.1.15 (KHTML, like Gecko) Version/16.6 Mobile/15E148 Safari/604.1"
::1 - - [02/Aug/2024:21:36:35 +0000] "GET /steps HTTP/1.1" 304 - "http://localhost:4200/" "Mozilla/5.0 (iPhone; CPU iPhone OS 16_6 like Mac OS X) AppleWebKit/605.1.15 (KHTML, like Gecko) Version/16.6 Mobile/15E148 Safari/604.1"
::1 - - [02/Aug/2024:21:36:35 +0000] "GET /persons/friendships HTTP/1.1" 304 - "http://localhost:4200/" "Mozilla/5.0 (iPhone; CPU iPhone OS 16_6 like Mac OS X) AppleWebKit/605.1.15 (KHTML, like Gecko) Version/16.6 Mobile/15E148 Safari/604.1"
::1 - - [02/Aug/2024:21:36:35 +0000] "GET /persons/followships HTTP/1.1" 304 - "http://localhost:4200/" "Mozilla/5.0 (iPhone; CPU iPhone OS 16_6 like Mac OS X) AppleWebKit/605.1.15 (KHTML, like Gecko) Version/16.6 Mobile/15E148 Safari/604.1"
::1 - - [02/Aug/2024:21:36:35 +0000] "GET /persons/followships/followers HTTP/1.1" 304 - "http://localhost:4200/" "Mozilla/5.0 (iPhone; CPU iPhone OS 16_6 like Mac OS X) AppleWebKit/605.1.15 (KHTML, like Gecko) Version/16.6 Mobile/15E148 Safari/604.1"
::ffff:127.0.0.1 - - [02/Aug/2024:21:36:35 +0000] "GET /profiles?userID=a525810e-5531-4f97-95a4-39a082f7416b HTTP/1.1" 200 87104 "-" "axios/1.4.0"
::ffff:127.0.0.1 - - [02/Aug/2024:21:36:35 +0000] "GET /recipes/1124031400010017 HTTP/1.1" 200 517 "-" "axios/1.4.0"
::1 - - [02/Aug/2024:21:36:35 +0000] "GET /profiles/ HTTP/1.1" 304 - "http://localhost:4200/" "Mozilla/5.0 (iPhone; CPU iPhone OS 16_6 like Mac OS X) AppleWebKit/605.1.15 (KHTML, like Gecko) Version/16.6 Mobile/15E148 Safari/604.1"
::1 - - [02/Aug/2024:21:36:35 +0000] "GET /messages HTTP/1.1" 304 - "http://localhost:4200/" "Mozilla/5.0 (iPhone; CPU iPhone OS 16_6 like Mac OS X) AppleWebKit/605.1.15 (KHTML, like Gecko) Version/16.6 Mobile/15E148 Safari/604.1"
::1 - - [02/Aug/2024:21:36:35 +0000] "GET /profiles/followers HTTP/1.1" 304 - "http://localhost:4200/" "Mozilla/5.0 (iPhone; CPU iPhone OS 16_6 like Mac OS X) AppleWebKit/605.1.15 (KHTML, like Gecko) Version/16.6 Mobile/15E148 Safari/604.1"
::1 - - [02/Aug/2024:21:36:36 +0000] "GET /profiles/following HTTP/1.1" 304 - "http://localhost:4200/" "Mozilla/5.0 (iPhone; CPU iPhone OS 16_6 like Mac OS X) AppleWebKit/605.1.15 (KHTML, like Gecko) Version/16.6 Mobile/15E148 Safari/604.1"
::1 - - [02/Aug/2024:21:36:36 +0000] "GET /profiles/friends?friendStatus=receivedRequest HTTP/1.1" 304 - "http://localhost:4200/" "Mozilla/5.0 (iPhone; CPU iPhone OS 16_6 like Mac OS X) AppleWebKit/605.1.15 (KHTML, like Gecko) Version/16.6 Mobile/15E148 Safari/604.1"
::1 - - [02/Aug/2024:21:36:36 +0000] "GET /profiles/friends?friendStatus=requesting HTTP/1.1" 304 - "http://localhost:4200/" "Mozilla/5.0 (iPhone; CPU iPhone OS 16_6 like Mac OS X) AppleWebKit/605.1.15 (KHTML, like Gecko) Version/16.6 Mobile/15E148 Safari/604.1"
::1 - - [02/Aug/2024:21:36:36 +0000] "GET /profiles/friends?friendStatus=confirmed HTTP/1.1" 304 - "http://localhost:4200/" "Mozilla/5.0 (iPhone; CPU iPhone OS 16_6 like Mac OS X) AppleWebKit/605.1.15 (KHTML, like Gecko) Version/16.6 Mobile/15E148 Safari/604.1"
::1 - - [02/Aug/2024:21:36:36 +0000] "GET /shopping/lists HTTP/1.1" 304 - "http://localhost:4200/" "Mozilla/5.0 (iPhone; CPU iPhone OS 16_6 like Mac OS X) AppleWebKit/605.1.15 (KHTML, like Gecko) Version/16.6 Mobile/15E148 Safari/604.1"
::1 - - [02/Aug/2024:21:36:36 +0000] "GET /shopping/lists/shared HTTP/1.1" 304 - "http://localhost:4200/" "Mozilla/5.0 (iPhone; CPU iPhone OS 16_6 like Mac OS X) AppleWebKit/605.1.15 (KHTML, like Gecko) Version/16.6 Mobile/15E148 Safari/604.1"
::1 - - [02/Aug/2024:21:36:36 +0000] "GET /shopping/listRecipes HTTP/1.1" 304 - "http://localhost:4200/" "Mozilla/5.0 (iPhone; CPU iPhone OS 16_6 like Mac OS X) AppleWebKit/605.1.15 (KHTML, like Gecko) Version/16.6 Mobile/15E148 Safari/604.1"
