::1 - - [22/Aug/2024:18:54:43 +0000] "GET /toolStocks HTTP/1.1" 304 - "http://localhost:4200/" "Mozilla/5.0 (iPhone; CPU iPhone OS 16_6 like Mac OS X) AppleWebKit/605.1.15 (KHTML, like Gecko) Version/16.6 Mobile/15E148 Safari/604.1"
::1 - - [22/Aug/2024:18:54:43 +0000] "GET /tools HTTP/1.1" 304 - "http://localhost:4200/" "Mozilla/5.0 (iPhone; CPU iPhone OS 16_6 like Mac OS X) AppleWebKit/605.1.15 (KHTML, like Gecko) Version/16.6 Mobile/15E148 Safari/604.1"
::1 - - [22/Aug/2024:18:54:43 +0000] "GET /ingredientStocks HTTP/1.1" 304 - "http://localhost:4200/" "Mozilla/5.0 (iPhone; CPU iPhone OS 16_6 like Mac OS X) AppleWebKit/605.1.15 (KHTML, like Gecko) Version/16.6 Mobile/15E148 Safari/604.1"
::1 - - [22/Aug/2024:18:54:43 +0000] "GET /ingredients HTTP/1.1" 304 - "http://localhost:4200/" "Mozilla/5.0 (iPhone; CPU iPhone OS 16_6 like Mac OS X) AppleWebKit/605.1.15 (KHTML, like Gecko) Version/16.6 Mobile/15E148 Safari/604.1"
::1 - - [22/Aug/2024:18:54:43 +0000] "GET /recipes HTTP/1.1" 304 - "http://localhost:4200/" "Mozilla/5.0 (iPhone; CPU iPhone OS 16_6 like Mac OS X) AppleWebKit/605.1.15 (KHTML, like Gecko) Version/16.6 Mobile/15E148 Safari/604.1"
::1 - - [22/Aug/2024:18:54:44 +0000] "GET /recipes/categories HTTP/1.1" 304 - "http://localhost:4200/" "Mozilla/5.0 (iPhone; CPU iPhone OS 16_6 like Mac OS X) AppleWebKit/605.1.15 (KHTML, like Gecko) Version/16.6 Mobile/15E148 Safari/604.1"
::1 - - [22/Aug/2024:18:54:44 +0000] "GET /tools/recipe HTTP/1.1" 304 - "http://localhost:4200/" "Mozilla/5.0 (iPhone; CPU iPhone OS 16_6 like Mac OS X) AppleWebKit/605.1.15 (KHTML, like Gecko) Version/16.6 Mobile/15E148 Safari/604.1"
::1 - - [22/Aug/2024:18:54:44 +0000] "GET /ingredients/recipe HTTP/1.1" 304 - "http://localhost:4200/" "Mozilla/5.0 (iPhone; CPU iPhone OS 16_6 like Mac OS X) AppleWebKit/605.1.15 (KHTML, like Gecko) Version/16.6 Mobile/15E148 Safari/604.1"
::ffff:127.0.0.1 - - [22/Aug/2024:18:54:44 +0000] "GET /recipes/1124022400010010 HTTP/1.1" 200 451 "-" "axios/1.4.0"
::1 - - [22/Aug/2024:18:54:44 +0000] "GET /steps HTTP/1.1" 304 - "http://localhost:4200/" "Mozilla/5.0 (iPhone; CPU iPhone OS 16_6 like Mac OS X) AppleWebKit/605.1.15 (KHTML, like Gecko) Version/16.6 Mobile/15E148 Safari/604.1"
::1 - - [22/Aug/2024:18:54:44 +0000] "GET /recipes/discover HTTP/1.1" 304 - "http://localhost:4200/" "Mozilla/5.0 (iPhone; CPU iPhone OS 16_6 like Mac OS X) AppleWebKit/605.1.15 (KHTML, like Gecko) Version/16.6 Mobile/15E148 Safari/604.1"
::1 - - [22/Aug/2024:18:54:44 +0000] "GET /messages HTTP/1.1" 304 - "http://localhost:4200/" "Mozilla/5.0 (iPhone; CPU iPhone OS 16_6 like Mac OS X) AppleWebKit/605.1.15 (KHTML, like Gecko) Version/16.6 Mobile/15E148 Safari/604.1"
::1 - - [22/Aug/2024:18:54:44 +0000] "GET /steps/recipe HTTP/1.1" 304 - "http://localhost:4200/" "Mozilla/5.0 (iPhone; CPU iPhone OS 16_6 like Mac OS X) AppleWebKit/605.1.15 (KHTML, like Gecko) Version/16.6 Mobile/15E148 Safari/604.1"
::1 - - [22/Aug/2024:18:54:44 +0000] "GET /persons/friendships HTTP/1.1" 304 - "http://localhost:4200/" "Mozilla/5.0 (iPhone; CPU iPhone OS 16_6 like Mac OS X) AppleWebKit/605.1.15 (KHTML, like Gecko) Version/16.6 Mobile/15E148 Safari/604.1"
::1 - - [22/Aug/2024:18:54:44 +0000] "GET /persons/followships HTTP/1.1" 304 - "http://localhost:4200/" "Mozilla/5.0 (iPhone; CPU iPhone OS 16_6 like Mac OS X) AppleWebKit/605.1.15 (KHTML, like Gecko) Version/16.6 Mobile/15E148 Safari/604.1"
::1 - - [22/Aug/2024:18:54:44 +0000] "GET /persons/followships/followers HTTP/1.1" 304 - "http://localhost:4200/" "Mozilla/5.0 (iPhone; CPU iPhone OS 16_6 like Mac OS X) AppleWebKit/605.1.15 (KHTML, like Gecko) Version/16.6 Mobile/15E148 Safari/604.1"
::ffff:127.0.0.1 - - [22/Aug/2024:18:54:44 +0000] "GET /profiles?userID=a525810e-5531-4f97-95a4-39a082f7416b HTTP/1.1" 200 87395 "-" "axios/1.4.0"
::1 - - [22/Aug/2024:18:54:44 +0000] "GET /profiles/friends?friendStatus=receivedRequest HTTP/1.1" 304 - "http://localhost:4200/" "Mozilla/5.0 (iPhone; CPU iPhone OS 16_6 like Mac OS X) AppleWebKit/605.1.15 (KHTML, like Gecko) Version/16.6 Mobile/15E148 Safari/604.1"
::ffff:127.0.0.1 - - [22/Aug/2024:18:54:44 +0000] "GET /recipes/1124022500010028 HTTP/1.1" 200 516 "-" "axios/1.4.0"
::1 - - [22/Aug/2024:18:54:45 +0000] "GET /profiles/friends?friendStatus=requesting HTTP/1.1" 304 - "http://localhost:4200/" "Mozilla/5.0 (iPhone; CPU iPhone OS 16_6 like Mac OS X) AppleWebKit/605.1.15 (KHTML, like Gecko) Version/16.6 Mobile/15E148 Safari/604.1"
::1 - - [22/Aug/2024:18:54:45 +0000] "GET /profiles/followers HTTP/1.1" 304 - "http://localhost:4200/" "Mozilla/5.0 (iPhone; CPU iPhone OS 16_6 like Mac OS X) AppleWebKit/605.1.15 (KHTML, like Gecko) Version/16.6 Mobile/15E148 Safari/604.1"
::1 - - [22/Aug/2024:18:54:45 +0000] "GET /profiles/ HTTP/1.1" 304 - "http://localhost:4200/" "Mozilla/5.0 (iPhone; CPU iPhone OS 16_6 like Mac OS X) AppleWebKit/605.1.15 (KHTML, like Gecko) Version/16.6 Mobile/15E148 Safari/604.1"
::1 - - [22/Aug/2024:18:54:45 +0000] "GET /profiles/following HTTP/1.1" 304 - "http://localhost:4200/" "Mozilla/5.0 (iPhone; CPU iPhone OS 16_6 like Mac OS X) AppleWebKit/605.1.15 (KHTML, like Gecko) Version/16.6 Mobile/15E148 Safari/604.1"
::1 - - [22/Aug/2024:18:54:45 +0000] "GET /shopping/lists HTTP/1.1" 304 - "http://localhost:4200/" "Mozilla/5.0 (iPhone; CPU iPhone OS 16_6 like Mac OS X) AppleWebKit/605.1.15 (KHTML, like Gecko) Version/16.6 Mobile/15E148 Safari/604.1"
::1 - - [22/Aug/2024:18:54:45 +0000] "GET /shopping/lists/shared HTTP/1.1" 304 - "http://localhost:4200/" "Mozilla/5.0 (iPhone; CPU iPhone OS 16_6 like Mac OS X) AppleWebKit/605.1.15 (KHTML, like Gecko) Version/16.6 Mobile/15E148 Safari/604.1"
::1 - - [22/Aug/2024:18:54:45 +0000] "GET /shopping/listRecipes HTTP/1.1" 304 - "http://localhost:4200/" "Mozilla/5.0 (iPhone; CPU iPhone OS 16_6 like Mac OS X) AppleWebKit/605.1.15 (KHTML, like Gecko) Version/16.6 Mobile/15E148 Safari/604.1"
::1 - - [22/Aug/2024:18:54:45 +0000] "GET /profiles/friends?friendStatus=confirmed HTTP/1.1" 200 92376 "http://localhost:4200/" "Mozilla/5.0 (iPhone; CPU iPhone OS 16_6 like Mac OS X) AppleWebKit/605.1.15 (KHTML, like Gecko) Version/16.6 Mobile/15E148 Safari/604.1"
::ffff:127.0.0.1 - - [22/Aug/2024:18:54:45 +0000] "GET /profiles?userID=a525810e-5531-4f97-95a4-39a082f7416b HTTP/1.1" 200 87395 "-" "axios/1.4.0"
::1 - - [22/Aug/2024:18:54:45 +0000] "GET /recipes/subscriptions HTTP/1.1" 304 - "http://localhost:4200/" "Mozilla/5.0 (iPhone; CPU iPhone OS 16_6 like Mac OS X) AppleWebKit/605.1.15 (KHTML, like Gecko) Version/16.6 Mobile/15E148 Safari/604.1"
::1 - - [22/Aug/2024:18:54:45 +0000] "POST /profiles/loaded/4225b995-4211-40ef-aa35-c5f8b70eaa97 HTTP/1.1" 200 - "http://localhost:4200/" "Mozilla/5.0 (iPhone; CPU iPhone OS 16_6 like Mac OS X) AppleWebKit/605.1.15 (KHTML, like Gecko) Version/16.6 Mobile/15E148 Safari/604.1"
::ffff:127.0.0.1 - - [22/Aug/2024:18:54:45 +0000] "POST /logs/user HTTP/1.1" 200 30 "-" "axios/1.4.0"
::1 - - [22/Aug/2024:18:54:47 +0000] "GET /shopping/listIngredients/byList/2624062600022223 HTTP/1.1" 304 - "http://localhost:4200/" "Mozilla/5.0 (iPhone; CPU iPhone OS 16_6 like Mac OS X) AppleWebKit/605.1.15 (KHTML, like Gecko) Version/16.6 Mobile/15E148 Safari/604.1"
::1 - - [22/Aug/2024:18:54:47 +0000] "GET /shopping/listRecipes/byList/2624062600022223 HTTP/1.1" 304 - "http://localhost:4200/" "Mozilla/5.0 (iPhone; CPU iPhone OS 16_6 like Mac OS X) AppleWebKit/605.1.15 (KHTML, like Gecko) Version/16.6 Mobile/15E148 Safari/604.1"
::1 - - [22/Aug/2024:18:54:47 +0000] "DELETE /shopping/listRecipes/2824071000022223 HTTP/1.1" 200 16 "http://localhost:4200/" "Mozilla/5.0 (iPhone; CPU iPhone OS 16_6 like Mac OS X) AppleWebKit/605.1.15 (KHTML, like Gecko) Version/16.6 Mobile/15E148 Safari/604.1"
::ffff:127.0.0.1 - - [22/Aug/2024:18:54:47 +0000] "POST /logs/shopping HTTP/1.1" 200 34 "-" "axios/1.4.0"
::1 - - [22/Aug/2024:18:54:47 +0000] "DELETE /shopping/listRecipes/2824071000022223 HTTP/1.1" 200 16 "http://localhost:4200/" "Mozilla/5.0 (iPhone; CPU iPhone OS 16_6 like Mac OS X) AppleWebKit/605.1.15 (KHTML, like Gecko) Version/16.6 Mobile/15E148 Safari/604.1"
::1 - - [22/Aug/2024:18:54:47 +0000] "GET /shopping/listRecipes/byList/2624062600022223 HTTP/1.1" 200 2 "http://localhost:4200/" "Mozilla/5.0 (iPhone; CPU iPhone OS 16_6 like Mac OS X) AppleWebKit/605.1.15 (KHTML, like Gecko) Version/16.6 Mobile/15E148 Safari/604.1"
::1 - - [22/Aug/2024:18:54:47 +0000] "GET /shopping/listRecipes/byList/2624062600022223 HTTP/1.1" 304 - "http://localhost:4200/" "Mozilla/5.0 (iPhone; CPU iPhone OS 16_6 like Mac OS X) AppleWebKit/605.1.15 (KHTML, like Gecko) Version/16.6 Mobile/15E148 Safari/604.1"
::1 - - [22/Aug/2024:18:54:58 +0000] "GET /shopping/listIngredients/byListDisplay/2624070100000001 HTTP/1.1" 200 2950 "http://localhost:4200/" "Mozilla/5.0 (iPhone; CPU iPhone OS 16_6 like Mac OS X) AppleWebKit/605.1.15 (KHTML, like Gecko) Version/16.6 Mobile/15E148 Safari/604.1"
::1 - - [22/Aug/2024:18:54:58 +0000] "GET /shopping/listIngredients/byListDisplay/2624040100011112 HTTP/1.1" 200 631 "http://localhost:4200/" "Mozilla/5.0 (iPhone; CPU iPhone OS 16_6 like Mac OS X) AppleWebKit/605.1.15 (KHTML, like Gecko) Version/16.6 Mobile/15E148 Safari/604.1"
::1 - - [22/Aug/2024:18:55:10 +0000] "GET /recipes/1124022400010007/steps HTTP/1.1" 304 - "http://localhost:4200/" "Mozilla/5.0 (iPhone; CPU iPhone OS 16_6 like Mac OS X) AppleWebKit/605.1.15 (KHTML, like Gecko) Version/16.6 Mobile/15E148 Safari/604.1"
::1 - - [22/Aug/2024:18:55:10 +0000] "GET /recipes/1124022400010007 HTTP/1.1" 304 - "http://localhost:4200/" "Mozilla/5.0 (iPhone; CPU iPhone OS 16_6 like Mac OS X) AppleWebKit/605.1.15 (KHTML, like Gecko) Version/16.6 Mobile/15E148 Safari/604.1"
::1 - - [22/Aug/2024:18:55:10 +0000] "GET /recipes/1124022400010007/tools HTTP/1.1" 304 - "http://localhost:4200/" "Mozilla/5.0 (iPhone; CPU iPhone OS 16_6 like Mac OS X) AppleWebKit/605.1.15 (KHTML, like Gecko) Version/16.6 Mobile/15E148 Safari/604.1"
::1 - - [22/Aug/2024:18:55:10 +0000] "GET /recipes/1124022400010007/ingredients HTTP/1.1" 304 - "http://localhost:4200/" "Mozilla/5.0 (iPhone; CPU iPhone OS 16_6 like Mac OS X) AppleWebKit/605.1.15 (KHTML, like Gecko) Version/16.6 Mobile/15E148 Safari/604.1"
::1 - - [22/Aug/2024:18:55:10 +0000] "GET /recipes/1124022400010007/subscriptions HTTP/1.1" 304 - "http://localhost:4200/" "Mozilla/5.0 (iPhone; CPU iPhone OS 16_6 like Mac OS X) AppleWebKit/605.1.15 (KHTML, like Gecko) Version/16.6 Mobile/15E148 Safari/604.1"
::1 - - [22/Aug/2024:18:55:10 +0000] "GET /steps/1824022400010036 HTTP/1.1" 304 - "http://localhost:4200/" "Mozilla/5.0 (iPhone; CPU iPhone OS 16_6 like Mac OS X) AppleWebKit/605.1.15 (KHTML, like Gecko) Version/16.6 Mobile/15E148 Safari/604.1"
::1 - - [22/Aug/2024:18:55:10 +0000] "GET /steps/1824022400010037 HTTP/1.1" 304 - "http://localhost:4200/" "Mozilla/5.0 (iPhone; CPU iPhone OS 16_6 like Mac OS X) AppleWebKit/605.1.15 (KHTML, like Gecko) Version/16.6 Mobile/15E148 Safari/604.1"
::1 - - [22/Aug/2024:18:55:10 +0000] "GET /steps/1824022400010038 HTTP/1.1" 304 - "http://localhost:4200/" "Mozilla/5.0 (iPhone; CPU iPhone OS 16_6 like Mac OS X) AppleWebKit/605.1.15 (KHTML, like Gecko) Version/16.6 Mobile/15E148 Safari/604.1"
::1 - - [22/Aug/2024:18:55:10 +0000] "GET /steps/1824022400010039 HTTP/1.1" 304 - "http://localhost:4200/" "Mozilla/5.0 (iPhone; CPU iPhone OS 16_6 like Mac OS X) AppleWebKit/605.1.15 (KHTML, like Gecko) Version/16.6 Mobile/15E148 Safari/604.1"
::1 - - [22/Aug/2024:18:55:10 +0000] "GET /steps/1824022400010035 HTTP/1.1" 304 - "http://localhost:4200/" "Mozilla/5.0 (iPhone; CPU iPhone OS 16_6 like Mac OS X) AppleWebKit/605.1.15 (KHTML, like Gecko) Version/16.6 Mobile/15E148 Safari/604.1"
::1 - - [22/Aug/2024:18:55:10 +0000] "GET /ingredients/1224022400010063 HTTP/1.1" 304 - "http://localhost:4200/" "Mozilla/5.0 (iPhone; CPU iPhone OS 16_6 like Mac OS X) AppleWebKit/605.1.15 (KHTML, like Gecko) Version/16.6 Mobile/15E148 Safari/604.1"
::1 - - [22/Aug/2024:18:55:10 +0000] "GET /ingredients/1224022300010144 HTTP/1.1" 304 - "http://localhost:4200/" "Mozilla/5.0 (iPhone; CPU iPhone OS 16_6 like Mac OS X) AppleWebKit/605.1.15 (KHTML, like Gecko) Version/16.6 Mobile/15E148 Safari/604.1"
::1 - - [22/Aug/2024:18:55:10 +0000] "GET /ingredients/1224020300010043 HTTP/1.1" 304 - "http://localhost:4200/" "Mozilla/5.0 (iPhone; CPU iPhone OS 16_6 like Mac OS X) AppleWebKit/605.1.15 (KHTML, like Gecko) Version/16.6 Mobile/15E148 Safari/604.1"
::1 - - [22/Aug/2024:18:55:10 +0000] "GET /tools/1424021800010002 HTTP/1.1" 304 - "http://localhost:4200/" "Mozilla/5.0 (iPhone; CPU iPhone OS 16_6 like Mac OS X) AppleWebKit/605.1.15 (KHTML, like Gecko) Version/16.6 Mobile/15E148 Safari/604.1"
::1 - - [22/Aug/2024:18:55:10 +0000] "GET /ingredients/1224022400010060 HTTP/1.1" 304 - "http://localhost:4200/" "Mozilla/5.0 (iPhone; CPU iPhone OS 16_6 like Mac OS X) AppleWebKit/605.1.15 (KHTML, like Gecko) Version/16.6 Mobile/15E148 Safari/604.1"
::1 - - [22/Aug/2024:18:55:10 +0000] "GET /ingredients/1224020300010028 HTTP/1.1" 304 - "http://localhost:4200/" "Mozilla/5.0 (iPhone; CPU iPhone OS 16_6 like Mac OS X) AppleWebKit/605.1.15 (KHTML, like Gecko) Version/16.6 Mobile/15E148 Safari/604.1"
::1 - - [22/Aug/2024:18:55:10 +0000] "GET /ingredients/1224022400010004 HTTP/1.1" 304 - "http://localhost:4200/" "Mozilla/5.0 (iPhone; CPU iPhone OS 16_6 like Mac OS X) AppleWebKit/605.1.15 (KHTML, like Gecko) Version/16.6 Mobile/15E148 Safari/604.1"
::1 - - [22/Aug/2024:18:55:10 +0000] "GET /ingredients/1224022400010064 HTTP/1.1" 304 - "http://localhost:4200/" "Mozilla/5.0 (iPhone; CPU iPhone OS 16_6 like Mac OS X) AppleWebKit/605.1.15 (KHTML, like Gecko) Version/16.6 Mobile/15E148 Safari/604.1"
::1 - - [22/Aug/2024:18:55:10 +0000] "GET /ingredients/1224020300010036 HTTP/1.1" 304 - "http://localhost:4200/" "Mozilla/5.0 (iPhone; CPU iPhone OS 16_6 like Mac OS X) AppleWebKit/605.1.15 (KHTML, like Gecko) Version/16.6 Mobile/15E148 Safari/604.1"
::1 - - [22/Aug/2024:18:55:10 +0000] "GET /profiles/?userID=a525810e-5531-4f97-95a4-39a082f7416b HTTP/1.1" 304 - "http://localhost:4200/" "Mozilla/5.0 (iPhone; CPU iPhone OS 16_6 like Mac OS X) AppleWebKit/605.1.15 (KHTML, like Gecko) Version/16.6 Mobile/15E148 Safari/604.1"
::1 - - [22/Aug/2024:18:55:11 +0000] "GET /ingredients/1224020300000040 HTTP/1.1" 304 - "http://localhost:4200/" "Mozilla/5.0 (iPhone; CPU iPhone OS 16_6 like Mac OS X) AppleWebKit/605.1.15 (KHTML, like Gecko) Version/16.6 Mobile/15E148 Safari/604.1"
::1 - - [22/Aug/2024:18:55:11 +0000] "GET /ingredients/1224022300010137 HTTP/1.1" 304 - "http://localhost:4200/" "Mozilla/5.0 (iPhone; CPU iPhone OS 16_6 like Mac OS X) AppleWebKit/605.1.15 (KHTML, like Gecko) Version/16.6 Mobile/15E148 Safari/604.1"
::1 - - [22/Aug/2024:18:55:13 +0000] "GET /unitRatios/unitRatio?material=Lemon%20Juice&unitA=fluidOunce&unitB=tablespoon HTTP/1.1" 200 42 "http://localhost:4200/" "Mozilla/5.0 (iPhone; CPU iPhone OS 16_6 like Mac OS X) AppleWebKit/605.1.15 (KHTML, like Gecko) Version/16.6 Mobile/15E148 Safari/604.1"
::1 - - [22/Aug/2024:18:55:13 +0000] "GET /unitRatios/unitRatio?material=Olive%20Oil&unitA=fluidOunce&unitB=cup HTTP/1.1" 304 - "http://localhost:4200/" "Mozilla/5.0 (iPhone; CPU iPhone OS 16_6 like Mac OS X) AppleWebKit/605.1.15 (KHTML, like Gecko) Version/16.6 Mobile/15E148 Safari/604.1"
::1 - - [22/Aug/2024:18:55:13 +0000] "GET /unitRatios/unitRatio?material=Black%20Pepper&unitA=weightOunce&unitB=pinch HTTP/1.1" 304 - "http://localhost:4200/" "Mozilla/5.0 (iPhone; CPU iPhone OS 16_6 like Mac OS X) AppleWebKit/605.1.15 (KHTML, like Gecko) Version/16.6 Mobile/15E148 Safari/604.1"
::1 - - [22/Aug/2024:18:55:13 +0000] "GET /unitRatios/unitRatio?material=Fresh%20Parsley&unitA=bunch&unitB=tablespoon HTTP/1.1" 200 42 "http://localhost:4200/" "Mozilla/5.0 (iPhone; CPU iPhone OS 16_6 like Mac OS X) AppleWebKit/605.1.15 (KHTML, like Gecko) Version/16.6 Mobile/15E148 Safari/604.1"
::1 - - [22/Aug/2024:18:55:14 +0000] "GET /unitRatios/unitRatio?material=Fresh%20Garlic&unitA=weightOunce&unitB=tablespoon HTTP/1.1" 200 50 "http://localhost:4200/" "Mozilla/5.0 (iPhone; CPU iPhone OS 16_6 like Mac OS X) AppleWebKit/605.1.15 (KHTML, like Gecko) Version/16.6 Mobile/15E148 Safari/604.1"
::1 - - [22/Aug/2024:18:55:24 +0000] "PATCH /ingredientStocks/1324071100000005 HTTP/1.1" 200 221 "http://localhost:4200/" "Mozilla/5.0 (iPhone; CPU iPhone OS 16_6 like Mac OS X) AppleWebKit/605.1.15 (KHTML, like Gecko) Version/16.6 Mobile/15E148 Safari/604.1"
::ffff:127.0.0.1 - - [22/Aug/2024:18:55:24 +0000] "POST /logs/kitchen HTTP/1.1" 200 33 "-" "axios/1.4.0"
::1 - - [22/Aug/2024:18:58:27 +0000] "GET /ingredients HTTP/1.1" 304 - "http://localhost:4200/" "Mozilla/5.0 (iPhone; CPU iPhone OS 16_6 like Mac OS X) AppleWebKit/605.1.15 (KHTML, like Gecko) Version/16.6 Mobile/15E148 Safari/604.1"
::1 - - [22/Aug/2024:18:58:27 +0000] "GET /ingredientStocks HTTP/1.1" 200 1334 "http://localhost:4200/" "Mozilla/5.0 (iPhone; CPU iPhone OS 16_6 like Mac OS X) AppleWebKit/605.1.15 (KHTML, like Gecko) Version/16.6 Mobile/15E148 Safari/604.1"
::1 - - [22/Aug/2024:18:58:27 +0000] "GET /toolStocks HTTP/1.1" 304 - "http://localhost:4200/" "Mozilla/5.0 (iPhone; CPU iPhone OS 16_6 like Mac OS X) AppleWebKit/605.1.15 (KHTML, like Gecko) Version/16.6 Mobile/15E148 Safari/604.1"
::1 - - [22/Aug/2024:18:58:27 +0000] "GET /tools HTTP/1.1" 304 - "http://localhost:4200/" "Mozilla/5.0 (iPhone; CPU iPhone OS 16_6 like Mac OS X) AppleWebKit/605.1.15 (KHTML, like Gecko) Version/16.6 Mobile/15E148 Safari/604.1"
::1 - - [22/Aug/2024:18:58:27 +0000] "GET /recipes HTTP/1.1" 304 - "http://localhost:4200/" "Mozilla/5.0 (iPhone; CPU iPhone OS 16_6 like Mac OS X) AppleWebKit/605.1.15 (KHTML, like Gecko) Version/16.6 Mobile/15E148 Safari/604.1"
::1 - - [22/Aug/2024:18:58:27 +0000] "GET /recipes/discover HTTP/1.1" 304 - "http://localhost:4200/" "Mozilla/5.0 (iPhone; CPU iPhone OS 16_6 like Mac OS X) AppleWebKit/605.1.15 (KHTML, like Gecko) Version/16.6 Mobile/15E148 Safari/604.1"
::1 - - [22/Aug/2024:18:58:27 +0000] "GET /recipes/categories HTTP/1.1" 304 - "http://localhost:4200/" "Mozilla/5.0 (iPhone; CPU iPhone OS 16_6 like Mac OS X) AppleWebKit/605.1.15 (KHTML, like Gecko) Version/16.6 Mobile/15E148 Safari/604.1"
::1 - - [22/Aug/2024:18:58:27 +0000] "GET /ingredients/recipe HTTP/1.1" 304 - "http://localhost:4200/" "Mozilla/5.0 (iPhone; CPU iPhone OS 16_6 like Mac OS X) AppleWebKit/605.1.15 (KHTML, like Gecko) Version/16.6 Mobile/15E148 Safari/604.1"
::ffff:127.0.0.1 - - [22/Aug/2024:18:58:27 +0000] "GET /recipes/1124022400010010 HTTP/1.1" 200 451 "-" "axios/1.4.0"
::1 - - [22/Aug/2024:18:58:27 +0000] "GET /messages HTTP/1.1" 304 - "http://localhost:4200/" "Mozilla/5.0 (iPhone; CPU iPhone OS 16_6 like Mac OS X) AppleWebKit/605.1.15 (KHTML, like Gecko) Version/16.6 Mobile/15E148 Safari/604.1"
::1 - - [22/Aug/2024:18:58:27 +0000] "GET /tools/recipe HTTP/1.1" 304 - "http://localhost:4200/" "Mozilla/5.0 (iPhone; CPU iPhone OS 16_6 like Mac OS X) AppleWebKit/605.1.15 (KHTML, like Gecko) Version/16.6 Mobile/15E148 Safari/604.1"
::1 - - [22/Aug/2024:18:58:27 +0000] "GET /steps HTTP/1.1" 304 - "http://localhost:4200/" "Mozilla/5.0 (iPhone; CPU iPhone OS 16_6 like Mac OS X) AppleWebKit/605.1.15 (KHTML, like Gecko) Version/16.6 Mobile/15E148 Safari/604.1"
::1 - - [22/Aug/2024:18:58:27 +0000] "GET /steps/recipe HTTP/1.1" 304 - "http://localhost:4200/" "Mozilla/5.0 (iPhone; CPU iPhone OS 16_6 like Mac OS X) AppleWebKit/605.1.15 (KHTML, like Gecko) Version/16.6 Mobile/15E148 Safari/604.1"
::1 - - [22/Aug/2024:18:58:27 +0000] "GET /persons/followships HTTP/1.1" 304 - "http://localhost:4200/" "Mozilla/5.0 (iPhone; CPU iPhone OS 16_6 like Mac OS X) AppleWebKit/605.1.15 (KHTML, like Gecko) Version/16.6 Mobile/15E148 Safari/604.1"
::1 - - [22/Aug/2024:18:58:27 +0000] "GET /persons/friendships HTTP/1.1" 304 - "http://localhost:4200/" "Mozilla/5.0 (iPhone; CPU iPhone OS 16_6 like Mac OS X) AppleWebKit/605.1.15 (KHTML, like Gecko) Version/16.6 Mobile/15E148 Safari/604.1"
::1 - - [22/Aug/2024:18:58:27 +0000] "GET /persons/followships/followers HTTP/1.1" 304 - "http://localhost:4200/" "Mozilla/5.0 (iPhone; CPU iPhone OS 16_6 like Mac OS X) AppleWebKit/605.1.15 (KHTML, like Gecko) Version/16.6 Mobile/15E148 Safari/604.1"
::1 - - [22/Aug/2024:18:58:28 +0000] "GET /profiles/friends?friendStatus=receivedRequest HTTP/1.1" 304 - "http://localhost:4200/" "Mozilla/5.0 (iPhone; CPU iPhone OS 16_6 like Mac OS X) AppleWebKit/605.1.15 (KHTML, like Gecko) Version/16.6 Mobile/15E148 Safari/604.1"
::ffff:127.0.0.1 - - [22/Aug/2024:18:58:28 +0000] "GET /profiles?userID=a525810e-5531-4f97-95a4-39a082f7416b HTTP/1.1" 200 87395 "-" "axios/1.4.0"
::ffff:127.0.0.1 - - [22/Aug/2024:18:58:28 +0000] "GET /recipes/1124022500010028 HTTP/1.1" 200 516 "-" "axios/1.4.0"
::1 - - [22/Aug/2024:18:58:28 +0000] "GET /profiles/ HTTP/1.1" 304 - "http://localhost:4200/" "Mozilla/5.0 (iPhone; CPU iPhone OS 16_6 like Mac OS X) AppleWebKit/605.1.15 (KHTML, like Gecko) Version/16.6 Mobile/15E148 Safari/604.1"
::1 - - [22/Aug/2024:18:58:28 +0000] "GET /profiles/friends?friendStatus=requesting HTTP/1.1" 304 - "http://localhost:4200/" "Mozilla/5.0 (iPhone; CPU iPhone OS 16_6 like Mac OS X) AppleWebKit/605.1.15 (KHTML, like Gecko) Version/16.6 Mobile/15E148 Safari/604.1"
::1 - - [22/Aug/2024:18:58:28 +0000] "GET /profiles/followers HTTP/1.1" 304 - "http://localhost:4200/" "Mozilla/5.0 (iPhone; CPU iPhone OS 16_6 like Mac OS X) AppleWebKit/605.1.15 (KHTML, like Gecko) Version/16.6 Mobile/15E148 Safari/604.1"
::1 - - [22/Aug/2024:18:58:28 +0000] "GET /profiles/following HTTP/1.1" 304 - "http://localhost:4200/" "Mozilla/5.0 (iPhone; CPU iPhone OS 16_6 like Mac OS X) AppleWebKit/605.1.15 (KHTML, like Gecko) Version/16.6 Mobile/15E148 Safari/604.1"
::1 - - [22/Aug/2024:18:58:28 +0000] "GET /shopping/listRecipes HTTP/1.1" 200 2 "http://localhost:4200/" "Mozilla/5.0 (iPhone; CPU iPhone OS 16_6 like Mac OS X) AppleWebKit/605.1.15 (KHTML, like Gecko) Version/16.6 Mobile/15E148 Safari/604.1"
::1 - - [22/Aug/2024:18:58:28 +0000] "GET /shopping/lists/shared HTTP/1.1" 304 - "http://localhost:4200/" "Mozilla/5.0 (iPhone; CPU iPhone OS 16_6 like Mac OS X) AppleWebKit/605.1.15 (KHTML, like Gecko) Version/16.6 Mobile/15E148 Safari/604.1"
::1 - - [22/Aug/2024:18:58:28 +0000] "GET /profiles/friends?friendStatus=confirmed HTTP/1.1" 304 - "http://localhost:4200/" "Mozilla/5.0 (iPhone; CPU iPhone OS 16_6 like Mac OS X) AppleWebKit/605.1.15 (KHTML, like Gecko) Version/16.6 Mobile/15E148 Safari/604.1"
::1 - - [22/Aug/2024:18:58:28 +0000] "GET /shopping/lists HTTP/1.1" 304 - "http://localhost:4200/" "Mozilla/5.0 (iPhone; CPU iPhone OS 16_6 like Mac OS X) AppleWebKit/605.1.15 (KHTML, like Gecko) Version/16.6 Mobile/15E148 Safari/604.1"
::ffff:127.0.0.1 - - [22/Aug/2024:18:58:28 +0000] "GET /profiles?userID=a525810e-5531-4f97-95a4-39a082f7416b HTTP/1.1" 200 87395 "-" "axios/1.4.0"
::1 - - [22/Aug/2024:18:58:28 +0000] "GET /recipes/subscriptions HTTP/1.1" 304 - "http://localhost:4200/" "Mozilla/5.0 (iPhone; CPU iPhone OS 16_6 like Mac OS X) AppleWebKit/605.1.15 (KHTML, like Gecko) Version/16.6 Mobile/15E148 Safari/604.1"
::1 - - [22/Aug/2024:18:58:28 +0000] "POST /profiles/loaded/4225b995-4211-40ef-aa35-c5f8b70eaa97 HTTP/1.1" 200 - "http://localhost:4200/" "Mozilla/5.0 (iPhone; CPU iPhone OS 16_6 like Mac OS X) AppleWebKit/605.1.15 (KHTML, like Gecko) Version/16.6 Mobile/15E148 Safari/604.1"
::ffff:127.0.0.1 - - [22/Aug/2024:18:58:29 +0000] "POST /logs/user HTTP/1.1" 200 30 "-" "axios/1.4.0"
::1 - - [22/Aug/2024:18:58:30 +0000] "GET /shopping/listIngredients/byList/2624062600022223 HTTP/1.1" 304 - "http://localhost:4200/" "Mozilla/5.0 (iPhone; CPU iPhone OS 16_6 like Mac OS X) AppleWebKit/605.1.15 (KHTML, like Gecko) Version/16.6 Mobile/15E148 Safari/604.1"
::1 - - [22/Aug/2024:18:58:30 +0000] "GET /shopping/listRecipes/byList/2624062600022223 HTTP/1.1" 304 - "http://localhost:4200/" "Mozilla/5.0 (iPhone; CPU iPhone OS 16_6 like Mac OS X) AppleWebKit/605.1.15 (KHTML, like Gecko) Version/16.6 Mobile/15E148 Safari/604.1"
::ffff:127.0.0.1 - - [22/Aug/2024:18:58:34 +0000] "POST /logs/shopping HTTP/1.1" 200 34 "-" "axios/1.4.0"
::1 - - [22/Aug/2024:18:58:34 +0000] "POST /shopping/listRecipes/2624062600022223 HTTP/1.1" 200 130 "http://localhost:4200/" "Mozilla/5.0 (iPhone; CPU iPhone OS 16_6 like Mac OS X) AppleWebKit/605.1.15 (KHTML, like Gecko) Version/16.6 Mobile/15E148 Safari/604.1"
::1 - - [22/Aug/2024:18:58:34 +0000] "GET /shopping/listRecipes/byList/2624062600022223 HTTP/1.1" 200 132 "http://localhost:4200/" "Mozilla/5.0 (iPhone; CPU iPhone OS 16_6 like Mac OS X) AppleWebKit/605.1.15 (KHTML, like Gecko) Version/16.6 Mobile/15E148 Safari/604.1"
::1 - - [22/Aug/2024:18:58:34 +0000] "GET /shopping/listRecipes/byList/2624062600022223 HTTP/1.1" 304 - "http://localhost:4200/" "Mozilla/5.0 (iPhone; CPU iPhone OS 16_6 like Mac OS X) AppleWebKit/605.1.15 (KHTML, like Gecko) Version/16.6 Mobile/15E148 Safari/604.1"
::1 - - [22/Aug/2024:18:58:39 +0000] "GET /shopping/listRecipes/byList/2624062600022223 HTTP/1.1" 304 - "http://localhost:4200/" "Mozilla/5.0 (iPhone; CPU iPhone OS 16_6 like Mac OS X) AppleWebKit/605.1.15 (KHTML, like Gecko) Version/16.6 Mobile/15E148 Safari/604.1"
::1 - - [22/Aug/2024:18:58:39 +0000] "GET /shopping/listIngredients/byList/2624062600022223 HTTP/1.1" 304 - "http://localhost:4200/" "Mozilla/5.0 (iPhone; CPU iPhone OS 16_6 like Mac OS X) AppleWebKit/605.1.15 (KHTML, like Gecko) Version/16.6 Mobile/15E148 Safari/604.1"
::1 - - [22/Aug/2024:18:58:44 +0000] "GET /logs/recipeFeedback?recipeID=1124082000000003&createdAfter=2024-07-23&onlyMe=true HTTP/1.1" 200 2 "http://localhost:4200/" "Mozilla/5.0 (iPhone; CPU iPhone OS 16_6 like Mac OS X) AppleWebKit/605.1.15 (KHTML, like Gecko) Version/16.6 Mobile/15E148 Safari/604.1"
::1 - - [22/Aug/2024:18:58:44 +0000] "GET /recipes/1124082000000003/subscriptions HTTP/1.1" 304 - "http://localhost:4200/" "Mozilla/5.0 (iPhone; CPU iPhone OS 16_6 like Mac OS X) AppleWebKit/605.1.15 (KHTML, like Gecko) Version/16.6 Mobile/15E148 Safari/604.1"
::1 - - [22/Aug/2024:18:58:44 +0000] "GET /logs/recipeFeedback?recipeID=1124082000000003&createdAfter=2024-07-23&onlyMe=false HTTP/1.1" 200 2 "http://localhost:4200/" "Mozilla/5.0 (iPhone; CPU iPhone OS 16_6 like Mac OS X) AppleWebKit/605.1.15 (KHTML, like Gecko) Version/16.6 Mobile/15E148 Safari/604.1"
::1 - - [22/Aug/2024:19:10:54 +0000] "GET /ingredientStocks HTTP/1.1" 304 - "http://localhost:4200/" "Mozilla/5.0 (iPhone; CPU iPhone OS 16_6 like Mac OS X) AppleWebKit/605.1.15 (KHTML, like Gecko) Version/16.6 Mobile/15E148 Safari/604.1"
::1 - - [22/Aug/2024:19:10:54 +0000] "GET /toolStocks HTTP/1.1" 304 - "http://localhost:4200/" "Mozilla/5.0 (iPhone; CPU iPhone OS 16_6 like Mac OS X) AppleWebKit/605.1.15 (KHTML, like Gecko) Version/16.6 Mobile/15E148 Safari/604.1"
::1 - - [22/Aug/2024:19:10:54 +0000] "GET /ingredients HTTP/1.1" 304 - "http://localhost:4200/" "Mozilla/5.0 (iPhone; CPU iPhone OS 16_6 like Mac OS X) AppleWebKit/605.1.15 (KHTML, like Gecko) Version/16.6 Mobile/15E148 Safari/604.1"
::1 - - [22/Aug/2024:19:10:54 +0000] "GET /recipes HTTP/1.1" 304 - "http://localhost:4200/" "Mozilla/5.0 (iPhone; CPU iPhone OS 16_6 like Mac OS X) AppleWebKit/605.1.15 (KHTML, like Gecko) Version/16.6 Mobile/15E148 Safari/604.1"
::1 - - [22/Aug/2024:19:10:54 +0000] "GET /tools HTTP/1.1" 304 - "http://localhost:4200/" "Mozilla/5.0 (iPhone; CPU iPhone OS 16_6 like Mac OS X) AppleWebKit/605.1.15 (KHTML, like Gecko) Version/16.6 Mobile/15E148 Safari/604.1"
::1 - - [22/Aug/2024:19:10:54 +0000] "GET /recipes/categories HTTP/1.1" 304 - "http://localhost:4200/" "Mozilla/5.0 (iPhone; CPU iPhone OS 16_6 like Mac OS X) AppleWebKit/605.1.15 (KHTML, like Gecko) Version/16.6 Mobile/15E148 Safari/604.1"
::1 - - [22/Aug/2024:19:10:54 +0000] "GET /recipes/discover HTTP/1.1" 304 - "http://localhost:4200/" "Mozilla/5.0 (iPhone; CPU iPhone OS 16_6 like Mac OS X) AppleWebKit/605.1.15 (KHTML, like Gecko) Version/16.6 Mobile/15E148 Safari/604.1"
::1 - - [22/Aug/2024:19:10:54 +0000] "GET /tools/recipe HTTP/1.1" 304 - "http://localhost:4200/" "Mozilla/5.0 (iPhone; CPU iPhone OS 16_6 like Mac OS X) AppleWebKit/605.1.15 (KHTML, like Gecko) Version/16.6 Mobile/15E148 Safari/604.1"
::1 - - [22/Aug/2024:19:10:54 +0000] "GET /ingredients/recipe HTTP/1.1" 304 - "http://localhost:4200/" "Mozilla/5.0 (iPhone; CPU iPhone OS 16_6 like Mac OS X) AppleWebKit/605.1.15 (KHTML, like Gecko) Version/16.6 Mobile/15E148 Safari/604.1"
::1 - - [22/Aug/2024:19:10:54 +0000] "GET /messages HTTP/1.1" 304 - "http://localhost:4200/" "Mozilla/5.0 (iPhone; CPU iPhone OS 16_6 like Mac OS X) AppleWebKit/605.1.15 (KHTML, like Gecko) Version/16.6 Mobile/15E148 Safari/604.1"
::1 - - [22/Aug/2024:19:10:54 +0000] "GET /steps HTTP/1.1" 304 - "http://localhost:4200/" "Mozilla/5.0 (iPhone; CPU iPhone OS 16_6 like Mac OS X) AppleWebKit/605.1.15 (KHTML, like Gecko) Version/16.6 Mobile/15E148 Safari/604.1"
::1 - - [22/Aug/2024:19:10:54 +0000] "GET /steps/recipe HTTP/1.1" 304 - "http://localhost:4200/" "Mozilla/5.0 (iPhone; CPU iPhone OS 16_6 like Mac OS X) AppleWebKit/605.1.15 (KHTML, like Gecko) Version/16.6 Mobile/15E148 Safari/604.1"
::ffff:127.0.0.1 - - [22/Aug/2024:19:10:54 +0000] "GET /recipes/1124022400010010 HTTP/1.1" 200 451 "-" "axios/1.4.0"
::1 - - [22/Aug/2024:19:10:55 +0000] "GET /persons/followships HTTP/1.1" 304 - "http://localhost:4200/" "Mozilla/5.0 (iPhone; CPU iPhone OS 16_6 like Mac OS X) AppleWebKit/605.1.15 (KHTML, like Gecko) Version/16.6 Mobile/15E148 Safari/604.1"
::1 - - [22/Aug/2024:19:10:55 +0000] "GET /persons/friendships HTTP/1.1" 304 - "http://localhost:4200/" "Mozilla/5.0 (iPhone; CPU iPhone OS 16_6 like Mac OS X) AppleWebKit/605.1.15 (KHTML, like Gecko) Version/16.6 Mobile/15E148 Safari/604.1"
::1 - - [22/Aug/2024:19:10:55 +0000] "GET /persons/followships/followers HTTP/1.1" 304 - "http://localhost:4200/" "Mozilla/5.0 (iPhone; CPU iPhone OS 16_6 like Mac OS X) AppleWebKit/605.1.15 (KHTML, like Gecko) Version/16.6 Mobile/15E148 Safari/604.1"
::1 - - [22/Aug/2024:19:10:55 +0000] "GET /profiles/friends?friendStatus=receivedRequest HTTP/1.1" 304 - "http://localhost:4200/" "Mozilla/5.0 (iPhone; CPU iPhone OS 16_6 like Mac OS X) AppleWebKit/605.1.15 (KHTML, like Gecko) Version/16.6 Mobile/15E148 Safari/604.1"
::ffff:127.0.0.1 - - [22/Aug/2024:19:10:55 +0000] "GET /profiles?userID=a525810e-5531-4f97-95a4-39a082f7416b HTTP/1.1" 200 87395 "-" "axios/1.4.0"
::1 - - [22/Aug/2024:19:10:55 +0000] "GET /profiles/friends?friendStatus=requesting HTTP/1.1" 304 - "http://localhost:4200/" "Mozilla/5.0 (iPhone; CPU iPhone OS 16_6 like Mac OS X) AppleWebKit/605.1.15 (KHTML, like Gecko) Version/16.6 Mobile/15E148 Safari/604.1"
::1 - - [22/Aug/2024:19:10:55 +0000] "GET /profiles/following HTTP/1.1" 304 - "http://localhost:4200/" "Mozilla/5.0 (iPhone; CPU iPhone OS 16_6 like Mac OS X) AppleWebKit/605.1.15 (KHTML, like Gecko) Version/16.6 Mobile/15E148 Safari/604.1"
::ffff:127.0.0.1 - - [22/Aug/2024:19:10:55 +0000] "GET /recipes/1124022500010028 HTTP/1.1" 200 516 "-" "axios/1.4.0"
::1 - - [22/Aug/2024:19:10:55 +0000] "GET /profiles/friends?friendStatus=confirmed HTTP/1.1" 200 92376 "http://localhost:4200/" "Mozilla/5.0 (iPhone; CPU iPhone OS 16_6 like Mac OS X) AppleWebKit/605.1.15 (KHTML, like Gecko) Version/16.6 Mobile/15E148 Safari/604.1"
::1 - - [22/Aug/2024:19:10:55 +0000] "GET /shopping/lists HTTP/1.1" 304 - "http://localhost:4200/" "Mozilla/5.0 (iPhone; CPU iPhone OS 16_6 like Mac OS X) AppleWebKit/605.1.15 (KHTML, like Gecko) Version/16.6 Mobile/15E148 Safari/604.1"
::1 - - [22/Aug/2024:19:10:55 +0000] "GET /profiles/ HTTP/1.1" 304 - "http://localhost:4200/" "Mozilla/5.0 (iPhone; CPU iPhone OS 16_6 like Mac OS X) AppleWebKit/605.1.15 (KHTML, like Gecko) Version/16.6 Mobile/15E148 Safari/604.1"
::1 - - [22/Aug/2024:19:10:55 +0000] "GET /shopping/lists/shared HTTP/1.1" 304 - "http://localhost:4200/" "Mozilla/5.0 (iPhone; CPU iPhone OS 16_6 like Mac OS X) AppleWebKit/605.1.15 (KHTML, like Gecko) Version/16.6 Mobile/15E148 Safari/604.1"
::1 - - [22/Aug/2024:19:10:55 +0000] "GET /profiles/followers HTTP/1.1" 304 - "http://localhost:4200/" "Mozilla/5.0 (iPhone; CPU iPhone OS 16_6 like Mac OS X) AppleWebKit/605.1.15 (KHTML, like Gecko) Version/16.6 Mobile/15E148 Safari/604.1"
::1 - - [22/Aug/2024:19:10:55 +0000] "GET /shopping/listRecipes HTTP/1.1" 200 132 "http://localhost:4200/" "Mozilla/5.0 (iPhone; CPU iPhone OS 16_6 like Mac OS X) AppleWebKit/605.1.15 (KHTML, like Gecko) Version/16.6 Mobile/15E148 Safari/604.1"
::ffff:127.0.0.1 - - [22/Aug/2024:19:10:56 +0000] "GET /profiles?userID=a525810e-5531-4f97-95a4-39a082f7416b HTTP/1.1" 200 87395 "-" "axios/1.4.0"
::1 - - [22/Aug/2024:19:10:56 +0000] "GET /recipes/subscriptions HTTP/1.1" 304 - "http://localhost:4200/" "Mozilla/5.0 (iPhone; CPU iPhone OS 16_6 like Mac OS X) AppleWebKit/605.1.15 (KHTML, like Gecko) Version/16.6 Mobile/15E148 Safari/604.1"
::1 - - [22/Aug/2024:19:10:56 +0000] "POST /profiles/loaded/4225b995-4211-40ef-aa35-c5f8b70eaa97 HTTP/1.1" 200 - "http://localhost:4200/" "Mozilla/5.0 (iPhone; CPU iPhone OS 16_6 like Mac OS X) AppleWebKit/605.1.15 (KHTML, like Gecko) Version/16.6 Mobile/15E148 Safari/604.1"
::ffff:127.0.0.1 - - [22/Aug/2024:19:10:56 +0000] "POST /logs/user HTTP/1.1" 200 30 "-" "axios/1.4.0"
::1 - - [22/Aug/2024:19:11:05 +0000] "PATCH /ingredientStocks/1324062600022229 HTTP/1.1" 200 221 "http://localhost:4200/" "Mozilla/5.0 (iPhone; CPU iPhone OS 16_6 like Mac OS X) AppleWebKit/605.1.15 (KHTML, like Gecko) Version/16.6 Mobile/15E148 Safari/604.1"
::ffff:127.0.0.1 - - [22/Aug/2024:19:11:05 +0000] "POST /logs/kitchen HTTP/1.1" 200 33 "-" "axios/1.4.0"
::1 - - [22/Aug/2024:19:11:11 +0000] "GET /profiles/search?searchQuery=josh HTTP/1.1" 200 4544 "http://localhost:4200/" "Mozilla/5.0 (iPhone; CPU iPhone OS 16_6 like Mac OS X) AppleWebKit/605.1.15 (KHTML, like Gecko) Version/16.6 Mobile/15E148 Safari/604.1"
::1 - - [22/Aug/2024:19:14:51 +0000] "GET /shopping/listIngredients/byList/2624062600022223 HTTP/1.1" 304 - "http://localhost:4200/" "Mozilla/5.0 (iPhone; CPU iPhone OS 16_6 like Mac OS X) AppleWebKit/605.1.15 (KHTML, like Gecko) Version/16.6 Mobile/15E148 Safari/604.1"
::1 - - [22/Aug/2024:19:14:51 +0000] "GET /shopping/listRecipes/byList/2624062600022223 HTTP/1.1" 304 - "http://localhost:4200/" "Mozilla/5.0 (iPhone; CPU iPhone OS 16_6 like Mac OS X) AppleWebKit/605.1.15 (KHTML, like Gecko) Version/16.6 Mobile/15E148 Safari/604.1"
::1 - - [22/Aug/2024:19:15:43 +0000] "GET /shopping/listIngredients/byListDisplay/2624070100000001 HTTP/1.1" 304 - "http://localhost:4200/" "Mozilla/5.0 (iPhone; CPU iPhone OS 16_6 like Mac OS X) AppleWebKit/605.1.15 (KHTML, like Gecko) Version/16.6 Mobile/15E148 Safari/604.1"
::1 - - [22/Aug/2024:19:15:43 +0000] "GET /shopping/listIngredients/byListDisplay/2624040100011112 HTTP/1.1" 304 - "http://localhost:4200/" "Mozilla/5.0 (iPhone; CPU iPhone OS 16_6 like Mac OS X) AppleWebKit/605.1.15 (KHTML, like Gecko) Version/16.6 Mobile/15E148 Safari/604.1"
::ffff:127.0.0.1 - - [22/Aug/2024:19:16:52 +0000] "POST /ingredientStocks HTTP/1.1" 200 126 "-" "axios/1.4.0"
::ffff:127.0.0.1 - - [22/Aug/2024:19:16:52 +0000] "PATCH /shopping/listIngredients/2724082000000010 HTTP/1.1" 422 50 "-" "axios/1.4.0"
::ffff:127.0.0.1 - - [22/Aug/2024:19:16:53 +0000] "POST /logs/kitchen HTTP/1.1" 200 33 "-" "axios/1.4.0"
::1 - - [22/Aug/2024:19:17:09 +0000] "PATCH /shopping/lists/2624070100000001/receiveItems HTTP/1.1" - - "http://localhost:4200/" "Mozilla/5.0 (iPhone; CPU iPhone OS 16_6 like Mac OS X) AppleWebKit/605.1.15 (KHTML, like Gecko) Version/16.6 Mobile/15E148 Safari/604.1"
::1 - - [22/Aug/2024:19:18:05 +0000] "GET /ingredients HTTP/1.1" 304 - "http://localhost:4200/" "Mozilla/5.0 (iPhone; CPU iPhone OS 16_6 like Mac OS X) AppleWebKit/605.1.15 (KHTML, like Gecko) Version/16.6 Mobile/15E148 Safari/604.1"
::1 - - [22/Aug/2024:19:18:05 +0000] "GET /tools HTTP/1.1" 304 - "http://localhost:4200/" "Mozilla/5.0 (iPhone; CPU iPhone OS 16_6 like Mac OS X) AppleWebKit/605.1.15 (KHTML, like Gecko) Version/16.6 Mobile/15E148 Safari/604.1"
::1 - - [22/Aug/2024:19:18:05 +0000] "GET /toolStocks HTTP/1.1" 304 - "http://localhost:4200/" "Mozilla/5.0 (iPhone; CPU iPhone OS 16_6 like Mac OS X) AppleWebKit/605.1.15 (KHTML, like Gecko) Version/16.6 Mobile/15E148 Safari/604.1"
::1 - - [22/Aug/2024:19:18:05 +0000] "GET /ingredientStocks HTTP/1.1" 200 1334 "http://localhost:4200/" "Mozilla/5.0 (iPhone; CPU iPhone OS 16_6 like Mac OS X) AppleWebKit/605.1.15 (KHTML, like Gecko) Version/16.6 Mobile/15E148 Safari/604.1"
::1 - - [22/Aug/2024:19:18:05 +0000] "GET /recipes HTTP/1.1" 304 - "http://localhost:4200/" "Mozilla/5.0 (iPhone; CPU iPhone OS 16_6 like Mac OS X) AppleWebKit/605.1.15 (KHTML, like Gecko) Version/16.6 Mobile/15E148 Safari/604.1"
::1 - - [22/Aug/2024:19:18:05 +0000] "GET /ingredients/recipe HTTP/1.1" 304 - "http://localhost:4200/" "Mozilla/5.0 (iPhone; CPU iPhone OS 16_6 like Mac OS X) AppleWebKit/605.1.15 (KHTML, like Gecko) Version/16.6 Mobile/15E148 Safari/604.1"
::1 - - [22/Aug/2024:19:18:05 +0000] "GET /recipes/discover HTTP/1.1" 304 - "http://localhost:4200/" "Mozilla/5.0 (iPhone; CPU iPhone OS 16_6 like Mac OS X) AppleWebKit/605.1.15 (KHTML, like Gecko) Version/16.6 Mobile/15E148 Safari/604.1"
::1 - - [22/Aug/2024:19:18:05 +0000] "GET /recipes/categories HTTP/1.1" 304 - "http://localhost:4200/" "Mozilla/5.0 (iPhone; CPU iPhone OS 16_6 like Mac OS X) AppleWebKit/605.1.15 (KHTML, like Gecko) Version/16.6 Mobile/15E148 Safari/604.1"
::1 - - [22/Aug/2024:19:18:05 +0000] "GET /messages HTTP/1.1" 304 - "http://localhost:4200/" "Mozilla/5.0 (iPhone; CPU iPhone OS 16_6 like Mac OS X) AppleWebKit/605.1.15 (KHTML, like Gecko) Version/16.6 Mobile/15E148 Safari/604.1"
::ffff:127.0.0.1 - - [22/Aug/2024:19:18:05 +0000] "GET /recipes/1124022400010010 HTTP/1.1" 200 451 "-" "axios/1.4.0"
::1 - - [22/Aug/2024:19:18:05 +0000] "GET /tools/recipe HTTP/1.1" 304 - "http://localhost:4200/" "Mozilla/5.0 (iPhone; CPU iPhone OS 16_6 like Mac OS X) AppleWebKit/605.1.15 (KHTML, like Gecko) Version/16.6 Mobile/15E148 Safari/604.1"
::1 - - [22/Aug/2024:19:18:05 +0000] "GET /steps HTTP/1.1" 304 - "http://localhost:4200/" "Mozilla/5.0 (iPhone; CPU iPhone OS 16_6 like Mac OS X) AppleWebKit/605.1.15 (KHTML, like Gecko) Version/16.6 Mobile/15E148 Safari/604.1"
::1 - - [22/Aug/2024:19:18:05 +0000] "GET /steps/recipe HTTP/1.1" 304 - "http://localhost:4200/" "Mozilla/5.0 (iPhone; CPU iPhone OS 16_6 like Mac OS X) AppleWebKit/605.1.15 (KHTML, like Gecko) Version/16.6 Mobile/15E148 Safari/604.1"
::1 - - [22/Aug/2024:19:18:05 +0000] "GET /persons/followships/followers HTTP/1.1" 304 - "http://localhost:4200/" "Mozilla/5.0 (iPhone; CPU iPhone OS 16_6 like Mac OS X) AppleWebKit/605.1.15 (KHTML, like Gecko) Version/16.6 Mobile/15E148 Safari/604.1"
::1 - - [22/Aug/2024:19:18:05 +0000] "GET /persons/followships HTTP/1.1" 304 - "http://localhost:4200/" "Mozilla/5.0 (iPhone; CPU iPhone OS 16_6 like Mac OS X) AppleWebKit/605.1.15 (KHTML, like Gecko) Version/16.6 Mobile/15E148 Safari/604.1"
::1 - - [22/Aug/2024:19:18:06 +0000] "GET /persons/friendships HTTP/1.1" 304 - "http://localhost:4200/" "Mozilla/5.0 (iPhone; CPU iPhone OS 16_6 like Mac OS X) AppleWebKit/605.1.15 (KHTML, like Gecko) Version/16.6 Mobile/15E148 Safari/604.1"
::ffff:127.0.0.1 - - [22/Aug/2024:19:18:06 +0000] "GET /profiles?userID=a525810e-5531-4f97-95a4-39a082f7416b HTTP/1.1" 200 87395 "-" "axios/1.4.0"
::1 - - [22/Aug/2024:19:18:06 +0000] "GET /profiles/friends?friendStatus=receivedRequest HTTP/1.1" 304 - "http://localhost:4200/" "Mozilla/5.0 (iPhone; CPU iPhone OS 16_6 like Mac OS X) AppleWebKit/605.1.15 (KHTML, like Gecko) Version/16.6 Mobile/15E148 Safari/604.1"
::ffff:127.0.0.1 - - [22/Aug/2024:19:18:06 +0000] "GET /recipes/1124022500010028 HTTP/1.1" 200 516 "-" "axios/1.4.0"
::1 - - [22/Aug/2024:19:18:06 +0000] "GET /profiles/followers HTTP/1.1" 304 - "http://localhost:4200/" "Mozilla/5.0 (iPhone; CPU iPhone OS 16_6 like Mac OS X) AppleWebKit/605.1.15 (KHTML, like Gecko) Version/16.6 Mobile/15E148 Safari/604.1"
::1 - - [22/Aug/2024:19:18:06 +0000] "GET /profiles/following HTTP/1.1" 304 - "http://localhost:4200/" "Mozilla/5.0 (iPhone; CPU iPhone OS 16_6 like Mac OS X) AppleWebKit/605.1.15 (KHTML, like Gecko) Version/16.6 Mobile/15E148 Safari/604.1"
::1 - - [22/Aug/2024:19:18:06 +0000] "GET /profiles/friends?friendStatus=requesting HTTP/1.1" 304 - "http://localhost:4200/" "Mozilla/5.0 (iPhone; CPU iPhone OS 16_6 like Mac OS X) AppleWebKit/605.1.15 (KHTML, like Gecko) Version/16.6 Mobile/15E148 Safari/604.1"
::1 - - [22/Aug/2024:19:18:06 +0000] "GET /profiles/ HTTP/1.1" 304 - "http://localhost:4200/" "Mozilla/5.0 (iPhone; CPU iPhone OS 16_6 like Mac OS X) AppleWebKit/605.1.15 (KHTML, like Gecko) Version/16.6 Mobile/15E148 Safari/604.1"
::1 - - [22/Aug/2024:19:18:06 +0000] "GET /shopping/lists HTTP/1.1" 304 - "http://localhost:4200/" "Mozilla/5.0 (iPhone; CPU iPhone OS 16_6 like Mac OS X) AppleWebKit/605.1.15 (KHTML, like Gecko) Version/16.6 Mobile/15E148 Safari/604.1"
::1 - - [22/Aug/2024:19:18:06 +0000] "GET /shopping/lists/shared HTTP/1.1" 304 - "http://localhost:4200/" "Mozilla/5.0 (iPhone; CPU iPhone OS 16_6 like Mac OS X) AppleWebKit/605.1.15 (KHTML, like Gecko) Version/16.6 Mobile/15E148 Safari/604.1"
::1 - - [22/Aug/2024:19:18:06 +0000] "GET /shopping/listRecipes HTTP/1.1" 304 - "http://localhost:4200/" "Mozilla/5.0 (iPhone; CPU iPhone OS 16_6 like Mac OS X) AppleWebKit/605.1.15 (KHTML, like Gecko) Version/16.6 Mobile/15E148 Safari/604.1"
::ffff:127.0.0.1 - - [22/Aug/2024:19:18:06 +0000] "GET /profiles?userID=a525810e-5531-4f97-95a4-39a082f7416b HTTP/1.1" 200 87395 "-" "axios/1.4.0"
::1 - - [22/Aug/2024:19:18:06 +0000] "GET /recipes/subscriptions HTTP/1.1" 304 - "http://localhost:4200/" "Mozilla/5.0 (iPhone; CPU iPhone OS 16_6 like Mac OS X) AppleWebKit/605.1.15 (KHTML, like Gecko) Version/16.6 Mobile/15E148 Safari/604.1"
::1 - - [22/Aug/2024:19:18:06 +0000] "GET /profiles/friends?friendStatus=confirmed HTTP/1.1" 304 - "http://localhost:4200/" "Mozilla/5.0 (iPhone; CPU iPhone OS 16_6 like Mac OS X) AppleWebKit/605.1.15 (KHTML, like Gecko) Version/16.6 Mobile/15E148 Safari/604.1"
::1 - - [22/Aug/2024:19:18:07 +0000] "POST /profiles/loaded/4225b995-4211-40ef-aa35-c5f8b70eaa97 HTTP/1.1" 200 - "http://localhost:4200/" "Mozilla/5.0 (iPhone; CPU iPhone OS 16_6 like Mac OS X) AppleWebKit/605.1.15 (KHTML, like Gecko) Version/16.6 Mobile/15E148 Safari/604.1"
::ffff:127.0.0.1 - - [22/Aug/2024:19:18:07 +0000] "POST /logs/user HTTP/1.1" 200 30 "-" "axios/1.4.0"
::1 - - [22/Aug/2024:19:18:08 +0000] "GET /shopping/listIngredients/byList/2624062600022223 HTTP/1.1" 304 - "http://localhost:4200/" "Mozilla/5.0 (iPhone; CPU iPhone OS 16_6 like Mac OS X) AppleWebKit/605.1.15 (KHTML, like Gecko) Version/16.6 Mobile/15E148 Safari/604.1"
::1 - - [22/Aug/2024:19:18:08 +0000] "GET /shopping/listRecipes/byList/2624062600022223 HTTP/1.1" 304 - "http://localhost:4200/" "Mozilla/5.0 (iPhone; CPU iPhone OS 16_6 like Mac OS X) AppleWebKit/605.1.15 (KHTML, like Gecko) Version/16.6 Mobile/15E148 Safari/604.1"
::1 - - [22/Aug/2024:19:18:10 +0000] "GET /shopping/listIngredients/byListDisplay/2624070100000001 HTTP/1.1" 304 - "http://localhost:4200/" "Mozilla/5.0 (iPhone; CPU iPhone OS 16_6 like Mac OS X) AppleWebKit/605.1.15 (KHTML, like Gecko) Version/16.6 Mobile/15E148 Safari/604.1"
::1 - - [22/Aug/2024:19:18:10 +0000] "GET /shopping/listIngredients/byListDisplay/2624040100011112 HTTP/1.1" 304 - "http://localhost:4200/" "Mozilla/5.0 (iPhone; CPU iPhone OS 16_6 like Mac OS X) AppleWebKit/605.1.15 (KHTML, like Gecko) Version/16.6 Mobile/15E148 Safari/604.1"
::1 - - [22/Aug/2024:19:19:09 +0000] "GET /ingredients HTTP/1.1" 304 - "http://localhost:4200/" "Mozilla/5.0 (iPhone; CPU iPhone OS 16_6 like Mac OS X) AppleWebKit/605.1.15 (KHTML, like Gecko) Version/16.6 Mobile/15E148 Safari/604.1"
::1 - - [22/Aug/2024:19:19:09 +0000] "GET /ingredientStocks HTTP/1.1" 304 - "http://localhost:4200/" "Mozilla/5.0 (iPhone; CPU iPhone OS 16_6 like Mac OS X) AppleWebKit/605.1.15 (KHTML, like Gecko) Version/16.6 Mobile/15E148 Safari/604.1"
::1 - - [22/Aug/2024:19:19:09 +0000] "GET /tools HTTP/1.1" 304 - "http://localhost:4200/" "Mozilla/5.0 (iPhone; CPU iPhone OS 16_6 like Mac OS X) AppleWebKit/605.1.15 (KHTML, like Gecko) Version/16.6 Mobile/15E148 Safari/604.1"
::1 - - [22/Aug/2024:19:19:09 +0000] "GET /recipes HTTP/1.1" 304 - "http://localhost:4200/" "Mozilla/5.0 (iPhone; CPU iPhone OS 16_6 like Mac OS X) AppleWebKit/605.1.15 (KHTML, like Gecko) Version/16.6 Mobile/15E148 Safari/604.1"
::1 - - [22/Aug/2024:19:19:09 +0000] "GET /toolStocks HTTP/1.1" 304 - "http://localhost:4200/" "Mozilla/5.0 (iPhone; CPU iPhone OS 16_6 like Mac OS X) AppleWebKit/605.1.15 (KHTML, like Gecko) Version/16.6 Mobile/15E148 Safari/604.1"
::1 - - [22/Aug/2024:19:19:09 +0000] "GET /recipes/categories HTTP/1.1" 304 - "http://localhost:4200/" "Mozilla/5.0 (iPhone; CPU iPhone OS 16_6 like Mac OS X) AppleWebKit/605.1.15 (KHTML, like Gecko) Version/16.6 Mobile/15E148 Safari/604.1"
::1 - - [22/Aug/2024:19:19:09 +0000] "GET /ingredients/recipe HTTP/1.1" 304 - "http://localhost:4200/" "Mozilla/5.0 (iPhone; CPU iPhone OS 16_6 like Mac OS X) AppleWebKit/605.1.15 (KHTML, like Gecko) Version/16.6 Mobile/15E148 Safari/604.1"
::1 - - [22/Aug/2024:19:19:09 +0000] "GET /recipes/discover HTTP/1.1" 304 - "http://localhost:4200/" "Mozilla/5.0 (iPhone; CPU iPhone OS 16_6 like Mac OS X) AppleWebKit/605.1.15 (KHTML, like Gecko) Version/16.6 Mobile/15E148 Safari/604.1"
::1 - - [22/Aug/2024:19:19:09 +0000] "GET /tools/recipe HTTP/1.1" 304 - "http://localhost:4200/" "Mozilla/5.0 (iPhone; CPU iPhone OS 16_6 like Mac OS X) AppleWebKit/605.1.15 (KHTML, like Gecko) Version/16.6 Mobile/15E148 Safari/604.1"
::1 - - [22/Aug/2024:19:19:09 +0000] "GET /messages HTTP/1.1" 304 - "http://localhost:4200/" "Mozilla/5.0 (iPhone; CPU iPhone OS 16_6 like Mac OS X) AppleWebKit/605.1.15 (KHTML, like Gecko) Version/16.6 Mobile/15E148 Safari/604.1"
::ffff:127.0.0.1 - - [22/Aug/2024:19:19:09 +0000] "GET /recipes/1124022400010010 HTTP/1.1" 200 451 "-" "axios/1.4.0"
::1 - - [22/Aug/2024:19:19:09 +0000] "GET /steps HTTP/1.1" 304 - "http://localhost:4200/" "Mozilla/5.0 (iPhone; CPU iPhone OS 16_6 like Mac OS X) AppleWebKit/605.1.15 (KHTML, like Gecko) Version/16.6 Mobile/15E148 Safari/604.1"
::1 - - [22/Aug/2024:19:19:09 +0000] "GET /steps/recipe HTTP/1.1" 304 - "http://localhost:4200/" "Mozilla/5.0 (iPhone; CPU iPhone OS 16_6 like Mac OS X) AppleWebKit/605.1.15 (KHTML, like Gecko) Version/16.6 Mobile/15E148 Safari/604.1"
::1 - - [22/Aug/2024:19:19:09 +0000] "GET /persons/friendships HTTP/1.1" 304 - "http://localhost:4200/" "Mozilla/5.0 (iPhone; CPU iPhone OS 16_6 like Mac OS X) AppleWebKit/605.1.15 (KHTML, like Gecko) Version/16.6 Mobile/15E148 Safari/604.1"
::1 - - [22/Aug/2024:19:19:09 +0000] "GET /persons/followships HTTP/1.1" 304 - "http://localhost:4200/" "Mozilla/5.0 (iPhone; CPU iPhone OS 16_6 like Mac OS X) AppleWebKit/605.1.15 (KHTML, like Gecko) Version/16.6 Mobile/15E148 Safari/604.1"
::1 - - [22/Aug/2024:19:19:09 +0000] "GET /persons/followships/followers HTTP/1.1" 304 - "http://localhost:4200/" "Mozilla/5.0 (iPhone; CPU iPhone OS 16_6 like Mac OS X) AppleWebKit/605.1.15 (KHTML, like Gecko) Version/16.6 Mobile/15E148 Safari/604.1"
::1 - - [22/Aug/2024:19:19:10 +0000] "GET /profiles/friends?friendStatus=receivedRequest HTTP/1.1" 304 - "http://localhost:4200/" "Mozilla/5.0 (iPhone; CPU iPhone OS 16_6 like Mac OS X) AppleWebKit/605.1.15 (KHTML, like Gecko) Version/16.6 Mobile/15E148 Safari/604.1"
::ffff:127.0.0.1 - - [22/Aug/2024:19:19:10 +0000] "GET /profiles?userID=a525810e-5531-4f97-95a4-39a082f7416b HTTP/1.1" 200 87395 "-" "axios/1.4.0"
::1 - - [22/Aug/2024:19:19:10 +0000] "GET /profiles/friends?friendStatus=requesting HTTP/1.1" 304 - "http://localhost:4200/" "Mozilla/5.0 (iPhone; CPU iPhone OS 16_6 like Mac OS X) AppleWebKit/605.1.15 (KHTML, like Gecko) Version/16.6 Mobile/15E148 Safari/604.1"
::ffff:127.0.0.1 - - [22/Aug/2024:19:19:10 +0000] "GET /recipes/1124022500010028 HTTP/1.1" 200 516 "-" "axios/1.4.0"
::1 - - [22/Aug/2024:19:19:10 +0000] "GET /profiles/ HTTP/1.1" 304 - "http://localhost:4200/" "Mozilla/5.0 (iPhone; CPU iPhone OS 16_6 like Mac OS X) AppleWebKit/605.1.15 (KHTML, like Gecko) Version/16.6 Mobile/15E148 Safari/604.1"
::1 - - [22/Aug/2024:19:19:10 +0000] "GET /shopping/lists HTTP/1.1" 304 - "http://localhost:4200/" "Mozilla/5.0 (iPhone; CPU iPhone OS 16_6 like Mac OS X) AppleWebKit/605.1.15 (KHTML, like Gecko) Version/16.6 Mobile/15E148 Safari/604.1"
::1 - - [22/Aug/2024:19:19:10 +0000] "GET /profiles/followers HTTP/1.1" 304 - "http://localhost:4200/" "Mozilla/5.0 (iPhone; CPU iPhone OS 16_6 like Mac OS X) AppleWebKit/605.1.15 (KHTML, like Gecko) Version/16.6 Mobile/15E148 Safari/604.1"
::1 - - [22/Aug/2024:19:19:10 +0000] "GET /profiles/following HTTP/1.1" 304 - "http://localhost:4200/" "Mozilla/5.0 (iPhone; CPU iPhone OS 16_6 like Mac OS X) AppleWebKit/605.1.15 (KHTML, like Gecko) Version/16.6 Mobile/15E148 Safari/604.1"
::1 - - [22/Aug/2024:19:19:10 +0000] "GET /profiles/friends?friendStatus=confirmed HTTP/1.1" 304 - "http://localhost:4200/" "Mozilla/5.0 (iPhone; CPU iPhone OS 16_6 like Mac OS X) AppleWebKit/605.1.15 (KHTML, like Gecko) Version/16.6 Mobile/15E148 Safari/604.1"
::1 - - [22/Aug/2024:19:19:10 +0000] "GET /shopping/listRecipes HTTP/1.1" 304 - "http://localhost:4200/" "Mozilla/5.0 (iPhone; CPU iPhone OS 16_6 like Mac OS X) AppleWebKit/605.1.15 (KHTML, like Gecko) Version/16.6 Mobile/15E148 Safari/604.1"
::1 - - [22/Aug/2024:19:19:10 +0000] "GET /shopping/lists/shared HTTP/1.1" 304 - "http://localhost:4200/" "Mozilla/5.0 (iPhone; CPU iPhone OS 16_6 like Mac OS X) AppleWebKit/605.1.15 (KHTML, like Gecko) Version/16.6 Mobile/15E148 Safari/604.1"
::ffff:127.0.0.1 - - [22/Aug/2024:19:19:10 +0000] "GET /profiles?userID=a525810e-5531-4f97-95a4-39a082f7416b HTTP/1.1" 200 87395 "-" "axios/1.4.0"
