::1 - - [22/Aug/2024:19:28:34 +0000] "GET /shopping/listRecipes/byList/2624062600022223 HTTP/1.1" 304 - "http://localhost:4200/" "Mozilla/5.0 (iPhone; CPU iPhone OS 16_6 like Mac OS X) AppleWebKit/605.1.15 (KHTML, like Gecko) Version/16.6 Mobile/15E148 Safari/604.1"
::ffff:127.0.0.1 - - [22/Aug/2024:19:28:36 +0000] "POST /logs/shopping HTTP/1.1" 200 34 "-" "axios/1.4.0"
::1 - - [22/Aug/2024:19:28:36 +0000] "DELETE /shopping/listIngredients/2724082000000012 HTTP/1.1" 200 - "http://localhost:4200/" "Mozilla/5.0 (iPhone; CPU iPhone OS 16_6 like Mac OS X) AppleWebKit/605.1.15 (KHTML, like Gecko) Version/16.6 Mobile/15E148 Safari/604.1"
::1 - - [22/Aug/2024:19:28:36 +0000] "GET /shopping/listIngredients/byList/2624062600022223 HTTP/1.1" 200 521 "http://localhost:4200/" "Mozilla/5.0 (iPhone; CPU iPhone OS 16_6 like Mac OS X) AppleWebKit/605.1.15 (KHTML, like Gecko) Version/16.6 Mobile/15E148 Safari/604.1"
::1 - - [22/Aug/2024:19:28:36 +0000] "GET /shopping/lists HTTP/1.1" 304 - "http://localhost:4200/" "Mozilla/5.0 (iPhone; CPU iPhone OS 16_6 like Mac OS X) AppleWebKit/605.1.15 (KHTML, like Gecko) Version/16.6 Mobile/15E148 Safari/604.1"
::1 - - [22/Aug/2024:19:28:36 +0000] "GET /shopping/listIngredients/byList/2624062600022223 HTTP/1.1" 304 - "http://localhost:4200/" "Mozilla/5.0 (iPhone; CPU iPhone OS 16_6 like Mac OS X) AppleWebKit/605.1.15 (KHTML, like Gecko) Version/16.6 Mobile/15E148 Safari/604.1"
::1 - - [22/Aug/2024:19:28:36 +0000] "GET /shopping/listRecipes/byList/2624062600022223 HTTP/1.1" 304 - "http://localhost:4200/" "Mozilla/5.0 (iPhone; CPU iPhone OS 16_6 like Mac OS X) AppleWebKit/605.1.15 (KHTML, like Gecko) Version/16.6 Mobile/15E148 Safari/604.1"
::ffff:127.0.0.1 - - [22/Aug/2024:19:28:41 +0000] "POST /logs/shopping HTTP/1.1" 200 34 "-" "axios/1.4.0"
::1 - - [22/Aug/2024:19:28:41 +0000] "POST /shopping/listIngredients/2624062600022223 HTTP/1.1" 200 45 "http://localhost:4200/" "Mozilla/5.0 (iPhone; CPU iPhone OS 16_6 like Mac OS X) AppleWebKit/605.1.15 (KHTML, like Gecko) Version/16.6 Mobile/15E148 Safari/604.1"
::1 - - [22/Aug/2024:19:28:41 +0000] "GET /shopping/listIngredients/byList/2624062600022223 HTTP/1.1" 200 775 "http://localhost:4200/" "Mozilla/5.0 (iPhone; CPU iPhone OS 16_6 like Mac OS X) AppleWebKit/605.1.15 (KHTML, like Gecko) Version/16.6 Mobile/15E148 Safari/604.1"
::1 - - [22/Aug/2024:19:29:10 +0000] "GET /ingredients HTTP/1.1" 304 - "http://localhost:4200/" "Mozilla/5.0 (iPhone; CPU iPhone OS 16_6 like Mac OS X) AppleWebKit/605.1.15 (KHTML, like Gecko) Version/16.6 Mobile/15E148 Safari/604.1"
::1 - - [22/Aug/2024:19:29:10 +0000] "GET /ingredientStocks HTTP/1.1" 304 - "http://localhost:4200/" "Mozilla/5.0 (iPhone; CPU iPhone OS 16_6 like Mac OS X) AppleWebKit/605.1.15 (KHTML, like Gecko) Version/16.6 Mobile/15E148 Safari/604.1"
::1 - - [22/Aug/2024:19:29:10 +0000] "GET /tools HTTP/1.1" 304 - "http://localhost:4200/" "Mozilla/5.0 (iPhone; CPU iPhone OS 16_6 like Mac OS X) AppleWebKit/605.1.15 (KHTML, like Gecko) Version/16.6 Mobile/15E148 Safari/604.1"
::1 - - [22/Aug/2024:19:29:10 +0000] "GET /toolStocks HTTP/1.1" 304 - "http://localhost:4200/" "Mozilla/5.0 (iPhone; CPU iPhone OS 16_6 like Mac OS X) AppleWebKit/605.1.15 (KHTML, like Gecko) Version/16.6 Mobile/15E148 Safari/604.1"
::1 - - [22/Aug/2024:19:29:10 +0000] "GET /recipes HTTP/1.1" 304 - "http://localhost:4200/" "Mozilla/5.0 (iPhone; CPU iPhone OS 16_6 like Mac OS X) AppleWebKit/605.1.15 (KHTML, like Gecko) Version/16.6 Mobile/15E148 Safari/604.1"
::1 - - [22/Aug/2024:19:29:10 +0000] "GET /messages HTTP/1.1" 304 - "http://localhost:4200/" "Mozilla/5.0 (iPhone; CPU iPhone OS 16_6 like Mac OS X) AppleWebKit/605.1.15 (KHTML, like Gecko) Version/16.6 Mobile/15E148 Safari/604.1"
::1 - - [22/Aug/2024:19:29:10 +0000] "GET /recipes/categories HTTP/1.1" 304 - "http://localhost:4200/" "Mozilla/5.0 (iPhone; CPU iPhone OS 16_6 like Mac OS X) AppleWebKit/605.1.15 (KHTML, like Gecko) Version/16.6 Mobile/15E148 Safari/604.1"
::1 - - [22/Aug/2024:19:29:10 +0000] "GET /recipes/discover HTTP/1.1" 304 - "http://localhost:4200/" "Mozilla/5.0 (iPhone; CPU iPhone OS 16_6 like Mac OS X) AppleWebKit/605.1.15 (KHTML, like Gecko) Version/16.6 Mobile/15E148 Safari/604.1"
::1 - - [22/Aug/2024:19:29:10 +0000] "GET /tools/recipe HTTP/1.1" 304 - "http://localhost:4200/" "Mozilla/5.0 (iPhone; CPU iPhone OS 16_6 like Mac OS X) AppleWebKit/605.1.15 (KHTML, like Gecko) Version/16.6 Mobile/15E148 Safari/604.1"
::1 - - [22/Aug/2024:19:29:10 +0000] "GET /ingredients/recipe HTTP/1.1" 304 - "http://localhost:4200/" "Mozilla/5.0 (iPhone; CPU iPhone OS 16_6 like Mac OS X) AppleWebKit/605.1.15 (KHTML, like Gecko) Version/16.6 Mobile/15E148 Safari/604.1"
::ffff:127.0.0.1 - - [22/Aug/2024:19:29:10 +0000] "GET /recipes/1124022400010010 HTTP/1.1" 200 451 "-" "axios/1.4.0"
::1 - - [22/Aug/2024:19:29:10 +0000] "GET /steps HTTP/1.1" 304 - "http://localhost:4200/" "Mozilla/5.0 (iPhone; CPU iPhone OS 16_6 like Mac OS X) AppleWebKit/605.1.15 (KHTML, like Gecko) Version/16.6 Mobile/15E148 Safari/604.1"
::1 - - [22/Aug/2024:19:29:10 +0000] "GET /steps/recipe HTTP/1.1" 304 - "http://localhost:4200/" "Mozilla/5.0 (iPhone; CPU iPhone OS 16_6 like Mac OS X) AppleWebKit/605.1.15 (KHTML, like Gecko) Version/16.6 Mobile/15E148 Safari/604.1"
::1 - - [22/Aug/2024:19:29:10 +0000] "GET /persons/followships HTTP/1.1" 304 - "http://localhost:4200/" "Mozilla/5.0 (iPhone; CPU iPhone OS 16_6 like Mac OS X) AppleWebKit/605.1.15 (KHTML, like Gecko) Version/16.6 Mobile/15E148 Safari/604.1"
::1 - - [22/Aug/2024:19:29:10 +0000] "GET /persons/friendships HTTP/1.1" 304 - "http://localhost:4200/" "Mozilla/5.0 (iPhone; CPU iPhone OS 16_6 like Mac OS X) AppleWebKit/605.1.15 (KHTML, like Gecko) Version/16.6 Mobile/15E148 Safari/604.1"
::1 - - [22/Aug/2024:19:29:10 +0000] "GET /persons/followships/followers HTTP/1.1" 304 - "http://localhost:4200/" "Mozilla/5.0 (iPhone; CPU iPhone OS 16_6 like Mac OS X) AppleWebKit/605.1.15 (KHTML, like Gecko) Version/16.6 Mobile/15E148 Safari/604.1"
::1 - - [22/Aug/2024:19:29:11 +0000] "GET /profiles/friends?friendStatus=receivedRequest HTTP/1.1" 304 - "http://localhost:4200/" "Mozilla/5.0 (iPhone; CPU iPhone OS 16_6 like Mac OS X) AppleWebKit/605.1.15 (KHTML, like Gecko) Version/16.6 Mobile/15E148 Safari/604.1"
::ffff:127.0.0.1 - - [22/Aug/2024:19:29:11 +0000] "GET /profiles?userID=a525810e-5531-4f97-95a4-39a082f7416b HTTP/1.1" 200 87395 "-" "axios/1.4.0"
::1 - - [22/Aug/2024:19:29:11 +0000] "GET /profiles/friends?friendStatus=requesting HTTP/1.1" 304 - "http://localhost:4200/" "Mozilla/5.0 (iPhone; CPU iPhone OS 16_6 like Mac OS X) AppleWebKit/605.1.15 (KHTML, like Gecko) Version/16.6 Mobile/15E148 Safari/604.1"
::1 - - [22/Aug/2024:19:29:11 +0000] "GET /profiles/followers HTTP/1.1" 304 - "http://localhost:4200/" "Mozilla/5.0 (iPhone; CPU iPhone OS 16_6 like Mac OS X) AppleWebKit/605.1.15 (KHTML, like Gecko) Version/16.6 Mobile/15E148 Safari/604.1"
::1 - - [22/Aug/2024:19:29:11 +0000] "GET /profiles/ HTTP/1.1" 304 - "http://localhost:4200/" "Mozilla/5.0 (iPhone; CPU iPhone OS 16_6 like Mac OS X) AppleWebKit/605.1.15 (KHTML, like Gecko) Version/16.6 Mobile/15E148 Safari/604.1"
::ffff:127.0.0.1 - - [22/Aug/2024:19:29:11 +0000] "GET /recipes/1124022500010028 HTTP/1.1" 200 516 "-" "axios/1.4.0"
::1 - - [22/Aug/2024:19:29:11 +0000] "GET /profiles/following HTTP/1.1" 304 - "http://localhost:4200/" "Mozilla/5.0 (iPhone; CPU iPhone OS 16_6 like Mac OS X) AppleWebKit/605.1.15 (KHTML, like Gecko) Version/16.6 Mobile/15E148 Safari/604.1"
::1 - - [22/Aug/2024:19:29:11 +0000] "GET /shopping/lists HTTP/1.1" 304 - "http://localhost:4200/" "Mozilla/5.0 (iPhone; CPU iPhone OS 16_6 like Mac OS X) AppleWebKit/605.1.15 (KHTML, like Gecko) Version/16.6 Mobile/15E148 Safari/604.1"
::1 - - [22/Aug/2024:19:29:11 +0000] "GET /shopping/lists/shared HTTP/1.1" 304 - "http://localhost:4200/" "Mozilla/5.0 (iPhone; CPU iPhone OS 16_6 like Mac OS X) AppleWebKit/605.1.15 (KHTML, like Gecko) Version/16.6 Mobile/15E148 Safari/604.1"
::1 - - [22/Aug/2024:19:29:11 +0000] "GET /shopping/listRecipes HTTP/1.1" 304 - "http://localhost:4200/" "Mozilla/5.0 (iPhone; CPU iPhone OS 16_6 like Mac OS X) AppleWebKit/605.1.15 (KHTML, like Gecko) Version/16.6 Mobile/15E148 Safari/604.1"
::1 - - [22/Aug/2024:19:29:11 +0000] "GET /profiles/friends?friendStatus=confirmed HTTP/1.1" 304 - "http://localhost:4200/" "Mozilla/5.0 (iPhone; CPU iPhone OS 16_6 like Mac OS X) AppleWebKit/605.1.15 (KHTML, like Gecko) Version/16.6 Mobile/15E148 Safari/604.1"
::ffff:127.0.0.1 - - [22/Aug/2024:19:29:11 +0000] "GET /profiles?userID=a525810e-5531-4f97-95a4-39a082f7416b HTTP/1.1" 200 87395 "-" "axios/1.4.0"
::1 - - [22/Aug/2024:19:29:11 +0000] "GET /recipes/subscriptions HTTP/1.1" 304 - "http://localhost:4200/" "Mozilla/5.0 (iPhone; CPU iPhone OS 16_6 like Mac OS X) AppleWebKit/605.1.15 (KHTML, like Gecko) Version/16.6 Mobile/15E148 Safari/604.1"
::1 - - [22/Aug/2024:19:29:12 +0000] "POST /profiles/loaded/4225b995-4211-40ef-aa35-c5f8b70eaa97 HTTP/1.1" 200 - "http://localhost:4200/" "Mozilla/5.0 (iPhone; CPU iPhone OS 16_6 like Mac OS X) AppleWebKit/605.1.15 (KHTML, like Gecko) Version/16.6 Mobile/15E148 Safari/604.1"
::ffff:127.0.0.1 - - [22/Aug/2024:19:29:12 +0000] "POST /logs/user HTTP/1.1" 200 30 "-" "axios/1.4.0"
::1 - - [22/Aug/2024:19:29:13 +0000] "GET /shopping/listRecipes/byList/2624062600022223 HTTP/1.1" 304 - "http://localhost:4200/" "Mozilla/5.0 (iPhone; CPU iPhone OS 16_6 like Mac OS X) AppleWebKit/605.1.15 (KHTML, like Gecko) Version/16.6 Mobile/15E148 Safari/604.1"
::1 - - [22/Aug/2024:19:29:13 +0000] "GET /shopping/listIngredients/byList/2624062600022223 HTTP/1.1" 304 - "http://localhost:4200/" "Mozilla/5.0 (iPhone; CPU iPhone OS 16_6 like Mac OS X) AppleWebKit/605.1.15 (KHTML, like Gecko) Version/16.6 Mobile/15E148 Safari/604.1"
::ffff:127.0.0.1 - - [22/Aug/2024:19:29:16 +0000] "POST /logs/shopping HTTP/1.1" 200 34 "-" "axios/1.4.0"
::1 - - [22/Aug/2024:19:29:16 +0000] "DELETE /shopping/listRecipes/2824082200011112 HTTP/1.1" 200 16 "http://localhost:4200/" "Mozilla/5.0 (iPhone; CPU iPhone OS 16_6 like Mac OS X) AppleWebKit/605.1.15 (KHTML, like Gecko) Version/16.6 Mobile/15E148 Safari/604.1"
::1 - - [22/Aug/2024:19:29:16 +0000] "GET /shopping/listRecipes/byList/2624062600022223 HTTP/1.1" 200 2 "http://localhost:4200/" "Mozilla/5.0 (iPhone; CPU iPhone OS 16_6 like Mac OS X) AppleWebKit/605.1.15 (KHTML, like Gecko) Version/16.6 Mobile/15E148 Safari/604.1"
::ffff:127.0.0.1 - - [22/Aug/2024:19:29:20 +0000] "POST /logs/shopping HTTP/1.1" 200 34 "-" "axios/1.4.0"
::1 - - [22/Aug/2024:19:29:20 +0000] "POST /shopping/listRecipes/2624062600022223 HTTP/1.1" 200 130 "http://localhost:4200/" "Mozilla/5.0 (iPhone; CPU iPhone OS 16_6 like Mac OS X) AppleWebKit/605.1.15 (KHTML, like Gecko) Version/16.6 Mobile/15E148 Safari/604.1"
::1 - - [22/Aug/2024:19:29:21 +0000] "GET /shopping/listRecipes/byList/2624062600022223 HTTP/1.1" 200 132 "http://localhost:4200/" "Mozilla/5.0 (iPhone; CPU iPhone OS 16_6 like Mac OS X) AppleWebKit/605.1.15 (KHTML, like Gecko) Version/16.6 Mobile/15E148 Safari/604.1"
::1 - - [22/Aug/2024:19:29:21 +0000] "GET /shopping/listRecipes/byList/2624062600022223 HTTP/1.1" 304 - "http://localhost:4200/" "Mozilla/5.0 (iPhone; CPU iPhone OS 16_6 like Mac OS X) AppleWebKit/605.1.15 (KHTML, like Gecko) Version/16.6 Mobile/15E148 Safari/604.1"
::1 - - [22/Aug/2024:20:00:00 +0000] "GET /ingredients HTTP/1.1" 304 - "http://localhost:4200/" "Mozilla/5.0 (iPhone; CPU iPhone OS 16_6 like Mac OS X) AppleWebKit/605.1.15 (KHTML, like Gecko) Version/16.6 Mobile/15E148 Safari/604.1"
::1 - - [22/Aug/2024:20:00:00 +0000] "GET /tools HTTP/1.1" 304 - "http://localhost:4200/" "Mozilla/5.0 (iPhone; CPU iPhone OS 16_6 like Mac OS X) AppleWebKit/605.1.15 (KHTML, like Gecko) Version/16.6 Mobile/15E148 Safari/604.1"
::1 - - [22/Aug/2024:20:00:00 +0000] "GET /ingredientStocks HTTP/1.1" 304 - "http://localhost:4200/" "Mozilla/5.0 (iPhone; CPU iPhone OS 16_6 like Mac OS X) AppleWebKit/605.1.15 (KHTML, like Gecko) Version/16.6 Mobile/15E148 Safari/604.1"
::1 - - [22/Aug/2024:20:00:00 +0000] "GET /recipes HTTP/1.1" 304 - "http://localhost:4200/" "Mozilla/5.0 (iPhone; CPU iPhone OS 16_6 like Mac OS X) AppleWebKit/605.1.15 (KHTML, like Gecko) Version/16.6 Mobile/15E148 Safari/604.1"
::1 - - [22/Aug/2024:20:00:00 +0000] "GET /toolStocks HTTP/1.1" 304 - "http://localhost:4200/" "Mozilla/5.0 (iPhone; CPU iPhone OS 16_6 like Mac OS X) AppleWebKit/605.1.15 (KHTML, like Gecko) Version/16.6 Mobile/15E148 Safari/604.1"
::1 - - [22/Aug/2024:20:00:00 +0000] "GET /recipes/categories HTTP/1.1" 304 - "http://localhost:4200/" "Mozilla/5.0 (iPhone; CPU iPhone OS 16_6 like Mac OS X) AppleWebKit/605.1.15 (KHTML, like Gecko) Version/16.6 Mobile/15E148 Safari/604.1"
::1 - - [22/Aug/2024:20:00:00 +0000] "GET /ingredients/recipe HTTP/1.1" 304 - "http://localhost:4200/" "Mozilla/5.0 (iPhone; CPU iPhone OS 16_6 like Mac OS X) AppleWebKit/605.1.15 (KHTML, like Gecko) Version/16.6 Mobile/15E148 Safari/604.1"
::1 - - [22/Aug/2024:20:00:01 +0000] "GET /recipes/discover HTTP/1.1" 304 - "http://localhost:4200/" "Mozilla/5.0 (iPhone; CPU iPhone OS 16_6 like Mac OS X) AppleWebKit/605.1.15 (KHTML, like Gecko) Version/16.6 Mobile/15E148 Safari/604.1"
::ffff:127.0.0.1 - - [22/Aug/2024:20:00:01 +0000] "GET /recipes/1124022400010010 HTTP/1.1" 200 451 "-" "axios/1.4.0"
::1 - - [22/Aug/2024:20:00:01 +0000] "GET /tools/recipe HTTP/1.1" 304 - "http://localhost:4200/" "Mozilla/5.0 (iPhone; CPU iPhone OS 16_6 like Mac OS X) AppleWebKit/605.1.15 (KHTML, like Gecko) Version/16.6 Mobile/15E148 Safari/604.1"
::1 - - [22/Aug/2024:20:00:01 +0000] "GET /steps/recipe HTTP/1.1" 304 - "http://localhost:4200/" "Mozilla/5.0 (iPhone; CPU iPhone OS 16_6 like Mac OS X) AppleWebKit/605.1.15 (KHTML, like Gecko) Version/16.6 Mobile/15E148 Safari/604.1"
::1 - - [22/Aug/2024:20:00:01 +0000] "GET /messages HTTP/1.1" 304 - "http://localhost:4200/" "Mozilla/5.0 (iPhone; CPU iPhone OS 16_6 like Mac OS X) AppleWebKit/605.1.15 (KHTML, like Gecko) Version/16.6 Mobile/15E148 Safari/604.1"
::1 - - [22/Aug/2024:20:00:01 +0000] "GET /steps HTTP/1.1" 304 - "http://localhost:4200/" "Mozilla/5.0 (iPhone; CPU iPhone OS 16_6 like Mac OS X) AppleWebKit/605.1.15 (KHTML, like Gecko) Version/16.6 Mobile/15E148 Safari/604.1"
::1 - - [22/Aug/2024:20:00:01 +0000] "GET /persons/friendships HTTP/1.1" 304 - "http://localhost:4200/" "Mozilla/5.0 (iPhone; CPU iPhone OS 16_6 like Mac OS X) AppleWebKit/605.1.15 (KHTML, like Gecko) Version/16.6 Mobile/15E148 Safari/604.1"
::1 - - [22/Aug/2024:20:00:01 +0000] "GET /persons/followships/followers HTTP/1.1" 304 - "http://localhost:4200/" "Mozilla/5.0 (iPhone; CPU iPhone OS 16_6 like Mac OS X) AppleWebKit/605.1.15 (KHTML, like Gecko) Version/16.6 Mobile/15E148 Safari/604.1"
::1 - - [22/Aug/2024:20:00:01 +0000] "GET /persons/followships HTTP/1.1" 304 - "http://localhost:4200/" "Mozilla/5.0 (iPhone; CPU iPhone OS 16_6 like Mac OS X) AppleWebKit/605.1.15 (KHTML, like Gecko) Version/16.6 Mobile/15E148 Safari/604.1"
::1 - - [22/Aug/2024:20:00:01 +0000] "GET /profiles/friends?friendStatus=receivedRequest HTTP/1.1" 304 - "http://localhost:4200/" "Mozilla/5.0 (iPhone; CPU iPhone OS 16_6 like Mac OS X) AppleWebKit/605.1.15 (KHTML, like Gecko) Version/16.6 Mobile/15E148 Safari/604.1"
::1 - - [22/Aug/2024:20:00:01 +0000] "GET /profiles/friends?friendStatus=requesting HTTP/1.1" 304 - "http://localhost:4200/" "Mozilla/5.0 (iPhone; CPU iPhone OS 16_6 like Mac OS X) AppleWebKit/605.1.15 (KHTML, like Gecko) Version/16.6 Mobile/15E148 Safari/604.1"
::ffff:127.0.0.1 - - [22/Aug/2024:20:00:01 +0000] "GET /profiles?userID=a525810e-5531-4f97-95a4-39a082f7416b HTTP/1.1" 200 87395 "-" "axios/1.4.0"
::1 - - [22/Aug/2024:20:00:01 +0000] "GET /profiles/ HTTP/1.1" 304 - "http://localhost:4200/" "Mozilla/5.0 (iPhone; CPU iPhone OS 16_6 like Mac OS X) AppleWebKit/605.1.15 (KHTML, like Gecko) Version/16.6 Mobile/15E148 Safari/604.1"
::1 - - [22/Aug/2024:20:00:01 +0000] "GET /profiles/followers HTTP/1.1" 304 - "http://localhost:4200/" "Mozilla/5.0 (iPhone; CPU iPhone OS 16_6 like Mac OS X) AppleWebKit/605.1.15 (KHTML, like Gecko) Version/16.6 Mobile/15E148 Safari/604.1"
::1 - - [22/Aug/2024:20:00:01 +0000] "GET /shopping/lists HTTP/1.1" 304 - "http://localhost:4200/" "Mozilla/5.0 (iPhone; CPU iPhone OS 16_6 like Mac OS X) AppleWebKit/605.1.15 (KHTML, like Gecko) Version/16.6 Mobile/15E148 Safari/604.1"
::ffff:127.0.0.1 - - [22/Aug/2024:20:00:01 +0000] "GET /recipes/1124022500010028 HTTP/1.1" 200 516 "-" "axios/1.4.0"
::1 - - [22/Aug/2024:20:00:01 +0000] "GET /profiles/following HTTP/1.1" 304 - "http://localhost:4200/" "Mozilla/5.0 (iPhone; CPU iPhone OS 16_6 like Mac OS X) AppleWebKit/605.1.15 (KHTML, like Gecko) Version/16.6 Mobile/15E148 Safari/604.1"
::1 - - [22/Aug/2024:20:00:02 +0000] "GET /shopping/lists/shared HTTP/1.1" 304 - "http://localhost:4200/" "Mozilla/5.0 (iPhone; CPU iPhone OS 16_6 like Mac OS X) AppleWebKit/605.1.15 (KHTML, like Gecko) Version/16.6 Mobile/15E148 Safari/604.1"
::1 - - [22/Aug/2024:20:00:02 +0000] "GET /shopping/listRecipes HTTP/1.1" 200 132 "http://localhost:4200/" "Mozilla/5.0 (iPhone; CPU iPhone OS 16_6 like Mac OS X) AppleWebKit/605.1.15 (KHTML, like Gecko) Version/16.6 Mobile/15E148 Safari/604.1"
::1 - - [22/Aug/2024:20:00:02 +0000] "GET /profiles/friends?friendStatus=confirmed HTTP/1.1" 200 92376 "http://localhost:4200/" "Mozilla/5.0 (iPhone; CPU iPhone OS 16_6 like Mac OS X) AppleWebKit/605.1.15 (KHTML, like Gecko) Version/16.6 Mobile/15E148 Safari/604.1"
::ffff:127.0.0.1 - - [22/Aug/2024:20:00:02 +0000] "GET /profiles?userID=a525810e-5531-4f97-95a4-39a082f7416b HTTP/1.1" 200 87395 "-" "axios/1.4.0"
::1 - - [22/Aug/2024:20:00:02 +0000] "GET /recipes/subscriptions HTTP/1.1" 304 - "http://localhost:4200/" "Mozilla/5.0 (iPhone; CPU iPhone OS 16_6 like Mac OS X) AppleWebKit/605.1.15 (KHTML, like Gecko) Version/16.6 Mobile/15E148 Safari/604.1"
::1 - - [22/Aug/2024:20:00:02 +0000] "POST /profiles/loaded/4225b995-4211-40ef-aa35-c5f8b70eaa97 HTTP/1.1" 200 - "http://localhost:4200/" "Mozilla/5.0 (iPhone; CPU iPhone OS 16_6 like Mac OS X) AppleWebKit/605.1.15 (KHTML, like Gecko) Version/16.6 Mobile/15E148 Safari/604.1"
::ffff:127.0.0.1 - - [22/Aug/2024:20:00:02 +0000] "POST /logs/user HTTP/1.1" 200 30 "-" "axios/1.4.0"
::1 - - [22/Aug/2024:20:00:22 +0000] "GET /ingredients HTTP/1.1" 304 - "http://localhost:4200/" "Mozilla/5.0 (iPhone; CPU iPhone OS 16_6 like Mac OS X) AppleWebKit/605.1.15 (KHTML, like Gecko) Version/16.6 Mobile/15E148 Safari/604.1"
::1 - - [22/Aug/2024:20:00:22 +0000] "GET /ingredientStocks HTTP/1.1" 304 - "http://localhost:4200/" "Mozilla/5.0 (iPhone; CPU iPhone OS 16_6 like Mac OS X) AppleWebKit/605.1.15 (KHTML, like Gecko) Version/16.6 Mobile/15E148 Safari/604.1"
::1 - - [22/Aug/2024:20:00:22 +0000] "GET /tools HTTP/1.1" 304 - "http://localhost:4200/" "Mozilla/5.0 (iPhone; CPU iPhone OS 16_6 like Mac OS X) AppleWebKit/605.1.15 (KHTML, like Gecko) Version/16.6 Mobile/15E148 Safari/604.1"
::1 - - [22/Aug/2024:20:00:22 +0000] "GET /toolStocks HTTP/1.1" 304 - "http://localhost:4200/" "Mozilla/5.0 (iPhone; CPU iPhone OS 16_6 like Mac OS X) AppleWebKit/605.1.15 (KHTML, like Gecko) Version/16.6 Mobile/15E148 Safari/604.1"
::1 - - [22/Aug/2024:20:00:22 +0000] "GET /recipes HTTP/1.1" 304 - "http://localhost:4200/" "Mozilla/5.0 (iPhone; CPU iPhone OS 16_6 like Mac OS X) AppleWebKit/605.1.15 (KHTML, like Gecko) Version/16.6 Mobile/15E148 Safari/604.1"
::1 - - [22/Aug/2024:20:00:22 +0000] "GET /recipes/categories HTTP/1.1" 304 - "http://localhost:4200/" "Mozilla/5.0 (iPhone; CPU iPhone OS 16_6 like Mac OS X) AppleWebKit/605.1.15 (KHTML, like Gecko) Version/16.6 Mobile/15E148 Safari/604.1"
::1 - - [22/Aug/2024:20:00:22 +0000] "GET /ingredients/recipe HTTP/1.1" 304 - "http://localhost:4200/" "Mozilla/5.0 (iPhone; CPU iPhone OS 16_6 like Mac OS X) AppleWebKit/605.1.15 (KHTML, like Gecko) Version/16.6 Mobile/15E148 Safari/604.1"
::1 - - [22/Aug/2024:20:00:22 +0000] "GET /tools/recipe HTTP/1.1" 304 - "http://localhost:4200/" "Mozilla/5.0 (iPhone; CPU iPhone OS 16_6 like Mac OS X) AppleWebKit/605.1.15 (KHTML, like Gecko) Version/16.6 Mobile/15E148 Safari/604.1"
::1 - - [22/Aug/2024:20:00:22 +0000] "GET /recipes/discover HTTP/1.1" 304 - "http://localhost:4200/" "Mozilla/5.0 (iPhone; CPU iPhone OS 16_6 like Mac OS X) AppleWebKit/605.1.15 (KHTML, like Gecko) Version/16.6 Mobile/15E148 Safari/604.1"
::1 - - [22/Aug/2024:20:00:22 +0000] "GET /steps HTTP/1.1" 304 - "http://localhost:4200/" "Mozilla/5.0 (iPhone; CPU iPhone OS 16_6 like Mac OS X) AppleWebKit/605.1.15 (KHTML, like Gecko) Version/16.6 Mobile/15E148 Safari/604.1"
::ffff:127.0.0.1 - - [22/Aug/2024:20:00:22 +0000] "GET /recipes/1124022400010010 HTTP/1.1" 200 451 "-" "axios/1.4.0"
::1 - - [22/Aug/2024:20:00:22 +0000] "GET /messages HTTP/1.1" 304 - "http://localhost:4200/" "Mozilla/5.0 (iPhone; CPU iPhone OS 16_6 like Mac OS X) AppleWebKit/605.1.15 (KHTML, like Gecko) Version/16.6 Mobile/15E148 Safari/604.1"
::1 - - [22/Aug/2024:20:00:22 +0000] "GET /steps/recipe HTTP/1.1" 304 - "http://localhost:4200/" "Mozilla/5.0 (iPhone; CPU iPhone OS 16_6 like Mac OS X) AppleWebKit/605.1.15 (KHTML, like Gecko) Version/16.6 Mobile/15E148 Safari/604.1"
::1 - - [22/Aug/2024:20:00:22 +0000] "GET /persons/friendships HTTP/1.1" 304 - "http://localhost:4200/" "Mozilla/5.0 (iPhone; CPU iPhone OS 16_6 like Mac OS X) AppleWebKit/605.1.15 (KHTML, like Gecko) Version/16.6 Mobile/15E148 Safari/604.1"
::1 - - [22/Aug/2024:20:00:22 +0000] "GET /persons/followships HTTP/1.1" 304 - "http://localhost:4200/" "Mozilla/5.0 (iPhone; CPU iPhone OS 16_6 like Mac OS X) AppleWebKit/605.1.15 (KHTML, like Gecko) Version/16.6 Mobile/15E148 Safari/604.1"
::1 - - [22/Aug/2024:20:00:22 +0000] "GET /persons/followships/followers HTTP/1.1" 304 - "http://localhost:4200/" "Mozilla/5.0 (iPhone; CPU iPhone OS 16_6 like Mac OS X) AppleWebKit/605.1.15 (KHTML, like Gecko) Version/16.6 Mobile/15E148 Safari/604.1"
::1 - - [22/Aug/2024:20:00:23 +0000] "GET /profiles/friends?friendStatus=receivedRequest HTTP/1.1" 304 - "http://localhost:4200/" "Mozilla/5.0 (iPhone; CPU iPhone OS 16_6 like Mac OS X) AppleWebKit/605.1.15 (KHTML, like Gecko) Version/16.6 Mobile/15E148 Safari/604.1"
::ffff:127.0.0.1 - - [22/Aug/2024:20:00:23 +0000] "GET /profiles?userID=a525810e-5531-4f97-95a4-39a082f7416b HTTP/1.1" 200 87395 "-" "axios/1.4.0"
::1 - - [22/Aug/2024:20:00:23 +0000] "GET /profiles/friends?friendStatus=requesting HTTP/1.1" 304 - "http://localhost:4200/" "Mozilla/5.0 (iPhone; CPU iPhone OS 16_6 like Mac OS X) AppleWebKit/605.1.15 (KHTML, like Gecko) Version/16.6 Mobile/15E148 Safari/604.1"
::1 - - [22/Aug/2024:20:00:23 +0000] "GET /profiles/ HTTP/1.1" 304 - "http://localhost:4200/" "Mozilla/5.0 (iPhone; CPU iPhone OS 16_6 like Mac OS X) AppleWebKit/605.1.15 (KHTML, like Gecko) Version/16.6 Mobile/15E148 Safari/604.1"
::1 - - [22/Aug/2024:20:00:23 +0000] "GET /profiles/followers HTTP/1.1" 304 - "http://localhost:4200/" "Mozilla/5.0 (iPhone; CPU iPhone OS 16_6 like Mac OS X) AppleWebKit/605.1.15 (KHTML, like Gecko) Version/16.6 Mobile/15E148 Safari/604.1"
::1 - - [22/Aug/2024:20:00:23 +0000] "GET /profiles/following HTTP/1.1" 304 - "http://localhost:4200/" "Mozilla/5.0 (iPhone; CPU iPhone OS 16_6 like Mac OS X) AppleWebKit/605.1.15 (KHTML, like Gecko) Version/16.6 Mobile/15E148 Safari/604.1"
::1 - - [22/Aug/2024:20:00:23 +0000] "GET /shopping/lists HTTP/1.1" 304 - "http://localhost:4200/" "Mozilla/5.0 (iPhone; CPU iPhone OS 16_6 like Mac OS X) AppleWebKit/605.1.15 (KHTML, like Gecko) Version/16.6 Mobile/15E148 Safari/604.1"
::ffff:127.0.0.1 - - [22/Aug/2024:20:00:23 +0000] "GET /recipes/1124022500010028 HTTP/1.1" 200 516 "-" "axios/1.4.0"
::1 - - [22/Aug/2024:20:00:23 +0000] "GET /shopping/lists/shared HTTP/1.1" 304 - "http://localhost:4200/" "Mozilla/5.0 (iPhone; CPU iPhone OS 16_6 like Mac OS X) AppleWebKit/605.1.15 (KHTML, like Gecko) Version/16.6 Mobile/15E148 Safari/604.1"
::1 - - [22/Aug/2024:20:00:23 +0000] "GET /shopping/listRecipes HTTP/1.1" 304 - "http://localhost:4200/" "Mozilla/5.0 (iPhone; CPU iPhone OS 16_6 like Mac OS X) AppleWebKit/605.1.15 (KHTML, like Gecko) Version/16.6 Mobile/15E148 Safari/604.1"
::1 - - [22/Aug/2024:20:00:23 +0000] "GET /profiles/friends?friendStatus=confirmed HTTP/1.1" 304 - "http://localhost:4200/" "Mozilla/5.0 (iPhone; CPU iPhone OS 16_6 like Mac OS X) AppleWebKit/605.1.15 (KHTML, like Gecko) Version/16.6 Mobile/15E148 Safari/604.1"
::ffff:127.0.0.1 - - [22/Aug/2024:20:00:23 +0000] "GET /profiles?userID=a525810e-5531-4f97-95a4-39a082f7416b HTTP/1.1" 200 87395 "-" "axios/1.4.0"
::1 - - [22/Aug/2024:20:00:23 +0000] "GET /recipes/subscriptions HTTP/1.1" 304 - "http://localhost:4200/" "Mozilla/5.0 (iPhone; CPU iPhone OS 16_6 like Mac OS X) AppleWebKit/605.1.15 (KHTML, like Gecko) Version/16.6 Mobile/15E148 Safari/604.1"
::1 - - [22/Aug/2024:20:00:24 +0000] "POST /profiles/loaded/4225b995-4211-40ef-aa35-c5f8b70eaa97 HTTP/1.1" 200 - "http://localhost:4200/" "Mozilla/5.0 (iPhone; CPU iPhone OS 16_6 like Mac OS X) AppleWebKit/605.1.15 (KHTML, like Gecko) Version/16.6 Mobile/15E148 Safari/604.1"
::ffff:127.0.0.1 - - [22/Aug/2024:20:00:24 +0000] "POST /logs/user HTTP/1.1" 200 30 "-" "axios/1.4.0"
::1 - - [22/Aug/2024:20:01:01 +0000] "GET /ingredients HTTP/1.1" 304 - "http://localhost:4200/" "Mozilla/5.0 (iPhone; CPU iPhone OS 16_6 like Mac OS X) AppleWebKit/605.1.15 (KHTML, like Gecko) Version/16.6 Mobile/15E148 Safari/604.1"
::1 - - [22/Aug/2024:20:01:01 +0000] "GET /toolStocks HTTP/1.1" 304 - "http://localhost:4200/" "Mozilla/5.0 (iPhone; CPU iPhone OS 16_6 like Mac OS X) AppleWebKit/605.1.15 (KHTML, like Gecko) Version/16.6 Mobile/15E148 Safari/604.1"
::1 - - [22/Aug/2024:20:01:01 +0000] "GET /recipes HTTP/1.1" 304 - "http://localhost:4200/" "Mozilla/5.0 (iPhone; CPU iPhone OS 16_6 like Mac OS X) AppleWebKit/605.1.15 (KHTML, like Gecko) Version/16.6 Mobile/15E148 Safari/604.1"
::1 - - [22/Aug/2024:20:01:01 +0000] "GET /tools HTTP/1.1" 304 - "http://localhost:4200/" "Mozilla/5.0 (iPhone; CPU iPhone OS 16_6 like Mac OS X) AppleWebKit/605.1.15 (KHTML, like Gecko) Version/16.6 Mobile/15E148 Safari/604.1"
::1 - - [22/Aug/2024:20:01:01 +0000] "GET /ingredientStocks HTTP/1.1" 304 - "http://localhost:4200/" "Mozilla/5.0 (iPhone; CPU iPhone OS 16_6 like Mac OS X) AppleWebKit/605.1.15 (KHTML, like Gecko) Version/16.6 Mobile/15E148 Safari/604.1"
::1 - - [22/Aug/2024:20:01:01 +0000] "GET /recipes/categories HTTP/1.1" 304 - "http://localhost:4200/" "Mozilla/5.0 (iPhone; CPU iPhone OS 16_6 like Mac OS X) AppleWebKit/605.1.15 (KHTML, like Gecko) Version/16.6 Mobile/15E148 Safari/604.1"
::1 - - [22/Aug/2024:20:01:01 +0000] "GET /tools/recipe HTTP/1.1" 304 - "http://localhost:4200/" "Mozilla/5.0 (iPhone; CPU iPhone OS 16_6 like Mac OS X) AppleWebKit/605.1.15 (KHTML, like Gecko) Version/16.6 Mobile/15E148 Safari/604.1"
::1 - - [22/Aug/2024:20:01:01 +0000] "GET /ingredients/recipe HTTP/1.1" 304 - "http://localhost:4200/" "Mozilla/5.0 (iPhone; CPU iPhone OS 16_6 like Mac OS X) AppleWebKit/605.1.15 (KHTML, like Gecko) Version/16.6 Mobile/15E148 Safari/604.1"
::1 - - [22/Aug/2024:20:01:01 +0000] "GET /messages HTTP/1.1" 304 - "http://localhost:4200/" "Mozilla/5.0 (iPhone; CPU iPhone OS 16_6 like Mac OS X) AppleWebKit/605.1.15 (KHTML, like Gecko) Version/16.6 Mobile/15E148 Safari/604.1"
::1 - - [22/Aug/2024:20:01:01 +0000] "GET /recipes/discover HTTP/1.1" 304 - "http://localhost:4200/" "Mozilla/5.0 (iPhone; CPU iPhone OS 16_6 like Mac OS X) AppleWebKit/605.1.15 (KHTML, like Gecko) Version/16.6 Mobile/15E148 Safari/604.1"
::ffff:127.0.0.1 - - [22/Aug/2024:20:01:01 +0000] "GET /recipes/1124022400010010 HTTP/1.1" 200 451 "-" "axios/1.4.0"
::1 - - [22/Aug/2024:20:01:01 +0000] "GET /steps/recipe HTTP/1.1" 304 - "http://localhost:4200/" "Mozilla/5.0 (iPhone; CPU iPhone OS 16_6 like Mac OS X) AppleWebKit/605.1.15 (KHTML, like Gecko) Version/16.6 Mobile/15E148 Safari/604.1"
::1 - - [22/Aug/2024:20:01:01 +0000] "GET /steps HTTP/1.1" 304 - "http://localhost:4200/" "Mozilla/5.0 (iPhone; CPU iPhone OS 16_6 like Mac OS X) AppleWebKit/605.1.15 (KHTML, like Gecko) Version/16.6 Mobile/15E148 Safari/604.1"
::1 - - [22/Aug/2024:20:01:01 +0000] "GET /persons/followships/followers HTTP/1.1" 304 - "http://localhost:4200/" "Mozilla/5.0 (iPhone; CPU iPhone OS 16_6 like Mac OS X) AppleWebKit/605.1.15 (KHTML, like Gecko) Version/16.6 Mobile/15E148 Safari/604.1"
::1 - - [22/Aug/2024:20:01:01 +0000] "GET /persons/followships HTTP/1.1" 304 - "http://localhost:4200/" "Mozilla/5.0 (iPhone; CPU iPhone OS 16_6 like Mac OS X) AppleWebKit/605.1.15 (KHTML, like Gecko) Version/16.6 Mobile/15E148 Safari/604.1"
::1 - - [22/Aug/2024:20:01:01 +0000] "GET /persons/friendships HTTP/1.1" 304 - "http://localhost:4200/" "Mozilla/5.0 (iPhone; CPU iPhone OS 16_6 like Mac OS X) AppleWebKit/605.1.15 (KHTML, like Gecko) Version/16.6 Mobile/15E148 Safari/604.1"
::1 - - [22/Aug/2024:20:01:01 +0000] "GET /profiles/friends?friendStatus=receivedRequest HTTP/1.1" 304 - "http://localhost:4200/" "Mozilla/5.0 (iPhone; CPU iPhone OS 16_6 like Mac OS X) AppleWebKit/605.1.15 (KHTML, like Gecko) Version/16.6 Mobile/15E148 Safari/604.1"
::1 - - [22/Aug/2024:20:01:01 +0000] "GET /profiles/friends?friendStatus=requesting HTTP/1.1" 304 - "http://localhost:4200/" "Mozilla/5.0 (iPhone; CPU iPhone OS 16_6 like Mac OS X) AppleWebKit/605.1.15 (KHTML, like Gecko) Version/16.6 Mobile/15E148 Safari/604.1"
::ffff:127.0.0.1 - - [22/Aug/2024:20:01:01 +0000] "GET /profiles?userID=a525810e-5531-4f97-95a4-39a082f7416b HTTP/1.1" 200 87395 "-" "axios/1.4.0"
::1 - - [22/Aug/2024:20:01:02 +0000] "GET /profiles/ HTTP/1.1" 304 - "http://localhost:4200/" "Mozilla/5.0 (iPhone; CPU iPhone OS 16_6 like Mac OS X) AppleWebKit/605.1.15 (KHTML, like Gecko) Version/16.6 Mobile/15E148 Safari/604.1"
::1 - - [22/Aug/2024:20:01:02 +0000] "GET /profiles/following HTTP/1.1" 304 - "http://localhost:4200/" "Mozilla/5.0 (iPhone; CPU iPhone OS 16_6 like Mac OS X) AppleWebKit/605.1.15 (KHTML, like Gecko) Version/16.6 Mobile/15E148 Safari/604.1"
::1 - - [22/Aug/2024:20:01:02 +0000] "GET /profiles/followers HTTP/1.1" 304 - "http://localhost:4200/" "Mozilla/5.0 (iPhone; CPU iPhone OS 16_6 like Mac OS X) AppleWebKit/605.1.15 (KHTML, like Gecko) Version/16.6 Mobile/15E148 Safari/604.1"
::ffff:127.0.0.1 - - [22/Aug/2024:20:01:02 +0000] "GET /recipes/1124022500010028 HTTP/1.1" 200 516 "-" "axios/1.4.0"
::1 - - [22/Aug/2024:20:01:02 +0000] "GET /shopping/lists HTTP/1.1" 304 - "http://localhost:4200/" "Mozilla/5.0 (iPhone; CPU iPhone OS 16_6 like Mac OS X) AppleWebKit/605.1.15 (KHTML, like Gecko) Version/16.6 Mobile/15E148 Safari/604.1"
::1 - - [22/Aug/2024:20:01:02 +0000] "GET /profiles/friends?friendStatus=confirmed HTTP/1.1" 200 92376 "http://localhost:4200/" "Mozilla/5.0 (iPhone; CPU iPhone OS 16_6 like Mac OS X) AppleWebKit/605.1.15 (KHTML, like Gecko) Version/16.6 Mobile/15E148 Safari/604.1"
::1 - - [22/Aug/2024:20:01:02 +0000] "GET /shopping/lists/shared HTTP/1.1" 304 - "http://localhost:4200/" "Mozilla/5.0 (iPhone; CPU iPhone OS 16_6 like Mac OS X) AppleWebKit/605.1.15 (KHTML, like Gecko) Version/16.6 Mobile/15E148 Safari/604.1"
::1 - - [22/Aug/2024:20:01:02 +0000] "GET /shopping/listRecipes HTTP/1.1" 304 - "http://localhost:4200/" "Mozilla/5.0 (iPhone; CPU iPhone OS 16_6 like Mac OS X) AppleWebKit/605.1.15 (KHTML, like Gecko) Version/16.6 Mobile/15E148 Safari/604.1"
::ffff:127.0.0.1 - - [22/Aug/2024:20:01:02 +0000] "GET /profiles?userID=a525810e-5531-4f97-95a4-39a082f7416b HTTP/1.1" 200 87395 "-" "axios/1.4.0"
::1 - - [22/Aug/2024:20:01:02 +0000] "GET /recipes/subscriptions HTTP/1.1" 304 - "http://localhost:4200/" "Mozilla/5.0 (iPhone; CPU iPhone OS 16_6 like Mac OS X) AppleWebKit/605.1.15 (KHTML, like Gecko) Version/16.6 Mobile/15E148 Safari/604.1"
::1 - - [22/Aug/2024:20:01:03 +0000] "POST /profiles/loaded/4225b995-4211-40ef-aa35-c5f8b70eaa97 HTTP/1.1" 200 - "http://localhost:4200/" "Mozilla/5.0 (iPhone; CPU iPhone OS 16_6 like Mac OS X) AppleWebKit/605.1.15 (KHTML, like Gecko) Version/16.6 Mobile/15E148 Safari/604.1"
::ffff:127.0.0.1 - - [22/Aug/2024:20:01:03 +0000] "POST /logs/user HTTP/1.1" 200 30 "-" "axios/1.4.0"
::1 - - [22/Aug/2024:20:01:57 +0000] "GET /ingredients HTTP/1.1" 304 - "http://localhost:4200/" "Mozilla/5.0 (iPhone; CPU iPhone OS 16_6 like Mac OS X) AppleWebKit/605.1.15 (KHTML, like Gecko) Version/16.6 Mobile/15E148 Safari/604.1"
::1 - - [22/Aug/2024:20:01:57 +0000] "GET /ingredientStocks HTTP/1.1" 304 - "http://localhost:4200/" "Mozilla/5.0 (iPhone; CPU iPhone OS 16_6 like Mac OS X) AppleWebKit/605.1.15 (KHTML, like Gecko) Version/16.6 Mobile/15E148 Safari/604.1"
::1 - - [22/Aug/2024:20:01:57 +0000] "GET /tools HTTP/1.1" 304 - "http://localhost:4200/" "Mozilla/5.0 (iPhone; CPU iPhone OS 16_6 like Mac OS X) AppleWebKit/605.1.15 (KHTML, like Gecko) Version/16.6 Mobile/15E148 Safari/604.1"
::1 - - [22/Aug/2024:20:01:57 +0000] "GET /recipes HTTP/1.1" 304 - "http://localhost:4200/" "Mozilla/5.0 (iPhone; CPU iPhone OS 16_6 like Mac OS X) AppleWebKit/605.1.15 (KHTML, like Gecko) Version/16.6 Mobile/15E148 Safari/604.1"
::1 - - [22/Aug/2024:20:01:57 +0000] "GET /toolStocks HTTP/1.1" 304 - "http://localhost:4200/" "Mozilla/5.0 (iPhone; CPU iPhone OS 16_6 like Mac OS X) AppleWebKit/605.1.15 (KHTML, like Gecko) Version/16.6 Mobile/15E148 Safari/604.1"
::1 - - [22/Aug/2024:20:01:58 +0000] "GET /recipes/categories HTTP/1.1" 304 - "http://localhost:4200/" "Mozilla/5.0 (iPhone; CPU iPhone OS 16_6 like Mac OS X) AppleWebKit/605.1.15 (KHTML, like Gecko) Version/16.6 Mobile/15E148 Safari/604.1"
::ffff:127.0.0.1 - - [22/Aug/2024:20:01:58 +0000] "GET /recipes/1124022400010010 HTTP/1.1" 200 451 "-" "axios/1.4.0"
::1 - - [22/Aug/2024:20:01:58 +0000] "GET /messages HTTP/1.1" 304 - "http://localhost:4200/" "Mozilla/5.0 (iPhone; CPU iPhone OS 16_6 like Mac OS X) AppleWebKit/605.1.15 (KHTML, like Gecko) Version/16.6 Mobile/15E148 Safari/604.1"
::1 - - [22/Aug/2024:20:01:58 +0000] "GET /tools/recipe HTTP/1.1" 304 - "http://localhost:4200/" "Mozilla/5.0 (iPhone; CPU iPhone OS 16_6 like Mac OS X) AppleWebKit/605.1.15 (KHTML, like Gecko) Version/16.6 Mobile/15E148 Safari/604.1"
::1 - - [22/Aug/2024:20:01:58 +0000] "GET /ingredients/recipe HTTP/1.1" 304 - "http://localhost:4200/" "Mozilla/5.0 (iPhone; CPU iPhone OS 16_6 like Mac OS X) AppleWebKit/605.1.15 (KHTML, like Gecko) Version/16.6 Mobile/15E148 Safari/604.1"
::1 - - [22/Aug/2024:20:01:58 +0000] "GET /recipes/discover HTTP/1.1" 304 - "http://localhost:4200/" "Mozilla/5.0 (iPhone; CPU iPhone OS 16_6 like Mac OS X) AppleWebKit/605.1.15 (KHTML, like Gecko) Version/16.6 Mobile/15E148 Safari/604.1"
::1 - - [22/Aug/2024:20:01:58 +0000] "GET /steps HTTP/1.1" 304 - "http://localhost:4200/" "Mozilla/5.0 (iPhone; CPU iPhone OS 16_6 like Mac OS X) AppleWebKit/605.1.15 (KHTML, like Gecko) Version/16.6 Mobile/15E148 Safari/604.1"
::1 - - [22/Aug/2024:20:01:58 +0000] "GET /steps/recipe HTTP/1.1" 304 - "http://localhost:4200/" "Mozilla/5.0 (iPhone; CPU iPhone OS 16_6 like Mac OS X) AppleWebKit/605.1.15 (KHTML, like Gecko) Version/16.6 Mobile/15E148 Safari/604.1"
::1 - - [22/Aug/2024:20:01:58 +0000] "GET /persons/friendships HTTP/1.1" 304 - "http://localhost:4200/" "Mozilla/5.0 (iPhone; CPU iPhone OS 16_6 like Mac OS X) AppleWebKit/605.1.15 (KHTML, like Gecko) Version/16.6 Mobile/15E148 Safari/604.1"
::1 - - [22/Aug/2024:20:01:58 +0000] "GET /persons/followships HTTP/1.1" 304 - "http://localhost:4200/" "Mozilla/5.0 (iPhone; CPU iPhone OS 16_6 like Mac OS X) AppleWebKit/605.1.15 (KHTML, like Gecko) Version/16.6 Mobile/15E148 Safari/604.1"
::1 - - [22/Aug/2024:20:01:58 +0000] "GET /persons/followships/followers HTTP/1.1" 304 - "http://localhost:4200/" "Mozilla/5.0 (iPhone; CPU iPhone OS 16_6 like Mac OS X) AppleWebKit/605.1.15 (KHTML, like Gecko) Version/16.6 Mobile/15E148 Safari/604.1"
::ffff:127.0.0.1 - - [22/Aug/2024:20:01:58 +0000] "GET /profiles?userID=a525810e-5531-4f97-95a4-39a082f7416b HTTP/1.1" 200 87395 "-" "axios/1.4.0"
::1 - - [22/Aug/2024:20:01:58 +0000] "GET /profiles/friends?friendStatus=receivedRequest HTTP/1.1" 304 - "http://localhost:4200/" "Mozilla/5.0 (iPhone; CPU iPhone OS 16_6 like Mac OS X) AppleWebKit/605.1.15 (KHTML, like Gecko) Version/16.6 Mobile/15E148 Safari/604.1"
::1 - - [22/Aug/2024:20:01:58 +0000] "GET /profiles/friends?friendStatus=requesting HTTP/1.1" 304 - "http://localhost:4200/" "Mozilla/5.0 (iPhone; CPU iPhone OS 16_6 like Mac OS X) AppleWebKit/605.1.15 (KHTML, like Gecko) Version/16.6 Mobile/15E148 Safari/604.1"
::ffff:127.0.0.1 - - [22/Aug/2024:20:01:58 +0000] "GET /recipes/1124022500010028 HTTP/1.1" 200 516 "-" "axios/1.4.0"
::1 - - [22/Aug/2024:20:01:58 +0000] "GET /profiles/followers HTTP/1.1" 304 - "http://localhost:4200/" "Mozilla/5.0 (iPhone; CPU iPhone OS 16_6 like Mac OS X) AppleWebKit/605.1.15 (KHTML, like Gecko) Version/16.6 Mobile/15E148 Safari/604.1"
::1 - - [22/Aug/2024:20:01:58 +0000] "GET /profiles/ HTTP/1.1" 304 - "http://localhost:4200/" "Mozilla/5.0 (iPhone; CPU iPhone OS 16_6 like Mac OS X) AppleWebKit/605.1.15 (KHTML, like Gecko) Version/16.6 Mobile/15E148 Safari/604.1"
::1 - - [22/Aug/2024:20:01:58 +0000] "GET /profiles/following HTTP/1.1" 304 - "http://localhost:4200/" "Mozilla/5.0 (iPhone; CPU iPhone OS 16_6 like Mac OS X) AppleWebKit/605.1.15 (KHTML, like Gecko) Version/16.6 Mobile/15E148 Safari/604.1"
::1 - - [22/Aug/2024:20:01:58 +0000] "GET /shopping/lists HTTP/1.1" 304 - "http://localhost:4200/" "Mozilla/5.0 (iPhone; CPU iPhone OS 16_6 like Mac OS X) AppleWebKit/605.1.15 (KHTML, like Gecko) Version/16.6 Mobile/15E148 Safari/604.1"
::1 - - [22/Aug/2024:20:01:58 +0000] "GET /shopping/lists/shared HTTP/1.1" 304 - "http://localhost:4200/" "Mozilla/5.0 (iPhone; CPU iPhone OS 16_6 like Mac OS X) AppleWebKit/605.1.15 (KHTML, like Gecko) Version/16.6 Mobile/15E148 Safari/604.1"
::1 - - [22/Aug/2024:20:01:58 +0000] "GET /shopping/listRecipes HTTP/1.1" 304 - "http://localhost:4200/" "Mozilla/5.0 (iPhone; CPU iPhone OS 16_6 like Mac OS X) AppleWebKit/605.1.15 (KHTML, like Gecko) Version/16.6 Mobile/15E148 Safari/604.1"
::1 - - [22/Aug/2024:20:01:58 +0000] "GET /profiles/friends?friendStatus=confirmed HTTP/1.1" 304 - "http://localhost:4200/" "Mozilla/5.0 (iPhone; CPU iPhone OS 16_6 like Mac OS X) AppleWebKit/605.1.15 (KHTML, like Gecko) Version/16.6 Mobile/15E148 Safari/604.1"
::ffff:127.0.0.1 - - [22/Aug/2024:20:01:59 +0000] "GET /profiles?userID=a525810e-5531-4f97-95a4-39a082f7416b HTTP/1.1" 200 87395 "-" "axios/1.4.0"
::1 - - [22/Aug/2024:20:01:59 +0000] "GET /recipes/subscriptions HTTP/1.1" 304 - "http://localhost:4200/" "Mozilla/5.0 (iPhone; CPU iPhone OS 16_6 like Mac OS X) AppleWebKit/605.1.15 (KHTML, like Gecko) Version/16.6 Mobile/15E148 Safari/604.1"
::1 - - [22/Aug/2024:20:01:59 +0000] "POST /profiles/loaded/4225b995-4211-40ef-aa35-c5f8b70eaa97 HTTP/1.1" 200 - "http://localhost:4200/" "Mozilla/5.0 (iPhone; CPU iPhone OS 16_6 like Mac OS X) AppleWebKit/605.1.15 (KHTML, like Gecko) Version/16.6 Mobile/15E148 Safari/604.1"
::ffff:127.0.0.1 - - [22/Aug/2024:20:01:59 +0000] "POST /logs/user HTTP/1.1" 200 30 "-" "axios/1.4.0"
::1 - - [22/Aug/2024:20:03:47 +0000] "GET /ingredients HTTP/1.1" 304 - "http://localhost:4200/" "Mozilla/5.0 (iPhone; CPU iPhone OS 16_6 like Mac OS X) AppleWebKit/605.1.15 (KHTML, like Gecko) Version/16.6 Mobile/15E148 Safari/604.1"
::1 - - [22/Aug/2024:20:03:47 +0000] "GET /tools HTTP/1.1" 304 - "http://localhost:4200/" "Mozilla/5.0 (iPhone; CPU iPhone OS 16_6 like Mac OS X) AppleWebKit/605.1.15 (KHTML, like Gecko) Version/16.6 Mobile/15E148 Safari/604.1"
::1 - - [22/Aug/2024:20:03:47 +0000] "GET /ingredientStocks HTTP/1.1" 304 - "http://localhost:4200/" "Mozilla/5.0 (iPhone; CPU iPhone OS 16_6 like Mac OS X) AppleWebKit/605.1.15 (KHTML, like Gecko) Version/16.6 Mobile/15E148 Safari/604.1"
::1 - - [22/Aug/2024:20:03:47 +0000] "GET /recipes HTTP/1.1" 304 - "http://localhost:4200/" "Mozilla/5.0 (iPhone; CPU iPhone OS 16_6 like Mac OS X) AppleWebKit/605.1.15 (KHTML, like Gecko) Version/16.6 Mobile/15E148 Safari/604.1"
::1 - - [22/Aug/2024:20:03:47 +0000] "GET /toolStocks HTTP/1.1" 304 - "http://localhost:4200/" "Mozilla/5.0 (iPhone; CPU iPhone OS 16_6 like Mac OS X) AppleWebKit/605.1.15 (KHTML, like Gecko) Version/16.6 Mobile/15E148 Safari/604.1"
::1 - - [22/Aug/2024:20:03:48 +0000] "GET /messages HTTP/1.1" 304 - "http://localhost:4200/" "Mozilla/5.0 (iPhone; CPU iPhone OS 16_6 like Mac OS X) AppleWebKit/605.1.15 (KHTML, like Gecko) Version/16.6 Mobile/15E148 Safari/604.1"
::1 - - [22/Aug/2024:20:03:48 +0000] "GET /recipes/categories HTTP/1.1" 304 - "http://localhost:4200/" "Mozilla/5.0 (iPhone; CPU iPhone OS 16_6 like Mac OS X) AppleWebKit/605.1.15 (KHTML, like Gecko) Version/16.6 Mobile/15E148 Safari/604.1"
::1 - - [22/Aug/2024:20:03:48 +0000] "GET /tools/recipe HTTP/1.1" 304 - "http://localhost:4200/" "Mozilla/5.0 (iPhone; CPU iPhone OS 16_6 like Mac OS X) AppleWebKit/605.1.15 (KHTML, like Gecko) Version/16.6 Mobile/15E148 Safari/604.1"
::1 - - [22/Aug/2024:20:03:48 +0000] "GET /ingredients/recipe HTTP/1.1" 304 - "http://localhost:4200/" "Mozilla/5.0 (iPhone; CPU iPhone OS 16_6 like Mac OS X) AppleWebKit/605.1.15 (KHTML, like Gecko) Version/16.6 Mobile/15E148 Safari/604.1"
::ffff:127.0.0.1 - - [22/Aug/2024:20:03:48 +0000] "GET /recipes/1124022400010010 HTTP/1.1" 200 451 "-" "axios/1.4.0"
::1 - - [22/Aug/2024:20:03:48 +0000] "GET /recipes/discover HTTP/1.1" 304 - "http://localhost:4200/" "Mozilla/5.0 (iPhone; CPU iPhone OS 16_6 like Mac OS X) AppleWebKit/605.1.15 (KHTML, like Gecko) Version/16.6 Mobile/15E148 Safari/604.1"
::1 - - [22/Aug/2024:20:03:48 +0000] "GET /steps/recipe HTTP/1.1" 304 - "http://localhost:4200/" "Mozilla/5.0 (iPhone; CPU iPhone OS 16_6 like Mac OS X) AppleWebKit/605.1.15 (KHTML, like Gecko) Version/16.6 Mobile/15E148 Safari/604.1"
::1 - - [22/Aug/2024:20:03:48 +0000] "GET /steps HTTP/1.1" 304 - "http://localhost:4200/" "Mozilla/5.0 (iPhone; CPU iPhone OS 16_6 like Mac OS X) AppleWebKit/605.1.15 (KHTML, like Gecko) Version/16.6 Mobile/15E148 Safari/604.1"
::1 - - [22/Aug/2024:20:03:48 +0000] "GET /persons/friendships HTTP/1.1" 304 - "http://localhost:4200/" "Mozilla/5.0 (iPhone; CPU iPhone OS 16_6 like Mac OS X) AppleWebKit/605.1.15 (KHTML, like Gecko) Version/16.6 Mobile/15E148 Safari/604.1"
::1 - - [22/Aug/2024:20:03:48 +0000] "GET /persons/followships HTTP/1.1" 304 - "http://localhost:4200/" "Mozilla/5.0 (iPhone; CPU iPhone OS 16_6 like Mac OS X) AppleWebKit/605.1.15 (KHTML, like Gecko) Version/16.6 Mobile/15E148 Safari/604.1"
::1 - - [22/Aug/2024:20:03:48 +0000] "GET /persons/followships/followers HTTP/1.1" 304 - "http://localhost:4200/" "Mozilla/5.0 (iPhone; CPU iPhone OS 16_6 like Mac OS X) AppleWebKit/605.1.15 (KHTML, like Gecko) Version/16.6 Mobile/15E148 Safari/604.1"
::1 - - [22/Aug/2024:20:03:48 +0000] "GET /profiles/friends?friendStatus=receivedRequest HTTP/1.1" 304 - "http://localhost:4200/" "Mozilla/5.0 (iPhone; CPU iPhone OS 16_6 like Mac OS X) AppleWebKit/605.1.15 (KHTML, like Gecko) Version/16.6 Mobile/15E148 Safari/604.1"
::ffff:127.0.0.1 - - [22/Aug/2024:20:03:48 +0000] "GET /profiles?userID=a525810e-5531-4f97-95a4-39a082f7416b HTTP/1.1" 200 87395 "-" "axios/1.4.0"
::1 - - [22/Aug/2024:20:03:48 +0000] "GET /profiles/followers HTTP/1.1" 304 - "http://localhost:4200/" "Mozilla/5.0 (iPhone; CPU iPhone OS 16_6 like Mac OS X) AppleWebKit/605.1.15 (KHTML, like Gecko) Version/16.6 Mobile/15E148 Safari/604.1"
::1 - - [22/Aug/2024:20:03:48 +0000] "GET /profiles/friends?friendStatus=requesting HTTP/1.1" 304 - "http://localhost:4200/" "Mozilla/5.0 (iPhone; CPU iPhone OS 16_6 like Mac OS X) AppleWebKit/605.1.15 (KHTML, like Gecko) Version/16.6 Mobile/15E148 Safari/604.1"
::ffff:127.0.0.1 - - [22/Aug/2024:20:03:48 +0000] "GET /recipes/1124022500010028 HTTP/1.1" 200 516 "-" "axios/1.4.0"
::1 - - [22/Aug/2024:20:03:48 +0000] "GET /profiles/ HTTP/1.1" 304 - "http://localhost:4200/" "Mozilla/5.0 (iPhone; CPU iPhone OS 16_6 like Mac OS X) AppleWebKit/605.1.15 (KHTML, like Gecko) Version/16.6 Mobile/15E148 Safari/604.1"
::1 - - [22/Aug/2024:20:03:48 +0000] "GET /profiles/following HTTP/1.1" 304 - "http://localhost:4200/" "Mozilla/5.0 (iPhone; CPU iPhone OS 16_6 like Mac OS X) AppleWebKit/605.1.15 (KHTML, like Gecko) Version/16.6 Mobile/15E148 Safari/604.1"
::1 - - [22/Aug/2024:20:03:48 +0000] "GET /shopping/lists HTTP/1.1" 304 - "http://localhost:4200/" "Mozilla/5.0 (iPhone; CPU iPhone OS 16_6 like Mac OS X) AppleWebKit/605.1.15 (KHTML, like Gecko) Version/16.6 Mobile/15E148 Safari/604.1"
::1 - - [22/Aug/2024:20:03:48 +0000] "GET /profiles/friends?friendStatus=confirmed HTTP/1.1" 304 - "http://localhost:4200/" "Mozilla/5.0 (iPhone; CPU iPhone OS 16_6 like Mac OS X) AppleWebKit/605.1.15 (KHTML, like Gecko) Version/16.6 Mobile/15E148 Safari/604.1"
::1 - - [22/Aug/2024:20:03:48 +0000] "GET /shopping/lists/shared HTTP/1.1" 304 - "http://localhost:4200/" "Mozilla/5.0 (iPhone; CPU iPhone OS 16_6 like Mac OS X) AppleWebKit/605.1.15 (KHTML, like Gecko) Version/16.6 Mobile/15E148 Safari/604.1"
::1 - - [22/Aug/2024:20:03:48 +0000] "GET /shopping/listRecipes HTTP/1.1" 304 - "http://localhost:4200/" "Mozilla/5.0 (iPhone; CPU iPhone OS 16_6 like Mac OS X) AppleWebKit/605.1.15 (KHTML, like Gecko) Version/16.6 Mobile/15E148 Safari/604.1"
::ffff:127.0.0.1 - - [22/Aug/2024:20:03:49 +0000] "GET /profiles?userID=a525810e-5531-4f97-95a4-39a082f7416b HTTP/1.1" 200 87395 "-" "axios/1.4.0"
::1 - - [22/Aug/2024:20:03:49 +0000] "GET /recipes/subscriptions HTTP/1.1" 304 - "http://localhost:4200/" "Mozilla/5.0 (iPhone; CPU iPhone OS 16_6 like Mac OS X) AppleWebKit/605.1.15 (KHTML, like Gecko) Version/16.6 Mobile/15E148 Safari/604.1"
::1 - - [22/Aug/2024:20:03:49 +0000] "POST /profiles/loaded/4225b995-4211-40ef-aa35-c5f8b70eaa97 HTTP/1.1" 200 - "http://localhost:4200/" "Mozilla/5.0 (iPhone; CPU iPhone OS 16_6 like Mac OS X) AppleWebKit/605.1.15 (KHTML, like Gecko) Version/16.6 Mobile/15E148 Safari/604.1"
::ffff:127.0.0.1 - - [22/Aug/2024:20:03:49 +0000] "POST /logs/user HTTP/1.1" 200 30 "-" "axios/1.4.0"
::1 - - [22/Aug/2024:20:04:04 +0000] "GET /ingredients HTTP/1.1" 304 - "http://localhost:4200/" "Mozilla/5.0 (iPhone; CPU iPhone OS 16_6 like Mac OS X) AppleWebKit/605.1.15 (KHTML, like Gecko) Version/16.6 Mobile/15E148 Safari/604.1"
::1 - - [22/Aug/2024:20:04:04 +0000] "GET /tools HTTP/1.1" 304 - "http://localhost:4200/" "Mozilla/5.0 (iPhone; CPU iPhone OS 16_6 like Mac OS X) AppleWebKit/605.1.15 (KHTML, like Gecko) Version/16.6 Mobile/15E148 Safari/604.1"
::1 - - [22/Aug/2024:20:04:04 +0000] "GET /toolStocks HTTP/1.1" 304 - "http://localhost:4200/" "Mozilla/5.0 (iPhone; CPU iPhone OS 16_6 like Mac OS X) AppleWebKit/605.1.15 (KHTML, like Gecko) Version/16.6 Mobile/15E148 Safari/604.1"
::1 - - [22/Aug/2024:20:04:04 +0000] "GET /ingredientStocks HTTP/1.1" 304 - "http://localhost:4200/" "Mozilla/5.0 (iPhone; CPU iPhone OS 16_6 like Mac OS X) AppleWebKit/605.1.15 (KHTML, like Gecko) Version/16.6 Mobile/15E148 Safari/604.1"
::1 - - [22/Aug/2024:20:04:04 +0000] "GET /recipes HTTP/1.1" 304 - "http://localhost:4200/" "Mozilla/5.0 (iPhone; CPU iPhone OS 16_6 like Mac OS X) AppleWebKit/605.1.15 (KHTML, like Gecko) Version/16.6 Mobile/15E148 Safari/604.1"
::1 - - [22/Aug/2024:20:04:04 +0000] "GET /recipes/categories HTTP/1.1" 304 - "http://localhost:4200/" "Mozilla/5.0 (iPhone; CPU iPhone OS 16_6 like Mac OS X) AppleWebKit/605.1.15 (KHTML, like Gecko) Version/16.6 Mobile/15E148 Safari/604.1"
::1 - - [22/Aug/2024:20:04:04 +0000] "GET /messages HTTP/1.1" 304 - "http://localhost:4200/" "Mozilla/5.0 (iPhone; CPU iPhone OS 16_6 like Mac OS X) AppleWebKit/605.1.15 (KHTML, like Gecko) Version/16.6 Mobile/15E148 Safari/604.1"
::1 - - [22/Aug/2024:20:04:04 +0000] "GET /ingredients/recipe HTTP/1.1" 304 - "http://localhost:4200/" "Mozilla/5.0 (iPhone; CPU iPhone OS 16_6 like Mac OS X) AppleWebKit/605.1.15 (KHTML, like Gecko) Version/16.6 Mobile/15E148 Safari/604.1"
::1 - - [22/Aug/2024:20:04:04 +0000] "GET /tools/recipe HTTP/1.1" 304 - "http://localhost:4200/" "Mozilla/5.0 (iPhone; CPU iPhone OS 16_6 like Mac OS X) AppleWebKit/605.1.15 (KHTML, like Gecko) Version/16.6 Mobile/15E148 Safari/604.1"
::1 - - [22/Aug/2024:20:04:04 +0000] "GET /recipes/discover HTTP/1.1" 304 - "http://localhost:4200/" "Mozilla/5.0 (iPhone; CPU iPhone OS 16_6 like Mac OS X) AppleWebKit/605.1.15 (KHTML, like Gecko) Version/16.6 Mobile/15E148 Safari/604.1"
::ffff:127.0.0.1 - - [22/Aug/2024:20:04:04 +0000] "GET /recipes/1124022400010010 HTTP/1.1" 200 451 "-" "axios/1.4.0"
::1 - - [22/Aug/2024:20:04:04 +0000] "GET /steps/recipe HTTP/1.1" 304 - "http://localhost:4200/" "Mozilla/5.0 (iPhone; CPU iPhone OS 16_6 like Mac OS X) AppleWebKit/605.1.15 (KHTML, like Gecko) Version/16.6 Mobile/15E148 Safari/604.1"
::1 - - [22/Aug/2024:20:04:04 +0000] "GET /steps HTTP/1.1" 304 - "http://localhost:4200/" "Mozilla/5.0 (iPhone; CPU iPhone OS 16_6 like Mac OS X) AppleWebKit/605.1.15 (KHTML, like Gecko) Version/16.6 Mobile/15E148 Safari/604.1"
::1 - - [22/Aug/2024:20:04:04 +0000] "GET /persons/followships/followers HTTP/1.1" 304 - "http://localhost:4200/" "Mozilla/5.0 (iPhone; CPU iPhone OS 16_6 like Mac OS X) AppleWebKit/605.1.15 (KHTML, like Gecko) Version/16.6 Mobile/15E148 Safari/604.1"
::1 - - [22/Aug/2024:20:04:04 +0000] "GET /persons/friendships HTTP/1.1" 304 - "http://localhost:4200/" "Mozilla/5.0 (iPhone; CPU iPhone OS 16_6 like Mac OS X) AppleWebKit/605.1.15 (KHTML, like Gecko) Version/16.6 Mobile/15E148 Safari/604.1"
::1 - - [22/Aug/2024:20:04:04 +0000] "GET /persons/followships HTTP/1.1" 304 - "http://localhost:4200/" "Mozilla/5.0 (iPhone; CPU iPhone OS 16_6 like Mac OS X) AppleWebKit/605.1.15 (KHTML, like Gecko) Version/16.6 Mobile/15E148 Safari/604.1"
::1 - - [22/Aug/2024:20:04:05 +0000] "GET /profiles/friends?friendStatus=receivedRequest HTTP/1.1" 304 - "http://localhost:4200/" "Mozilla/5.0 (iPhone; CPU iPhone OS 16_6 like Mac OS X) AppleWebKit/605.1.15 (KHTML, like Gecko) Version/16.6 Mobile/15E148 Safari/604.1"
